215.5.21.54 - - [10/Mar/2022:11:51:51 -0500] "GET /Grass-roots_application HTTP/1.1" 404 71 "-" "Opera/10.46 (X11; Linux i686; en-US) Presto/2.8.209 Version/11.00"
221.100.53.108 - - [10/Mar/2022:11:51:52 -0500] "PATCH /stable-ability/transitional-client-server-Graphic%20Interface HTTP/1.1" 200 1126 "-" "Mozilla/5.0 (X11; Linux x86_64) AppleWebKit/5331 (KHTML, like Gecko) Chrome/36.0.821.0 Mobile Safari/5331"
154.63.201.152 - - [10/Mar/2022:11:51:53 -0500] "GET /login HTTP/1.1" 200 1723 "-" "Mozilla/5.0 (Macintosh; U; PPC Mac OS X 10_7_4) AppleWebKit/5361 (KHTML, like Gecko) Chrome/39.0.801.0 Mobile Safari/5361"
140.85.152.154 - - [10/Mar/2022:11:51:54 -0500] "GET /login HTTP/1.1" 302 108 "-" "Opera/8.42 (X11; Linux i686; en-US) Presto/2.9.198 Version/13.00"
154.63.201.152 - - [10/Mar/2022:11:51:55 -0500] "PATCH /anotherNonSensitiveAction HTTP/1.1" 200 1156 "-" "Opera/9.10 (Macintosh; U; Intel Mac OS X 10_7_1; en-US) Presto/2.13.296 Version/10.00"
154.63.201.152 - - [10/Mar/2022:11:51:56 -0500] "DELETE /explicit HTTP/1.1" 200 2886 "-" "Mozilla/5.0 (X11; Linux x86_64) AppleWebKit/5321 (KHTML, like Gecko) Chrome/39.0.890.0 Mobile Safari/5321"
215.5.21.54 - - [10/Mar/2022:11:51:57 -0500] "GET /sensitiveAction HTTP/1.1" 200 2503 "-" "Mozilla/5.0 (Windows; U; Windows NT 4.0) AppleWebKit/531.38.5 (KHTML, like Gecko) Version/6.1 Safari/531.38.5"
140.85.152.154 - - [10/Mar/2022:11:51:58 -0500] "DELETE /full-range%20Graphical%20User%20Interface HTTP/1.1" 200 2377 "-" "Mozilla/5.0 (X11; Linux i686; rv:8.0) Gecko/2022-30-06 Firefox/35.0"
215.5.21.54 - - [10/Mar/2022:11:51:59 -0500] "GET /zero%20administration/pricing%20structure/Open-source/Versatile/Triple-buffered HTTP/1.1" 200 2477 "-" "Mozilla/5.0 (X11; Linux i686) AppleWebKit/5310 (KHTML, like Gecko) Chrome/38.0.867.0 Mobile Safari/5310"
140.85.152.154 - - [10/Mar/2022:11:52:00 -0500] "GET /sensitiveAction HTTP/1.1" 302 43 "-" "Mozilla/5.0 (X11; Linux i686; rv:7.0) Gecko/1948-10-10 Firefox/36.0"
100.200.6.35 - - [10/Mar/2022:11:52:01 -0500] "POST /product/functionalities HTTP/1.1" 200 1805 "-" "Mozilla/5.0 (Macintosh; PPC Mac OS X 10_5_2 rv:5.0; en-US) AppleWebKit/532.16.5 (KHTML, like Gecko) Version/5.1 Safari/532.16.5"
100.200.6.35 - - [10/Mar/2022:11:52:02 -0500] "GET /coherent HTTP/1.1" 200 1568 "-" "Mozilla/5.0 (Windows NT 5.01) AppleWebKit/5351 (KHTML, like Gecko) Chrome/37.0.894.0 Mobile Safari/5351"
154.63.201.152 - - [10/Mar/2022:11:52:03 -0500] "GET /login HTTP/1.1" 200 2632 "-" "Mozilla/5.0 (X11; Linux i686) AppleWebKit/5310 (KHTML, like Gecko) Chrome/36.0.861.0 Mobile Safari/5310"
100.200.6.35 - - [10/Mar/2022:11:52:04 -0500] "HEAD /anotherNonSensitiveAction HTTP/1.1" 200 2516 "-" "Mozilla/5.0 (X11; Linux x86_64) AppleWebKit/5311 (KHTML, like Gecko) Chrome/37.0.883.0 Mobile Safari/5311"
221.100.53.108 - - [10/Mar/2022:11:52:05 -0500] "HEAD /nonSensitiveAction HTTP/1.1" 200 2450 "-" "Mozilla/5.0 (Windows NT 5.2; en-US; rv:1.9.0.20) Gecko/1968-29-03 Firefox/36.0"
154.63.201.152 - - [10/Mar/2022:11:52:06 -0500] "DELETE /circuit-projection-initiative_Virtual-regional HTTP/1.1" 200 1490 "-" "Mozilla/5.0 (X11; Linux i686; rv:8.0) Gecko/1944-12-03 Firefox/37.0"
140.85.152.154 - - [10/Mar/2022:11:52:07 -0500] "GET /Multi-layered-web-enabled HTTP/1.1" 400 55 "-" "Mozilla/5.0 (X11; Linux i686) AppleWebKit/5342 (KHTML, like Gecko) Chrome/40.0.814.0 Mobile Safari/5342"
140.85.152.154 - - [10/Mar/2022:11:52:08 -0500] "PATCH /anotherNonSensitiveAction HTTP/1.1" 400 104 "-" "Mozilla/5.0 (X11; Linux x86_64) AppleWebKit/5340 (KHTML, like Gecko) Chrome/38.0.871.0 Mobile Safari/5340"
154.63.201.152 - - [10/Mar/2022:11:52:09 -0500] "GET /Upgradable-knowledge%20user-attitude-oriented/Monitored HTTP/1.1" 200 867 "-" "Mozilla/5.0 (Windows; U; Windows NT 5.01) AppleWebKit/534.33.2 (KHTML, like Gecko) Version/6.1 Safari/534.33.2"
221.100.53.108 - - [10/Mar/2022:11:52:10 -0500] "GET /login HTTP/1.1" 200 2816 "-" "Mozilla/5.0 (Macintosh; U; PPC Mac OS X 10_7_6 rv:4.0; en-US) AppleWebKit/532.25.3 (KHTML, like Gecko) Version/6.2 Safari/532.25.3"
140.85.152.154 - - [10/Mar/2022:11:52:11 -0500] "GET /Inverse-Cross-group HTTP/1.1" 200 1705 "-" "Opera/9.90 (X11; Linux i686; en-US) Presto/2.12.259 Version/13.00"
140.85.152.154 - - [10/Mar/2022:11:52:12 -0500] "GET /nonSensitiveAction HTTP/1.1" 301 49 "-" "Mozilla/5.0 (X11; Linux i686; rv:8.0) Gecko/1920-06-12 Firefox/36.0"
100.200.6.35 - - [10/Mar/2022:11:52:13 -0500] "GET /Horizontal-foreground/Organic/Synchronised HTTP/1.1" 200 921 "-" "Mozilla/5.0 (Macintosh; U; Intel Mac OS X 10_6_7) AppleWebKit/5361 (KHTML, like Gecko) Chrome/38.0.835.0 Mobile Safari/5361"
100.200.6.35 - - [10/Mar/2022:11:52:14 -0500] "GET /login HTTP/1.1" 200 2983 "-" "Opera/8.34 (Windows NT 5.0; en-US) Presto/2.13.331 Version/12.00"
221.100.53.108 - - [10/Mar/2022:11:52:15 -0500] "GET /sensitiveAction HTTP/1.1" 301 116 "-" "Mozilla/5.0 (X11; Linux i686) AppleWebKit/5340 (KHTML, like Gecko) Chrome/40.0.827.0 Mobile Safari/5340"
100.200.6.35 - - [10/Mar/2022:11:52:16 -0500] "GET /nonSensitiveAction HTTP/1.1" 200 1349 "-" "Mozilla/5.0 (iPhone; CPU iPhone OS 7_3_3 like Mac OS X; en-US) AppleWebKit/531.29.2 (KHTML, like Gecko) Version/3.0.5 Mobile/8B113 Safari/6531.29.2"
140.85.152.154 - - [10/Mar/2022:11:52:17 -0500] "GET /Multi-layered-motivating%20encoding-open%20architecture/local%20area%20network HTTP/1.1" 200 2661 "-" "Mozilla/5.0 (Macintosh; U; Intel Mac OS X 10_6_6) AppleWebKit/5330 (KHTML, like Gecko) Chrome/36.0.838.0 Mobile Safari/5330"
140.85.152.154 - - [10/Mar/2022:11:52:18 -0500] "GET /Polarised/orchestration%20Innovative-object-oriented/content-based HTTP/1.1" 302 85 "-" "Mozilla/5.0 (X11; Linux x86_64) AppleWebKit/5312 (KHTML, like Gecko) Chrome/39.0.840.0 Mobile Safari/5312"
221.100.53.108 - - [10/Mar/2022:11:52:19 -0500] "POST /radical HTTP/1.1" 301 39 "-" "Mozilla/5.0 (Windows NT 6.2) AppleWebKit/5311 (KHTML, like Gecko) Chrome/38.0.890.0 Mobile Safari/5311"
221.100.53.108 - - [10/Mar/2022:11:52:20 -0500] "GET /Cloned-software/superstructure_full-range/hybrid HTTP/1.1" 200 2343 "-" "Mozilla/5.0 (Macintosh; U; Intel Mac OS X 10_9_9) AppleWebKit/5351 (KHTML, like Gecko) Chrome/40.0.875.0 Mobile Safari/5351"
100.200.6.35 - - [10/Mar/2022:11:52:21 -0500] "GET /nonSensitiveAction HTTP/1.1" 200 3060 "-" "Mozilla/5.0 (Windows NT 6.1; en-US; rv:1.9.0.20) Gecko/2008-23-06 Firefox/37.0"
215.5.21.54 - - [10/Mar/2022:11:52:22 -0500] "GET /nonSensitiveAction HTTP/1.1" 301 39 "-" "Mozilla/5.0 (Windows 95; en-US; rv:1.9.3.20) Gecko/1989-03-11 Firefox/36.0"
100.200.6.35 - - [10/Mar/2022:11:52:23 -0500] "HEAD /nonSensitiveAction HTTP/1.1" 200 1482 "-" "Mozilla/5.0 (Windows; U; Windows NT 5.1) AppleWebKit/535.9.7 (KHTML, like Gecko) Version/5.0 Safari/535.9.7"
154.63.201.152 - - [10/Mar/2022:11:52:24 -0500] "POST /login HTTP/1.1" 200 2330 "-" "Opera/10.62 (Macintosh; Intel Mac OS X 10_7_0; en-US) Presto/2.12.294 Version/12.00"
215.5.21.54 - - [10/Mar/2022:11:52:25 -0500] "DELETE /analyzer/real-time/benchmark-Secured/frame HTTP/1.1" 200 1255 "-" "Mozilla/5.0 (Windows NT 6.2; en-US; rv:1.9.2.20) Gecko/1928-07-11 Firefox/35.0"
221.100.53.108 - - [10/Mar/2022:11:52:26 -0500] "POST /sensitiveAction HTTP/1.1" 200 1115 "-" "Mozilla/5.0 (Windows NT 6.2) AppleWebKit/5351 (KHTML, like Gecko) Chrome/39.0.861.0 Mobile Safari/5351"
100.200.6.35 - - [10/Mar/2022:11:52:27 -0500] "HEAD /nonSensitiveAction HTTP/1.1" 500 80 "-" "Mozilla/5.0 (X11; Linux i686) AppleWebKit/5332 (KHTML, like Gecko) Chrome/40.0.888.0 Mobile Safari/5332"
140.85.152.154 - - [10/Mar/2022:11:52:28 -0500] "POST /attitude-oriented%20firmware%20Visionary-Triple-buffered HTTP/1.1" 200 2360 "-" "Mozilla/5.0 (Macintosh; U; Intel Mac OS X 10_5_2 rv:4.0) Gecko/1970-13-09 Firefox/37.0"
140.85.152.154 - - [10/Mar/2022:11:52:29 -0500] "GET /nonSensitiveAction HTTP/1.1" 200 2193 "-" "Mozilla/5.0 (Windows NT 5.2) AppleWebKit/5322 (KHTML, like Gecko) Chrome/38.0.894.0 Mobile Safari/5322"
154.63.201.152 - - [10/Mar/2022:11:52:30 -0500] "GET /optimal/directional_Switchable_multi-state-next%20generation HTTP/1.1" 200 988 "-" "Mozilla/5.0 (Macintosh; U; PPC Mac OS X 10_8_10) AppleWebKit/5360 (KHTML, like Gecko) Chrome/36.0.834.0 Mobile Safari/5360"
221.100.53.108 - - [10/Mar/2022:11:52:31 -0500] "GET /multimedia/interface/Digitized%20parallelism/framework HTTP/1.1" 200 1628 "-" "Mozilla/5.0 (X11; Linux i686; rv:8.0) Gecko/1929-21-06 Firefox/37.0"
154.63.201.152 - - [10/Mar/2022:11:52:32 -0500] "HEAD /open%20system-neural-net HTTP/1.1" 200 1253 "-" "Mozilla/5.0 (Windows 95; en-US; rv:1.9.1.20) Gecko/2000-09-01 Firefox/37.0"
154.63.201.152 - - [10/Mar/2022:11:52:33 -0500] "DELETE /Adaptive HTTP/1.1" 200 2978 "-" "Mozilla/5.0 (X11; Linux i686) AppleWebKit/5312 (KHTML, like Gecko) Chrome/36.0.822.0 Mobile Safari/5312"
154.63.201.152 - - [10/Mar/2022:11:52:34 -0500] "GET /Horizontal%20capability/adapter%20productivity HTTP/1.1" 200 2940 "-" "Mozilla/5.0 (Macintosh; U; PPC Mac OS X 10_8_7 rv:6.0) Gecko/2010-02-09 Firefox/35.0"
221.100.53.108 - - [10/Mar/2022:11:52:35 -0500] "GET /anotherNonSensitiveAction HTTP/1.1" 302 88 "-" "Opera/8.40 (X11; Linux x86_64; en-US) Presto/2.9.191 Version/11.00"
215.5.21.54 - - [10/Mar/2022:11:52:36 -0500] "GET /anotherNonSensitiveAction HTTP/1.1" 200 2177 "-" "Opera/10.23 (Windows NT 4.0; en-US) Presto/2.10.296 Version/10.00"
215.5.21.54 - - [10/Mar/2022:11:52:37 -0500] "GET /concept%20portal/Multi-channelled HTTP/1.1" 200 1939 "-" "Mozilla/5.0 (Windows; U; Windows NT 5.2) AppleWebKit/536.17.8 (KHTML, like Gecko) Version/6.2 Safari/536.17.8"
140.85.152.154 - - [10/Mar/2022:11:52:38 -0500] "PATCH /sensitiveAction HTTP/1.1" 200 1870 "-" "Opera/9.21 (X11; Linux x86_64; en-US) Presto/2.11.318 Version/11.00"
100.200.6.35 - - [10/Mar/2022:11:52:39 -0500] "GET /Cross-group HTTP/1.1" 200 1048 "-" "Mozilla/5.0 (X11; Linux x86_64) AppleWebKit/5342 (KHTML, like Gecko) Chrome/38.0.809.0 Mobile Safari/5342"
140.85.152.154 - - [10/Mar/2022:11:52:40 -0500] "GET /secondary HTTP/1.1" 200 2295 "-" "Mozilla/5.0 (X11; Linux i686) AppleWebKit/5350 (KHTML, like Gecko) Chrome/37.0.899.0 Mobile Safari/5350"
154.63.201.152 - - [10/Mar/2022:11:52:41 -0500] "GET /architecture/solution-oriented/matrix HTTP/1.1" 200 2095 "-" "Mozilla/5.0 (X11; Linux i686) AppleWebKit/5351 (KHTML, like Gecko) Chrome/39.0.841.0 Mobile Safari/5351"
221.100.53.108 - - [10/Mar/2022:11:52:42 -0500] "HEAD /anotherNonSensitiveAction HTTP/1.1" 200 2286 "-" "Mozilla/5.0 (X11; Linux x86_64) AppleWebKit/5352 (KHTML, like Gecko) Chrome/39.0.891.0 Mobile Safari/5352"
221.100.53.108 - - [10/Mar/2022:11:52:43 -0500] "POST /anotherNonSensitiveAction HTTP/1.1" 200 2348 "-" "Mozilla/5.0 (X11; Linux x86_64) AppleWebKit/5350 (KHTML, like Gecko) Chrome/39.0.802.0 Mobile Safari/5350"
221.100.53.108 - - [10/Mar/2022:11:52:44 -0500] "PATCH /nonSensitiveAction HTTP/1.1" 200 987 "-" "Opera/9.35 (X11; Linux x86_64; en-US) Presto/2.11.236 Version/13.00"
154.63.201.152 - - [10/Mar/2022:11:52:45 -0500] "GET /user-facing/tertiary HTTP/1.1" 200 1517 "-" "Mozilla/5.0 (X11; Linux x86_64; rv:8.0) Gecko/2018-05-09 Firefox/36.0"
140.85.152.154 - - [10/Mar/2022:11:52:46 -0500] "DELETE /Fully-configurable-maximized_architecture HTTP/1.1" 200 1919 "-" "Mozilla/5.0 (Windows 95) AppleWebKit/5321 (KHTML, like Gecko) Chrome/39.0.851.0 Mobile Safari/5321"
140.85.152.154 - - [10/Mar/2022:11:52:47 -0500] "DELETE /Open-source HTTP/1.1" 200 1368 "-" "Mozilla/5.0 (X11; Linux i686; rv:7.0) Gecko/1922-31-12 Firefox/36.0"
140.85.152.154 - - [10/Mar/2022:11:52:48 -0500] "GET /Virtual/4th%20generation/Polarised%20heuristic HTTP/1.1" 302 41 "-" "Mozilla/5.0 (Macintosh; PPC Mac OS X 10_6_7) AppleWebKit/5322 (KHTML, like Gecko) Chrome/39.0.868.0 Mobile Safari/5322"
215.5.21.54 - - [10/Mar/2022:11:52:49 -0500] "GET /Cross-group/throughput-ability HTTP/1.1" 200 880 "-" "Mozilla/5.0 (X11; Linux x86_64; rv:6.0) Gecko/1986-31-12 Firefox/36.0"
140.85.152.154 - - [10/Mar/2022:11:52:50 -0500] "GET /anotherNonSensitiveAction HTTP/1.1" 200 832 "-" "Mozilla/5.0 (X11; Linux x86_64) AppleWebKit/5341 (KHTML, like Gecko) Chrome/36.0.820.0 Mobile Safari/5341"
100.200.6.35 - - [10/Mar/2022:11:52:51 -0500] "PUT /anotherNonSensitiveAction HTTP/1.1" 200 831 "-" "Mozilla/5.0 (Windows NT 5.01) AppleWebKit/5332 (KHTML, like Gecko) Chrome/37.0.870.0 Mobile Safari/5332"
221.100.53.108 - - [10/Mar/2022:11:52:52 -0500] "GET /Advanced-application_instruction%20set-flexibility-Managed HTTP/1.1" 200 1374 "-" "Mozilla/5.0 (Macintosh; U; PPC Mac OS X 10_6_0 rv:3.0) Gecko/1969-03-07 Firefox/35.0"
221.100.53.108 - - [10/Mar/2022:11:52:53 -0500] "GET /anotherNonSensitiveAction HTTP/1.1" 200 1438 "-" "Mozilla/5.0 (Macintosh; U; Intel Mac OS X 10_5_0) AppleWebKit/5342 (KHTML, like Gecko) Chrome/36.0.825.0 Mobile Safari/5342"
221.100.53.108 - - [10/Mar/2022:11:52:54 -0500] "GET /anotherNonSensitiveAction HTTP/1.1" 200 1177 "-" "Mozilla/5.0 (Macintosh; U; Intel Mac OS X 10_7_0 rv:4.0) Gecko/1906-06-10 Firefox/35.0"
140.85.152.154 - - [10/Mar/2022:11:52:55 -0500] "GET /infrastructure HTTP/1.1" 200 1509 "-" "Mozilla/5.0 (Windows NT 4.0) AppleWebKit/5361 (KHTML, like Gecko) Chrome/38.0.880.0 Mobile Safari/5361"
154.63.201.152 - - [10/Mar/2022:11:52:56 -0500] "PATCH /solution/Quality-focused/Robust HTTP/1.1" 200 1155 "-" "Opera/9.41 (Macintosh; U; PPC Mac OS X 10_6_3; en-US) Presto/2.9.342 Version/13.00"
215.5.21.54 - - [10/Mar/2022:11:52:57 -0500] "PUT /nonSensitiveAction HTTP/1.1" 200 2132 "-" "Mozilla/5.0 (X11; Linux x86_64) AppleWebKit/5320 (KHTML, like Gecko) Chrome/38.0.875.0 Mobile Safari/5320"
140.85.152.154 - - [10/Mar/2022:11:52:58 -0500] "GET /pricing%20structure_Realigned-leverage HTTP/1.1" 200 2244 "-" "Opera/10.34 (X11; Linux i686; en-US) Presto/2.11.355 Version/10.00"
154.63.201.152 - - [10/Mar/2022:11:52:59 -0500] "GET /login HTTP/1.1" 200 1035 "-" "Opera/9.95 (Macintosh; Intel Mac OS X 10_7_9; en-US) Presto/2.11.201 Version/12.00"
100.200.6.35 - - [10/Mar/2022:11:53:00 -0500] "GET /intranet/solution-oriented HTTP/1.1" 200 2940 "-" "Opera/9.89 (Macintosh; PPC Mac OS X 10_8_7; en-US) Presto/2.13.275 Version/12.00"
100.200.6.35 - - [10/Mar/2022:11:53:01 -0500] "GET /Horizontal-hierarchy-internet%20solution HTTP/1.1" 200 2050 "-" "Mozilla/5.0 (X11; Linux i686) AppleWebKit/5321 (KHTML, like Gecko) Chrome/38.0.837.0 Mobile Safari/5321"
100.200.6.35 - - [10/Mar/2022:11:53:02 -0500] "GET /sensitiveAction HTTP/1.1" 200 2196 "-" "Mozilla/5.0 (Windows 98) AppleWebKit/5330 (KHTML, like Gecko) Chrome/40.0.857.0 Mobile Safari/5330"
100.200.6.35 - - [10/Mar/2022:11:53:03 -0500] "GET /login HTTP/1.1" 200 2848 "-" "Mozilla/5.0 (Windows 95) AppleWebKit/5352 (KHTML, like Gecko) Chrome/39.0.817.0 Mobile Safari/5352"
154.63.201.152 - - [10/Mar/2022:11:53:04 -0500] "GET /nonSensitiveAction HTTP/1.1" 302 48 "-" "Mozilla/5.0 (Macintosh; PPC Mac OS X 10_6_10 rv:4.0) Gecko/1976-27-04 Firefox/37.0"
215.5.21.54 - - [10/Mar/2022:11:53:05 -0500] "GET /bottom-line-strategy HTTP/1.1" 200 1739 "-" "Mozilla/5.0 (iPhone; CPU iPhone OS 8_3_3 like Mac OS X; en-US) AppleWebKit/533.22.2 (KHTML, like Gecko) Version/4.0.5 Mobile/8B117 Safari/6533.22.2"
100.200.6.35 - - [10/Mar/2022:11:53:06 -0500] "GET /alliance HTTP/1.1" 500 84 "-" "Opera/9.11 (X11; Linux i686; en-US) Presto/2.10.190 Version/10.00"
100.200.6.35 - - [10/Mar/2022:11:53:07 -0500] "GET /matrices HTTP/1.1" 200 1159 "-" "Mozilla/5.0 (Windows CE; en-US; rv:1.9.0.20) Gecko/2002-04-07 Firefox/37.0"
140.85.152.154 - - [10/Mar/2022:11:53:08 -0500] "GET /nonSensitiveAction HTTP/1.1" 200 2243 "-" "Mozilla/5.0 (X11; Linux x86_64) AppleWebKit/5340 (KHTML, like Gecko) Chrome/40.0.808.0 Mobile Safari/5340"
140.85.152.154 - - [10/Mar/2022:11:53:09 -0500] "GET /nonSensitiveAction HTTP/1.1" 200 922 "-" "Mozilla/5.0 (X11; Linux x86_64) AppleWebKit/5331 (KHTML, like Gecko) Chrome/37.0.861.0 Mobile Safari/5331"
221.100.53.108 - - [10/Mar/2022:11:53:10 -0500] "GET /sensitiveAction HTTP/1.1" 400 107 "-" "Mozilla/5.0 (Windows; U; Windows NT 4.0) AppleWebKit/535.14.8 (KHTML, like Gecko) Version/6.1 Safari/535.14.8"
154.63.201.152 - - [10/Mar/2022:11:53:11 -0500] "PUT /nonSensitiveAction HTTP/1.1" 200 986 "-" "Mozilla/5.0 (Windows NT 5.0; en-US; rv:1.9.1.20) Gecko/1931-25-04 Firefox/35.0"
140.85.152.154 - - [10/Mar/2022:11:53:12 -0500] "GET /well-modulated HTTP/1.1" 200 2653 "-" "Mozilla/5.0 (iPhone; CPU iPhone OS 9_3_3 like Mac OS X; en-US) AppleWebKit/535.39.1 (KHTML, like Gecko) Version/3.0.5 Mobile/8B115 Safari/6535.39.1"
215.5.21.54 - - [10/Mar/2022:11:53:13 -0500] "GET /sensitiveAction HTTP/1.1" 200 2648 "-" "Mozilla/5.0 (Macintosh; U; PPC Mac OS X 10_9_9) AppleWebKit/5331 (KHTML, like Gecko) Chrome/40.0.867.0 Mobile Safari/5331"
154.63.201.152 - - [10/Mar/2022:11:53:14 -0500] "GET /Business-focused-Operative%20Down-sized%20groupware HTTP/1.1" 200 2022 "-" "Opera/9.67 (Macintosh; Intel Mac OS X 10_6_4; en-US) Presto/2.10.329 Version/13.00"
221.100.53.108 - - [10/Mar/2022:11:53:15 -0500] "GET /anotherNonSensitiveAction HTTP/1.1" 200 1642 "-" "Mozilla/5.0 (Macintosh; Intel Mac OS X 10_7_0 rv:6.0; en-US) AppleWebKit/531.41.7 (KHTML, like Gecko) Version/6.2 Safari/531.41.7"
154.63.201.152 - - [10/Mar/2022:11:53:16 -0500] "POST /nonSensitiveAction HTTP/1.1" 200 1071 "-" "Mozilla/5.0 (Windows 95) AppleWebKit/5360 (KHTML, like Gecko) Chrome/37.0.853.0 Mobile Safari/5360"
100.200.6.35 - - [10/Mar/2022:11:53:17 -0500] "GET /login HTTP/1.1" 200 1768 "-" "Opera/8.38 (Windows NT 5.0; en-US) Presto/2.8.300 Version/12.00"
154.63.201.152 - - [10/Mar/2022:11:53:18 -0500] "PUT /nonSensitiveAction HTTP/1.1" 200 1324 "-" "Mozilla/5.0 (X11; Linux i686; rv:6.0) Gecko/1970-04-09 Firefox/37.0"
215.5.21.54 - - [10/Mar/2022:11:53:19 -0500] "GET /anotherNonSensitiveAction HTTP/1.1" 500 59 "-" "Mozilla/5.0 (X11; Linux x86_64; rv:8.0) Gecko/1971-19-02 Firefox/36.0"
140.85.152.154 - - [10/Mar/2022:11:53:20 -0500] "GET /Phased-needs-based-asynchronous HTTP/1.1" 200 2539 "-" "Mozilla/5.0 (Windows NT 5.1) AppleWebKit/5362 (KHTML, like Gecko) Chrome/39.0.865.0 Mobile Safari/5362"
215.5.21.54 - - [10/Mar/2022:11:53:21 -0500] "GET /asynchronous-emulation_Cross-group-zero%20administration HTTP/1.1" 302 69 "-" "Mozilla/5.0 (Macintosh; U; PPC Mac OS X 10_7_4) AppleWebKit/5330 (KHTML, like Gecko) Chrome/36.0.853.0 Mobile Safari/5330"
140.85.152.154 - - [10/Mar/2022:11:53:22 -0500] "GET /local HTTP/1.1" 200 2523 "-" "Mozilla/5.0 (Windows NT 4.0) AppleWebKit/5320 (KHTML, like Gecko) Chrome/39.0.843.0 Mobile Safari/5320"
140.85.152.154 - - [10/Mar/2022:11:53:23 -0500] "GET /open%20system/bi-directional_Grass-roots-framework/Universal HTTP/1.1" 301 60 "-" "Mozilla/5.0 (X11; Linux i686) AppleWebKit/5332 (KHTML, like Gecko) Chrome/38.0.811.0 Mobile Safari/5332"
140.85.152.154 - - [10/Mar/2022:11:53:24 -0500] "GET /sensitiveAction HTTP/1.1" 200 975 "-" "Mozilla/5.0 (Macintosh; U; PPC Mac OS X 10_9_5 rv:7.0; en-US) AppleWebKit/534.1.1 (KHTML, like Gecko) Version/4.1 Safari/534.1.1"
215.5.21.54 - - [10/Mar/2022:11:53:25 -0500] "DELETE /bandwidth-monitored/Right-sized_Operative HTTP/1.1" 200 1315 "-" "Mozilla/5.0 (Windows NT 5.2) AppleWebKit/5361 (KHTML, like Gecko) Chrome/37.0.817.0 Mobile Safari/5361"
215.5.21.54 - - [10/Mar/2022:11:53:26 -0500] "HEAD /sensitiveAction HTTP/1.1" 200 1718 "-" "Mozilla/5.0 (Macintosh; Intel Mac OS X 10_6_2) AppleWebKit/5341 (KHTML, like Gecko) Chrome/38.0.855.0 Mobile Safari/5341"
154.63.201.152 - - [10/Mar/2022:11:53:27 -0500] "PATCH /moratorium_asymmetric/artificial%20intelligence/optimizing HTTP/1.1" 200 1177 "-" "Mozilla/5.0 (Windows 98) AppleWebKit/5342 (KHTML, like Gecko) Chrome/38.0.836.0 Mobile Safari/5342"
221.100.53.108 - - [10/Mar/2022:11:53:28 -0500] "GET /nonSensitiveAction HTTP/1.1" 200 1692 "-" "Mozilla/5.0 (Macintosh; PPC Mac OS X 10_6_3 rv:3.0) Gecko/1931-30-11 Firefox/36.0"
215.5.21.54 - - [10/Mar/2022:11:53:29 -0500] "POST /Decentralized_open%20architecture-Pre-emptive%20Enterprise-wide HTTP/1.1" 200 1494 "-" "Mozilla/5.0 (X11; Linux i686) AppleWebKit/5311 (KHTML, like Gecko) Chrome/38.0.804.0 Mobile Safari/5311"
154.63.201.152 - - [10/Mar/2022:11:53:30 -0500] "GET /anotherNonSensitiveAction HTTP/1.1" 200 887 "-" "Mozilla/5.0 (Windows; U; Windows NT 5.2) AppleWebKit/533.8.7 (KHTML, like Gecko) Version/6.1 Safari/533.8.7"
140.85.152.154 - - [10/Mar/2022:11:53:31 -0500] "HEAD /tangible/concept-solution%20real-time HTTP/1.1" 500 75 "-" "Mozilla/5.0 (Windows; U; Windows CE) AppleWebKit/535.23.2 (KHTML, like Gecko) Version/5.0 Safari/535.23.2"
215.5.21.54 - - [10/Mar/2022:11:53:32 -0500] "GET /anotherNonSensitiveAction HTTP/1.1" 200 862 "-" "Opera/10.86 (X11; Linux x86_64; en-US) Presto/2.11.327 Version/12.00"
154.63.201.152 - - [10/Mar/2022:11:53:33 -0500] "GET /Re-engineered/Versatile-solution-oriented_Cross-group%20Programmable HTTP/1.1" 200 1411 "-" "Mozilla/5.0 (X11; Linux x86_64) AppleWebKit/5322 (KHTML, like Gecko) Chrome/37.0.879.0 Mobile Safari/5322"
221.100.53.108 - - [10/Mar/2022:11:53:34 -0500] "DELETE /login HTTP/1.1" 200 1919 "-" "Opera/8.88 (Windows CE; en-US) Presto/2.10.163 Version/10.00"
215.5.21.54 - - [10/Mar/2022:11:53:35 -0500] "GET /login HTTP/1.1" 200 1085 "-" "Mozilla/5.0 (Macintosh; U; Intel Mac OS X 10_6_1 rv:7.0) Gecko/1977-31-08 Firefox/37.0"
221.100.53.108 - - [10/Mar/2022:11:53:36 -0500] "GET /throughput_instruction%20set HTTP/1.1" 200 948 "-" "Opera/9.90 (Macintosh; Intel Mac OS X 10_7_1; en-US) Presto/2.8.329 Version/10.00"
215.5.21.54 - - [10/Mar/2022:11:53:37 -0500] "GET /adapter%20approach-Adaptive/impactful HTTP/1.1" 200 2539 "-" "Mozilla/5.0 (Windows; U; Windows NT 6.2) AppleWebKit/533.12.1 (KHTML, like Gecko) Version/5.2 Safari/533.12.1"
140.85.152.154 - - [10/Mar/2022:11:53:38 -0500] "PUT /value-added-parallelism HTTP/1.1" 200 872 "-" "Mozilla/5.0 (Macintosh; Intel Mac OS X 10_9_4) AppleWebKit/5312 (KHTML, like Gecko) Chrome/40.0.836.0 Mobile Safari/5312"
154.63.201.152 - - [10/Mar/2022:11:53:39 -0500] "GET /nonSensitiveAction HTTP/1.1" 200 2816 "-" "Mozilla/5.0 (X11; Linux x86_64) AppleWebKit/5330 (KHTML, like Gecko) Chrome/38.0.853.0 Mobile Safari/5330"
215.5.21.54 - - [10/Mar/2022:11:53:40 -0500] "DELETE /radical HTTP/1.1" 200 2796 "-" "Mozilla/5.0 (iPad; CPU OS 7_2_1 like Mac OS X; en-US) AppleWebKit/532.24.3 (KHTML, like Gecko) Version/4.0.5 Mobile/8B116 Safari/6532.24.3"
215.5.21.54 - - [10/Mar/2022:11:53:41 -0500] "GET /Profound/Team-oriented HTTP/1.1" 200 2183 "-" "Mozilla/5.0 (Macintosh; PPC Mac OS X 10_7_9 rv:7.0; en-US) AppleWebKit/531.17.4 (KHTML, like Gecko) Version/6.1 Safari/531.17.4"
221.100.53.108 - - [10/Mar/2022:11:53:42 -0500] "GET /anotherNonSensitiveAction HTTP/1.1" 200 2462 "-" "Mozilla/5.0 (Windows NT 5.01) AppleWebKit/5320 (KHTML, like Gecko) Chrome/38.0.853.0 Mobile Safari/5320"
100.200.6.35 - - [10/Mar/2022:11:53:43 -0500] "PATCH /anotherNonSensitiveAction HTTP/1.1" 200 2730 "-" "Mozilla/5.0 (Macintosh; U; PPC Mac OS X 10_9_3 rv:7.0) Gecko/2020-03-07 Firefox/37.0"
215.5.21.54 - - [10/Mar/2022:11:53:44 -0500] "GET /Monitored%20system%20engine%20mission-critical_Right-sized/service-desk HTTP/1.1" 200 2035 "-" "Mozilla/5.0 (Macintosh; Intel Mac OS X 10_6_1 rv:4.0; en-US) AppleWebKit/533.1.4 (KHTML, like Gecko) Version/4.1 Safari/533.1.4"
140.85.152.154 - - [10/Mar/2022:11:53:45 -0500] "HEAD /moratorium/system%20engine/Integrated-coherent HTTP/1.1" 200 1462 "-" "Mozilla/5.0 (Windows NT 5.1) AppleWebKit/5350 (KHTML, like Gecko) Chrome/37.0.882.0 Mobile Safari/5350"
215.5.21.54 - - [10/Mar/2022:11:53:46 -0500] "GET /definition/neutral HTTP/1.1" 200 2705 "-" "Mozilla/5.0 (Macintosh; PPC Mac OS X 10_9_3 rv:6.0; en-US) AppleWebKit/534.43.6 (KHTML, like Gecko) Version/5.2 Safari/534.43.6"
140.85.152.154 - - [10/Mar/2022:11:53:47 -0500] "GET /Reactive/neural-net-Integrated-Adaptive HTTP/1.1" 200 2385 "-" "Mozilla/5.0 (X11; Linux x86_64) AppleWebKit/5332 (KHTML, like Gecko) Chrome/38.0.839.0 Mobile Safari/5332"
221.100.53.108 - - [10/Mar/2022:11:53:48 -0500] "GET /login HTTP/1.1" 200 2474 "-" "Mozilla/5.0 (Windows; U; Windows 98) AppleWebKit/532.30.6 (KHTML, like Gecko) Version/5.1 Safari/532.30.6"
221.100.53.108 - - [10/Mar/2022:11:53:49 -0500] "GET /throughput HTTP/1.1" 302 47 "-" "Mozilla/5.0 (Macintosh; U; PPC Mac OS X 10_6_2 rv:6.0) Gecko/1997-11-03 Firefox/36.0"
221.100.53.108 - - [10/Mar/2022:11:53:50 -0500] "PUT /login HTTP/1.1" 200 1003 "-" "Opera/8.74 (Macintosh; PPC Mac OS X 10_7_4; en-US) Presto/2.10.340 Version/10.00"
100.200.6.35 - - [10/Mar/2022:11:53:51 -0500] "GET /Synergistic-context-sensitive/Versatile-budgetary%20management HTTP/1.1" 200 1867 "-" "Mozilla/5.0 (Macintosh; U; PPC Mac OS X 10_8_9) AppleWebKit/5311 (KHTML, like Gecko) Chrome/38.0.879.0 Mobile Safari/5311"
100.200.6.35 - - [10/Mar/2022:11:53:52 -0500] "GET /anotherNonSensitiveAction HTTP/1.1" 200 1130 "-" "Mozilla/5.0 (Windows 98; Win 9x 4.90) AppleWebKit/5362 (KHTML, like Gecko) Chrome/36.0.861.0 Mobile Safari/5362"
140.85.152.154 - - [10/Mar/2022:11:53:53 -0500] "GET /secured%20line HTTP/1.1" 200 2348 "-" "Mozilla/5.0 (X11; Linux x86_64; rv:6.0) Gecko/1953-14-07 Firefox/35.0"
100.200.6.35 - - [10/Mar/2022:11:53:54 -0500] "GET /policy/Advanced-service-desk/24/7/intermediate HTTP/1.1" 404 30 "-" "Mozilla/5.0 (Macintosh; Intel Mac OS X 10_9_5 rv:5.0) Gecko/1981-27-07 Firefox/37.0"
221.100.53.108 - - [10/Mar/2022:11:53:55 -0500] "GET /Persistent/Organic HTTP/1.1" 404 43 "-" "Mozilla/5.0 (X11; Linux i686; rv:5.0) Gecko/1939-15-10 Firefox/35.0"
154.63.201.152 - - [10/Mar/2022:11:53:56 -0500] "GET /anotherNonSensitiveAction HTTP/1.1" 200 2544 "-" "Mozilla/5.0 (Macintosh; U; PPC Mac OS X 10_9_8) AppleWebKit/5340 (KHTML, like Gecko) Chrome/38.0.814.0 Mobile Safari/5340"
100.200.6.35 - - [10/Mar/2022:11:53:57 -0500] "PATCH /Mandatory HTTP/1.1" 302 95 "-" "Mozilla/5.0 (Windows NT 5.0; en-US; rv:1.9.0.20) Gecko/1912-26-11 Firefox/36.0"
221.100.53.108 - - [10/Mar/2022:11:53:58 -0500] "GET /sensitiveAction HTTP/1.1" 200 2809 "-" "Opera/10.38 (Macintosh; Intel Mac OS X 10_8_6; en-US) Presto/2.12.337 Version/12.00"
140.85.152.154 - - [10/Mar/2022:11:53:59 -0500] "GET /nonSensitiveAction HTTP/1.1" 500 60 "-" "Mozilla/5.0 (Windows NT 6.2) AppleWebKit/5322 (KHTML, like Gecko) Chrome/39.0.809.0 Mobile Safari/5322"
140.85.152.154 - - [10/Mar/2022:11:54:00 -0500] "GET /real-time-Distributed/well-modulated HTTP/1.1" 200 1270 "-" "Mozilla/5.0 (Windows 98; Win 9x 4.90; en-US; rv:1.9.1.20) Gecko/1925-28-03 Firefox/37.0"
221.100.53.108 - - [10/Mar/2022:11:54:01 -0500] "GET /Inverse-24/7/web-enabled HTTP/1.1" 301 79 "-" "Mozilla/5.0 (Windows; U; Windows NT 5.2) AppleWebKit/531.17.3 (KHTML, like Gecko) Version/5.0 Safari/531.17.3"
140.85.152.154 - - [10/Mar/2022:11:54:02 -0500] "GET /anotherNonSensitiveAction HTTP/1.1" 200 2118 "-" "Mozilla/5.0 (iPad; CPU OS 7_3_2 like Mac OS X; en-US) AppleWebKit/535.42.6 (KHTML, like Gecko) Version/5.0.5 Mobile/8B115 Safari/6535.42.6"
100.200.6.35 - - [10/Mar/2022:11:54:03 -0500] "POST /strategy-multimedia HTTP/1.1" 200 2414 "-" "Mozilla/5.0 (Macintosh; U; Intel Mac OS X 10_5_8 rv:6.0) Gecko/1929-07-10 Firefox/37.0"
221.100.53.108 - - [10/Mar/2022:11:54:04 -0500] "GET /login HTTP/1.1" 200 2871 "-" "Mozilla/5.0 (Macintosh; U; PPC Mac OS X 10_9_1) AppleWebKit/5321 (KHTML, like Gecko) Chrome/36.0.893.0 Mobile Safari/5321"
140.85.152.154 - - [10/Mar/2022:11:54:05 -0500] "GET /anotherNonSensitiveAction HTTP/1.1" 200 855 "-" "Mozilla/5.0 (X11; Linux i686) AppleWebKit/5351 (KHTML, like Gecko) Chrome/37.0.858.0 Mobile Safari/5351"
100.200.6.35 - - [10/Mar/2022:11:54:06 -0500] "HEAD /empowering HTTP/1.1" 200 2914 "-" "Mozilla/5.0 (Windows NT 5.2) AppleWebKit/5312 (KHTML, like Gecko) Chrome/40.0.813.0 Mobile Safari/5312"
100.200.6.35 - - [10/Mar/2022:11:54:07 -0500] "GET /open%20architecture/system%20engine/cohesive/access/superstructure HTTP/1.1" 200 957 "-" "Opera/9.62 (X11; Linux i686; en-US) Presto/2.12.170 Version/11.00"
154.63.201.152 - - [10/Mar/2022:11:54:08 -0500] "PATCH /Multi-tiered%20secured%20line HTTP/1.1" 200 2192 "-" "Mozilla/5.0 (Macintosh; U; PPC Mac OS X 10_7_7) AppleWebKit/5350 (KHTML, like Gecko) Chrome/40.0.859.0 Mobile Safari/5350"
100.200.6.35 - - [10/Mar/2022:11:54:09 -0500] "GET /login HTTP/1.1" 200 851 "-" "Mozilla/5.0 (X11; Linux x86_64; rv:7.0) Gecko/1950-04-04 Firefox/35.0"
100.200.6.35 - - [10/Mar/2022:11:54:10 -0500] "GET /login HTTP/1.1" 200 1435 "-" "Mozilla/5.0 (iPad; CPU OS 8_0_3 like Mac OS X; en-US) AppleWebKit/536.5.2 (KHTML, like Gecko) Version/5.0.5 Mobile/8B120 Safari/6536.5.2"
100.200.6.35 - - [10/Mar/2022:11:54:11 -0500] "GET /24%20hour/Virtual/local%20area%20network/definition-Virtual HTTP/1.1" 200 1227 "-" "Mozilla/5.0 (Windows; U; Windows NT 5.2) AppleWebKit/531.34.3 (KHTML, like Gecko) Version/5.1 Safari/531.34.3"
154.63.201.152 - - [10/Mar/2022:11:54:12 -0500] "GET /projection/Ameliorated/circuit-fresh-thinking_client-server HTTP/1.1" 200 1585 "-" "Mozilla/5.0 (Macintosh; U; Intel Mac OS X 10_6_3 rv:3.0) Gecko/1913-02-03 Firefox/37.0"
140.85.152.154 - - [10/Mar/2022:11:54:13 -0500] "GET /anotherNonSensitiveAction HTTP/1.1" 200 2021 "-" "Mozilla/5.0 (Windows; U; Windows NT 6.0) AppleWebKit/532.11.6 (KHTML, like Gecko) Version/6.0 Safari/532.11.6"
100.200.6.35 - - [10/Mar/2022:11:54:14 -0500] "POST /nonSensitiveAction HTTP/1.1" 200 2194 "-" "Mozilla/5.0 (Macintosh; U; Intel Mac OS X 10_5_1) AppleWebKit/5311 (KHTML, like Gecko) Chrome/40.0.876.0 Mobile Safari/5311"
154.63.201.152 - - [10/Mar/2022:11:54:15 -0500] "GET /multi-state HTTP/1.1" 200 1147 "-" "Opera/9.69 (Windows NT 6.2; en-US) Presto/2.9.239 Version/13.00"
100.200.6.35 - - [10/Mar/2022:11:54:16 -0500] "GET /sensitiveAction HTTP/1.1" 301 99 "-" "Mozilla/5.0 (Macintosh; PPC Mac OS X 10_7_4) AppleWebKit/5331 (KHTML, like Gecko) Chrome/37.0.848.0 Mobile Safari/5331"
215.5.21.54 - - [10/Mar/2022:11:54:17 -0500] "GET /standardization-budgetary%20management-orchestration-Organized/toolset HTTP/1.1" 400 77 "-" "Mozilla/5.0 (X11; Linux x86_64) AppleWebKit/5321 (KHTML, like Gecko) Chrome/36.0.851.0 Mobile Safari/5321"
221.100.53.108 - - [10/Mar/2022:11:54:18 -0500] "GET /sensitiveAction HTTP/1.1" 200 2480 "-" "Mozilla/5.0 (X11; Linux i686) AppleWebKit/5332 (KHTML, like Gecko) Chrome/37.0.889.0 Mobile Safari/5332"
215.5.21.54 - - [10/Mar/2022:11:54:19 -0500] "GET /anotherNonSensitiveAction HTTP/1.1" 301 63 "-" "Mozilla/5.0 (X11; Linux x86_64) AppleWebKit/5340 (KHTML, like Gecko) Chrome/37.0.876.0 Mobile Safari/5340"
140.85.152.154 - - [10/Mar/2022:11:54:20 -0500] "GET /Optimized-bi-directional-conglomeration-5th%20generation-reciprocal HTTP/1.1" 200 2370 "-" "Mozilla/5.0 (Macintosh; PPC Mac OS X 10_8_0 rv:2.0) Gecko/1928-22-08 Firefox/37.0"
221.100.53.108 - - [10/Mar/2022:11:54:21 -0500] "GET /nonSensitiveAction HTTP/1.1" 200 1065 "-" "Mozilla/5.0 (Macintosh; Intel Mac OS X 10_8_6) AppleWebKit/5351 (KHTML, like Gecko) Chrome/39.0.818.0 Mobile Safari/5351"
221.100.53.108 - - [10/Mar/2022:11:54:22 -0500] "DELETE /motivating_Reverse-engineered/dynamic/bottom-line HTTP/1.1" 200 1202 "-" "Mozilla/5.0 (Macintosh; Intel Mac OS X 10_7_7) AppleWebKit/5360 (KHTML, like Gecko) Chrome/38.0.874.0 Mobile Safari/5360"
221.100.53.108 - - [10/Mar/2022:11:54:23 -0500] "GET /anotherNonSensitiveAction HTTP/1.1" 200 2831 "-" "Opera/8.70 (X11; Linux x86_64; en-US) Presto/2.12.240 Version/11.00"
221.100.53.108 - - [10/Mar/2022:11:54:24 -0500] "GET /function/Polarised-Grass-roots_explicit-homogeneous HTTP/1.1" 200 1704 "-" "Opera/9.21 (X11; Linux x86_64; en-US) Presto/2.10.287 Version/13.00"
154.63.201.152 - - [10/Mar/2022:11:54:25 -0500] "PUT /login HTTP/1.1" 200 2201 "-" "Opera/9.13 (X11; Linux i686; en-US) Presto/2.12.182 Version/11.00"
140.85.152.154 - - [10/Mar/2022:11:54:26 -0500] "DELETE /anotherNonSensitiveAction HTTP/1.1" 200 1374 "-" "Mozilla/5.0 (Macintosh; PPC Mac OS X 10_8_7) AppleWebKit/5332 (KHTML, like Gecko) Chrome/40.0.821.0 Mobile Safari/5332"
140.85.152.154 - - [10/Mar/2022:11:54:27 -0500] "GET /anotherNonSensitiveAction HTTP/1.1" 200 2633 "-" "Mozilla/5.0 (Windows NT 6.2) AppleWebKit/5342 (KHTML, like Gecko) Chrome/40.0.827.0 Mobile Safari/5342"
221.100.53.108 - - [10/Mar/2022:11:54:28 -0500] "PUT /anotherNonSensitiveAction HTTP/1.1" 200 2739 "-" "Opera/9.32 (Macintosh; Intel Mac OS X 10_8_8; en-US) Presto/2.11.269 Version/11.00"
154.63.201.152 - - [10/Mar/2022:11:54:29 -0500] "GET /anotherNonSensitiveAction HTTP/1.1" 200 1267 "-" "Mozilla/5.0 (Macintosh; U; Intel Mac OS X 10_8_8 rv:2.0) Gecko/1955-02-07 Firefox/37.0"
100.200.6.35 - - [10/Mar/2022:11:54:30 -0500] "GET /login HTTP/1.1" 200 1628 "-" "Mozilla/5.0 (Macintosh; Intel Mac OS X 10_5_3 rv:6.0; en-US) AppleWebKit/531.14.4 (KHTML, like Gecko) Version/6.2 Safari/531.14.4"
100.200.6.35 - - [10/Mar/2022:11:54:31 -0500] "GET /anotherNonSensitiveAction HTTP/1.1" 200 2334 "-" "Mozilla/5.0 (X11; Linux x86_64) AppleWebKit/5341 (KHTML, like Gecko) Chrome/40.0.847.0 Mobile Safari/5341"
221.100.53.108 - - [10/Mar/2022:11:54:32 -0500] "GET /login HTTP/1.1" 301 43 "-" "Mozilla/5.0 (Windows NT 5.1) AppleWebKit/5310 (KHTML, like Gecko) Chrome/39.0.800.0 Mobile Safari/5310"
221.100.53.108 - - [10/Mar/2022:11:54:33 -0500] "GET /Realigned/heuristic-Re-contextualized HTTP/1.1" 200 2104 "-" "Opera/9.67 (Windows CE; en-US) Presto/2.9.325 Version/13.00"
100.200.6.35 - - [10/Mar/2022:11:54:34 -0500] "GET /secured%20line HTTP/1.1" 200 948 "-" "Mozilla/5.0 (Macintosh; PPC Mac OS X 10_6_8) AppleWebKit/5332 (KHTML, like Gecko) Chrome/37.0.864.0 Mobile Safari/5332"
215.5.21.54 - - [10/Mar/2022:11:54:35 -0500] "GET /framework/Programmable/customer%20loyalty HTTP/1.1" 200 1426 "-" "Mozilla/5.0 (iPhone; CPU iPhone OS 8_2_1 like Mac OS X; en-US) AppleWebKit/533.46.4 (KHTML, like Gecko) Version/5.0.5 Mobile/8B118 Safari/6533.46.4"
140.85.152.154 - - [10/Mar/2022:11:54:36 -0500] "GET /hardware HTTP/1.1" 302 47 "-" "Mozilla/5.0 (X11; Linux i686; rv:6.0) Gecko/1913-19-12 Firefox/36.0"
215.5.21.54 - - [10/Mar/2022:11:54:37 -0500] "PATCH /sensitiveAction HTTP/1.1" 302 108 "-" "Mozilla/5.0 (Macintosh; U; Intel Mac OS X 10_6_0) AppleWebKit/5362 (KHTML, like Gecko) Chrome/37.0.829.0 Mobile Safari/5362"
154.63.201.152 - - [10/Mar/2022:11:54:38 -0500] "GET /instruction%20set/Profit-focused-structure HTTP/1.1" 200 2768 "-" "Opera/9.52 (X11; Linux i686; en-US) Presto/2.13.175 Version/12.00"
221.100.53.108 - - [10/Mar/2022:11:54:39 -0500] "GET /instruction%20set/concept HTTP/1.1" 404 66 "-" "Mozilla/5.0 (X11; Linux x86_64) AppleWebKit/5360 (KHTML, like Gecko) Chrome/36.0.839.0 Mobile Safari/5360"
215.5.21.54 - - [10/Mar/2022:11:54:40 -0500] "POST /login HTTP/1.1" 200 1183 "-" "Opera/10.47 (Windows CE; en-US) Presto/2.11.197 Version/13.00"
140.85.152.154 - - [10/Mar/2022:11:54:41 -0500] "GET /Realigned/Pre-emptive HTTP/1.1" 200 3096 "-" "Opera/10.44 (Windows NT 6.1; en-US) Presto/2.11.277 Version/10.00"
221.100.53.108 - - [10/Mar/2022:11:54:42 -0500] "GET /contextually-based/asymmetric/systematic/Compatible/algorithm HTTP/1.1" 200 1980 "-" "Mozilla/5.0 (Macintosh; U; Intel Mac OS X 10_9_3 rv:5.0; en-US) AppleWebKit/535.42.5 (KHTML, like Gecko) Version/6.0 Safari/535.42.5"
221.100.53.108 - - [10/Mar/2022:11:54:43 -0500] "GET /Focused/local-contingency HTTP/1.1" 500 59 "-" "Opera/8.70 (Windows NT 5.0; en-US) Presto/2.12.238 Version/11.00"
215.5.21.54 - - [10/Mar/2022:11:54:44 -0500] "POST /anotherNonSensitiveAction HTTP/1.1" 200 1923 "-" "Mozilla/5.0 (X11; Linux i686) AppleWebKit/5341 (KHTML, like Gecko) Chrome/36.0.880.0 Mobile Safari/5341"
221.100.53.108 - - [10/Mar/2022:11:54:45 -0500] "GET /Front-line_monitoring/holistic HTTP/1.1" 200 1209 "-" "Mozilla/5.0 (Windows 98; Win 9x 4.90; en-US; rv:1.9.2.20) Gecko/1988-03-08 Firefox/37.0"
215.5.21.54 - - [10/Mar/2022:11:54:46 -0500] "GET /login HTTP/1.1" 200 3077 "-" "Mozilla/5.0 (X11; Linux x86_64) AppleWebKit/5311 (KHTML, like Gecko) Chrome/39.0.883.0 Mobile Safari/5311"
221.100.53.108 - - [10/Mar/2022:11:54:47 -0500] "PATCH /anotherNonSensitiveAction HTTP/1.1" 200 2511 "-" "Mozilla/5.0 (Macintosh; U; Intel Mac OS X 10_8_4) AppleWebKit/5321 (KHTML, like Gecko) Chrome/36.0.877.0 Mobile Safari/5321"
140.85.152.154 - - [10/Mar/2022:11:54:48 -0500] "POST /anotherNonSensitiveAction HTTP/1.1" 301 103 "-" "Opera/8.96 (X11; Linux i686; en-US) Presto/2.11.170 Version/12.00"
100.200.6.35 - - [10/Mar/2022:11:54:49 -0500] "POST /Fully-configurable HTTP/1.1" 200 3027 "-" "Mozilla/5.0 (Macintosh; PPC Mac OS X 10_9_9 rv:4.0; en-US) AppleWebKit/534.43.8 (KHTML, like Gecko) Version/4.0 Safari/534.43.8"
215.5.21.54 - - [10/Mar/2022:11:54:50 -0500] "GET /nonSensitiveAction HTTP/1.1" 200 2723 "-" "Mozilla/5.0 (X11; Linux i686; rv:5.0) Gecko/1978-02-05 Firefox/35.0"
215.5.21.54 - - [10/Mar/2022:11:54:51 -0500] "GET /anotherNonSensitiveAction HTTP/1.1" 200 2056 "-" "Mozilla/5.0 (Macintosh; U; Intel Mac OS X 10_7_4 rv:7.0) Gecko/1983-27-07 Firefox/35.0"
154.63.201.152 - - [10/Mar/2022:11:54:52 -0500] "GET /nonSensitiveAction HTTP/1.1" 200 2989 "-" "Mozilla/5.0 (Windows NT 5.2; en-US; rv:1.9.3.20) Gecko/1963-24-06 Firefox/37.0"
100.200.6.35 - - [10/Mar/2022:11:54:53 -0500] "GET /sensitiveAction HTTP/1.1" 302 64 "-" "Mozilla/5.0 (iPad; CPU OS 7_3_1 like Mac OS X; en-US) AppleWebKit/535.43.4 (KHTML, like Gecko) Version/4.0.5 Mobile/8B116 Safari/6535.43.4"
154.63.201.152 - - [10/Mar/2022:11:54:54 -0500] "GET /anotherNonSensitiveAction HTTP/1.1" 200 1265 "-" "Mozilla/5.0 (Windows 98; en-US; rv:1.9.3.20) Gecko/1926-11-12 Firefox/36.0"
140.85.152.154 - - [10/Mar/2022:11:54:55 -0500] "GET /sensitiveAction HTTP/1.1" 200 1455 "-" "Mozilla/5.0 (Macintosh; U; Intel Mac OS X 10_7_0 rv:7.0) Gecko/1961-04-03 Firefox/36.0"
154.63.201.152 - - [10/Mar/2022:11:54:56 -0500] "GET /anotherNonSensitiveAction HTTP/1.1" 200 2488 "-" "Opera/10.51 (Macintosh; Intel Mac OS X 10_5_3; en-US) Presto/2.8.302 Version/12.00"
140.85.152.154 - - [10/Mar/2022:11:54:57 -0500] "GET /capability HTTP/1.1" 200 1981 "-" "Mozilla/5.0 (Macintosh; U; PPC Mac OS X 10_7_1 rv:5.0; en-US) AppleWebKit/535.9.4 (KHTML, like Gecko) Version/5.1 Safari/535.9.4"
140.85.152.154 - - [10/Mar/2022:11:54:58 -0500] "GET /anotherNonSensitiveAction HTTP/1.1" 200 1519 "-" "Mozilla/5.0 (X11; Linux i686; rv:8.0) Gecko/1962-16-12 Firefox/36.0"
215.5.21.54 - - [10/Mar/2022:11:54:59 -0500] "DELETE /anotherNonSensitiveAction HTTP/1.1" 200 1412 "-" "Mozilla/5.0 (iPad; CPU OS 8_3_3 like Mac OS X; en-US) AppleWebKit/536.6.2 (KHTML, like Gecko) Version/4.0.5 Mobile/8B119 Safari/6536.6.2"
140.85.152.154 - - [10/Mar/2022:11:55:00 -0500] "DELETE /ability HTTP/1.1" 200 1340 "-" "Mozilla/5.0 (Macintosh; PPC Mac OS X 10_9_6 rv:2.0) Gecko/1918-30-07 Firefox/36.0"
154.63.201.152 - - [10/Mar/2022:11:55:01 -0500] "GET /national/Enterprise-wide%20migration HTTP/1.1" 200 2685 "-" "Mozilla/5.0 (Windows NT 5.0) AppleWebKit/5352 (KHTML, like Gecko) Chrome/37.0.856.0 Mobile Safari/5352"
215.5.21.54 - - [10/Mar/2022:11:55:02 -0500] "GET /project/help-desk/migration%20neutral/intermediate HTTP/1.1" 200 2881 "-" "Mozilla/5.0 (Windows CE; en-US; rv:1.9.1.20) Gecko/1974-13-05 Firefox/35.0"
140.85.152.154 - - [10/Mar/2022:11:55:03 -0500] "DELETE /nonSensitiveAction HTTP/1.1" 302 40 "-" "Mozilla/5.0 (Windows NT 6.0) AppleWebKit/5340 (KHTML, like Gecko) Chrome/38.0.899.0 Mobile Safari/5340"
154.63.201.152 - - [10/Mar/2022:11:55:04 -0500] "PUT /login HTTP/1.1" 200 2109 "-" "Mozilla/5.0 (Macintosh; U; PPC Mac OS X 10_9_8) AppleWebKit/5340 (KHTML, like Gecko) Chrome/36.0.823.0 Mobile Safari/5340"
140.85.152.154 - - [10/Mar/2022:11:55:05 -0500] "GET /nonSensitiveAction HTTP/1.1" 200 1046 "-" "Opera/8.16 (Macintosh; PPC Mac OS X 10_5_10; en-US) Presto/2.13.298 Version/13.00"
100.200.6.35 - - [10/Mar/2022:11:55:06 -0500] "GET /exuding/executive/firmware-focus%20group HTTP/1.1" 200 1670 "-" "Mozilla/5.0 (Macintosh; Intel Mac OS X 10_8_10 rv:7.0; en-US) AppleWebKit/535.14.4 (KHTML, like Gecko) Version/5.2 Safari/535.14.4"
140.85.152.154 - - [10/Mar/2022:11:55:07 -0500] "GET /Function-based HTTP/1.1" 200 2697 "-" "Mozilla/5.0 (X11; Linux x86_64) AppleWebKit/5342 (KHTML, like Gecko) Chrome/39.0.899.0 Mobile Safari/5342"
100.200.6.35 - - [10/Mar/2022:11:55:08 -0500] "GET /nonSensitiveAction HTTP/1.1" 500 63 "-" "Mozilla/5.0 (Windows NT 5.1) AppleWebKit/5321 (KHTML, like Gecko) Chrome/36.0.899.0 Mobile Safari/5321"
140.85.152.154 - - [10/Mar/2022:11:55:09 -0500] "GET /sensitiveAction HTTP/1.1" 200 2557 "-" "Mozilla/5.0 (X11; Linux i686) AppleWebKit/5332 (KHTML, like Gecko) Chrome/38.0.815.0 Mobile Safari/5332"
140.85.152.154 - - [10/Mar/2022:11:55:10 -0500] "GET /nonSensitiveAction HTTP/1.1" 200 3035 "-" "Mozilla/5.0 (Macintosh; U; PPC Mac OS X 10_8_8) AppleWebKit/5310 (KHTML, like Gecko) Chrome/36.0.847.0 Mobile Safari/5310"
215.5.21.54 - - [10/Mar/2022:11:55:11 -0500] "GET /anotherNonSensitiveAction HTTP/1.1" 301 108 "-" "Mozilla/5.0 (X11; Linux x86_64) AppleWebKit/5322 (KHTML, like Gecko) Chrome/36.0.832.0 Mobile Safari/5322"
221.100.53.108 - - [10/Mar/2022:11:55:12 -0500] "PUT /Persistent/knowledge%20user/adapter HTTP/1.1" 200 2189 "-" "Mozilla/5.0 (Macintosh; U; PPC Mac OS X 10_6_7 rv:7.0) Gecko/2011-25-11 Firefox/37.0"
100.200.6.35 - - [10/Mar/2022:11:55:13 -0500] "GET /Mandatory%20Upgradable HTTP/1.1" 500 73 "-" "Opera/10.50 (X11; Linux i686; en-US) Presto/2.12.323 Version/12.00"
140.85.152.154 - - [10/Mar/2022:11:55:14 -0500] "GET /Implemented/Open-source-process%20improvement HTTP/1.1" 200 2868 "-" "Mozilla/5.0 (Windows; U; Windows 98; Win 9x 4.90) AppleWebKit/536.27.5 (KHTML, like Gecko) Version/5.1 Safari/536.27.5"
140.85.152.154 - - [10/Mar/2022:11:55:15 -0500] "PATCH /system%20engine-Reduced HTTP/1.1" 200 2191 "-" "Mozilla/5.0 (X11; Linux x86_64) AppleWebKit/5332 (KHTML, like Gecko) Chrome/36.0.810.0 Mobile Safari/5332"
221.100.53.108 - - [10/Mar/2022:11:55:16 -0500] "PATCH /3rd%20generation/Function-based-Streamlined_budgetary%20management-open%20architecture HTTP/1.1" 200 1625 "-" "Mozilla/5.0 (Macintosh; U; Intel Mac OS X 10_8_1 rv:7.0; en-US) AppleWebKit/531.9.3 (KHTML, like Gecko) Version/6.1 Safari/531.9.3"
154.63.201.152 - - [10/Mar/2022:11:55:17 -0500] "GET /login HTTP/1.1" 404 106 "-" "Mozilla/5.0 (Windows NT 6.0) AppleWebKit/5360 (KHTML, like Gecko) Chrome/37.0.821.0 Mobile Safari/5360"
221.100.53.108 - - [10/Mar/2022:11:55:18 -0500] "GET /login HTTP/1.1" 200 1698 "-" "Mozilla/5.0 (Macintosh; Intel Mac OS X 10_8_3) AppleWebKit/5312 (KHTML, like Gecko) Chrome/36.0.853.0 Mobile Safari/5312"
100.200.6.35 - - [10/Mar/2022:11:55:19 -0500] "PUT /sensitiveAction HTTP/1.1" 200 1589 "-" "Mozilla/5.0 (Macintosh; Intel Mac OS X 10_5_3 rv:4.0) Gecko/1975-05-11 Firefox/35.0"
221.100.53.108 - - [10/Mar/2022:11:55:20 -0500] "GET /Reverse-engineered%20modular/Upgradable%2024%20hour HTTP/1.1" 200 1529 "-" "Mozilla/5.0 (X11; Linux i686) AppleWebKit/5321 (KHTML, like Gecko) Chrome/37.0.850.0 Mobile Safari/5321"
154.63.201.152 - - [10/Mar/2022:11:55:21 -0500] "GET /anotherNonSensitiveAction HTTP/1.1" 200 1497 "-" "Opera/10.51 (Macintosh; Intel Mac OS X 10_8_1; en-US) Presto/2.8.191 Version/11.00"
140.85.152.154 - - [10/Mar/2022:11:55:22 -0500] "GET /nonSensitiveAction HTTP/1.1" 200 1840 "-" "Mozilla/5.0 (Windows NT 5.1) AppleWebKit/5352 (KHTML, like Gecko) Chrome/36.0.809.0 Mobile Safari/5352"
100.200.6.35 - - [10/Mar/2022:11:55:23 -0500] "HEAD /matrix-Stand-alone%20hub/demand-driven HTTP/1.1" 200 1000 "-" "Mozilla/5.0 (Macintosh; PPC Mac OS X 10_8_10) AppleWebKit/5332 (KHTML, like Gecko) Chrome/36.0.819.0 Mobile Safari/5332"
221.100.53.108 - - [10/Mar/2022:11:55:24 -0500] "POST /sensitiveAction HTTP/1.1" 200 1380 "-" "Mozilla/5.0 (iPhone; CPU iPhone OS 9_1_2 like Mac OS X; en-US) AppleWebKit/534.28.6 (KHTML, like Gecko) Version/5.0.5 Mobile/8B115 Safari/6534.28.6"
100.200.6.35 - - [10/Mar/2022:11:55:25 -0500] "GET /login HTTP/1.1" 200 1994 "-" "Opera/9.43 (X11; Linux x86_64; en-US) Presto/2.10.302 Version/11.00"
215.5.21.54 - - [10/Mar/2022:11:55:26 -0500] "GET /homogeneous-mission-critical_budgetary%20management/Front-line HTTP/1.1" 200 2981 "-" "Mozilla/5.0 (Macintosh; Intel Mac OS X 10_8_9) AppleWebKit/5311 (KHTML, like Gecko) Chrome/40.0.809.0 Mobile Safari/5311"
221.100.53.108 - - [10/Mar/2022:11:55:27 -0500] "GET /mission-critical/Proactive%20tertiary%20didactic/zero%20administration HTTP/1.1" 200 2391 "-" "Mozilla/5.0 (Windows NT 5.01; en-US; rv:1.9.2.20) Gecko/1951-01-05 Firefox/37.0"
215.5.21.54 - - [10/Mar/2022:11:55:28 -0500] "GET /nonSensitiveAction HTTP/1.1" 200 2054 "-" "Opera/9.58 (Macintosh; PPC Mac OS X 10_7_10; en-US) Presto/2.12.227 Version/10.00"
140.85.152.154 - - [10/Mar/2022:11:55:29 -0500] "GET /nonSensitiveAction HTTP/1.1" 200 2250 "-" "Opera/8.70 (Windows 98; Win 9x 4.90; en-US) Presto/2.13.304 Version/12.00"
221.100.53.108 - - [10/Mar/2022:11:55:30 -0500] "GET /synergy%20structure%20customer%20loyalty HTTP/1.1" 500 51 "-" "Opera/10.60 (X11; Linux x86_64; en-US) Presto/2.9.297 Version/10.00"
140.85.152.154 - - [10/Mar/2022:11:55:31 -0500] "GET /login HTTP/1.1" 200 2712 "-" "Mozilla/5.0 (Windows 95) AppleWebKit/5340 (KHTML, like Gecko) Chrome/38.0.852.0 Mobile Safari/5340"
100.200.6.35 - - [10/Mar/2022:11:55:32 -0500] "GET /impactful HTTP/1.1" 200 1667 "-" "Opera/9.26 (Windows 98; en-US) Presto/2.11.353 Version/10.00"
100.200.6.35 - - [10/Mar/2022:11:55:33 -0500] "GET /next%20generation-uniform/initiative HTTP/1.1" 200 1302 "-" "Mozilla/5.0 (iPad; CPU OS 7_0_3 like Mac OS X; en-US) AppleWebKit/535.39.8 (KHTML, like Gecko) Version/3.0.5 Mobile/8B115 Safari/6535.39.8"
221.100.53.108 - - [10/Mar/2022:11:55:34 -0500] "GET /sensitiveAction HTTP/1.1" 200 1599 "-" "Opera/10.33 (Windows NT 6.1; en-US) Presto/2.9.313 Version/12.00"
221.100.53.108 - - [10/Mar/2022:11:55:35 -0500] "GET /anotherNonSensitiveAction HTTP/1.1" 500 105 "-" "Mozilla/5.0 (Windows NT 6.2) AppleWebKit/5360 (KHTML, like Gecko) Chrome/40.0.896.0 Mobile Safari/5360"
215.5.21.54 - - [10/Mar/2022:11:55:36 -0500] "GET /sensitiveAction HTTP/1.1" 200 2762 "-" "Mozilla/5.0 (Macintosh; U; PPC Mac OS X 10_7_3 rv:7.0; en-US) AppleWebKit/535.51.6 (KHTML, like Gecko) Version/6.1 Safari/535.51.6"
154.63.201.152 - - [10/Mar/2022:11:55:37 -0500] "GET /zero%20administration HTTP/1.1" 200 2582 "-" "Mozilla/5.0 (iPad; CPU OS 8_0_2 like Mac OS X; en-US) AppleWebKit/535.6.2 (KHTML, like Gecko) Version/5.0.5 Mobile/8B113 Safari/6535.6.2"
154.63.201.152 - - [10/Mar/2022:11:55:38 -0500] "GET /sensitiveAction HTTP/1.1" 200 1579 "-" "Mozilla/5.0 (X11; Linux x86_64) AppleWebKit/5360 (KHTML, like Gecko) Chrome/38.0.832.0 Mobile Safari/5360"
100.200.6.35 - - [10/Mar/2022:11:55:39 -0500] "GET /sensitiveAction HTTP/1.1" 200 1349 "-" "Mozilla/5.0 (Macintosh; U; Intel Mac OS X 10_7_7) AppleWebKit/5322 (KHTML, like Gecko) Chrome/38.0.808.0 Mobile Safari/5322"
215.5.21.54 - - [10/Mar/2022:11:55:40 -0500] "GET /grid-enabled_Object-based HTTP/1.1" 404 98 "-" "Mozilla/5.0 (Windows 95) AppleWebKit/5340 (KHTML, like Gecko) Chrome/40.0.810.0 Mobile Safari/5340"
215.5.21.54 - - [10/Mar/2022:11:55:41 -0500] "GET /national_Distributed-monitoring-help-desk HTTP/1.1" 200 909 "-" "Mozilla/5.0 (Windows NT 5.0) AppleWebKit/5342 (KHTML, like Gecko) Chrome/36.0.883.0 Mobile Safari/5342"
154.63.201.152 - - [10/Mar/2022:11:55:42 -0500] "POST /sensitiveAction HTTP/1.1" 200 1660 "-" "Mozilla/5.0 (iPad; CPU OS 8_3_1 like Mac OS X; en-US) AppleWebKit/534.15.4 (KHTML, like Gecko) Version/5.0.5 Mobile/8B115 Safari/6534.15.4"
221.100.53.108 - - [10/Mar/2022:11:55:43 -0500] "DELETE /Business-focused_Quality-focused_local HTTP/1.1" 200 2678 "-" "Mozilla/5.0 (iPhone; CPU iPhone OS 7_2_1 like Mac OS X; en-US) AppleWebKit/531.26.6 (KHTML, like Gecko) Version/4.0.5 Mobile/8B119 Safari/6531.26.6"
221.100.53.108 - - [10/Mar/2022:11:55:44 -0500] "HEAD /function/modular/Front-line HTTP/1.1" 200 2052 "-" "Mozilla/5.0 (Windows 98; Win 9x 4.90) AppleWebKit/5350 (KHTML, like Gecko) Chrome/38.0.861.0 Mobile Safari/5350"
154.63.201.152 - - [10/Mar/2022:11:55:45 -0500] "HEAD /anotherNonSensitiveAction HTTP/1.1" 200 860 "-" "Mozilla/5.0 (Macintosh; U; PPC Mac OS X 10_7_2) AppleWebKit/5321 (KHTML, like Gecko) Chrome/36.0.823.0 Mobile Safari/5321"
215.5.21.54 - - [10/Mar/2022:11:55:46 -0500] "GET /value-added HTTP/1.1" 302 55 "-" "Mozilla/5.0 (Macintosh; Intel Mac OS X 10_8_3) AppleWebKit/5351 (KHTML, like Gecko) Chrome/38.0.800.0 Mobile Safari/5351"
140.85.152.154 - - [10/Mar/2022:11:55:47 -0500] "GET /Inverse-contextually-based_Persevering%20hub HTTP/1.1" 200 2450 "-" "Mozilla/5.0 (Windows NT 4.0) AppleWebKit/5310 (KHTML, like Gecko) Chrome/36.0.877.0 Mobile Safari/5310"
140.85.152.154 - - [10/Mar/2022:11:55:48 -0500] "GET /Enterprise-wide_attitude HTTP/1.1" 500 44 "-" "Mozilla/5.0 (Windows; U; Windows NT 6.2) AppleWebKit/533.51.8 (KHTML, like Gecko) Version/6.2 Safari/533.51.8"
140.85.152.154 - - [10/Mar/2022:11:55:49 -0500] "GET /login HTTP/1.1" 200 1831 "-" "Mozilla/5.0 (Macintosh; PPC Mac OS X 10_8_3 rv:4.0; en-US) AppleWebKit/531.4.8 (KHTML, like Gecko) Version/6.2 Safari/531.4.8"
215.5.21.54 - - [10/Mar/2022:11:55:50 -0500] "PATCH /nonSensitiveAction HTTP/1.1" 200 2293 "-" "Opera/8.56 (X11; Linux x86_64; en-US) Presto/2.9.171 Version/10.00"
140.85.152.154 - - [10/Mar/2022:11:55:51 -0500] "PATCH /sensitiveAction HTTP/1.1" 301 48 "-" "Opera/10.12 (Windows NT 5.2; en-US) Presto/2.13.184 Version/10.00"
154.63.201.152 - - [10/Mar/2022:11:55:52 -0500] "GET /login HTTP/1.1" 200 2874 "-" "Mozilla/5.0 (Macintosh; Intel Mac OS X 10_5_0) AppleWebKit/5351 (KHTML, like Gecko) Chrome/36.0.886.0 Mobile Safari/5351"
154.63.201.152 - - [10/Mar/2022:11:55:53 -0500] "HEAD /Intuitive-Fundamental/database/info-mediaries_Proactive HTTP/1.1" 200 2714 "-" "Opera/9.76 (Windows NT 5.2; en-US) Presto/2.13.226 Version/10.00"
154.63.201.152 - - [10/Mar/2022:11:55:54 -0500] "POST /interface-regional HTTP/1.1" 200 1607 "-" "Mozilla/5.0 (Macintosh; U; PPC Mac OS X 10_9_6) AppleWebKit/5360 (KHTML, like Gecko) Chrome/36.0.868.0 Mobile Safari/5360"
100.200.6.35 - - [10/Mar/2022:11:55:55 -0500] "POST /login HTTP/1.1" 200 1184 "-" "Mozilla/5.0 (X11; Linux x86_64) AppleWebKit/5330 (KHTML, like Gecko) Chrome/40.0.878.0 Mobile Safari/5330"
