140.85.152.154 - - [10/Mar/2022:11:47:49 -0500] "GET /Right-sized HTTP/1.1" 500 44 "-" "Mozilla/5.0 (X11; Linux x86_64) AppleWebKit/5312 (KHTML, like Gecko) Chrome/36.0.850.0 Mobile Safari/5312"
154.63.201.152 - - [10/Mar/2022:11:47:50 -0500] "GET /nonSensitiveAction HTTP/1.1" 200 1032 "-" "Opera/9.59 (Windows NT 4.0; en-US) Presto/2.9.217 Version/11.00"
100.200.6.35 - - [10/Mar/2022:11:47:51 -0500] "GET /Progressive%20encoding-Enhanced/exuding/zero%20administration HTTP/1.1" 200 1535 "-" "Mozilla/5.0 (X11; Linux i686) AppleWebKit/5311 (KHTML, like Gecko) Chrome/39.0.814.0 Mobile Safari/5311"
100.200.6.35 - - [10/Mar/2022:11:47:52 -0500] "GET /anotherNonSensitiveAction HTTP/1.1" 200 1871 "-" "Mozilla/5.0 (Windows 98; Win 9x 4.90) AppleWebKit/5341 (KHTML, like Gecko) Chrome/39.0.820.0 Mobile Safari/5341"
100.200.6.35 - - [10/Mar/2022:11:47:53 -0500] "PATCH /sensitiveAction HTTP/1.1" 400 46 "-" "Mozilla/5.0 (X11; Linux x86_64) AppleWebKit/5311 (KHTML, like Gecko) Chrome/40.0.881.0 Mobile Safari/5311"
100.200.6.35 - - [10/Mar/2022:11:47:54 -0500] "GET /clear-thinking_Focused HTTP/1.1" 200 985 "-" "Mozilla/5.0 (X11; Linux i686; rv:6.0) Gecko/2017-16-11 Firefox/35.0"
154.63.201.152 - - [10/Mar/2022:11:47:55 -0500] "GET /login HTTP/1.1" 500 106 "-" "Mozilla/5.0 (Windows; U; Windows NT 5.1) AppleWebKit/534.29.4 (KHTML, like Gecko) Version/4.1 Safari/534.29.4"
100.200.6.35 - - [10/Mar/2022:11:47:56 -0500] "GET /multi-state-intranet-Quality-focused_encryption_Enhanced HTTP/1.1" 200 2941 "-" "Mozilla/5.0 (iPad; CPU OS 8_1_3 like Mac OS X; en-US) AppleWebKit/536.13.1 (KHTML, like Gecko) Version/3.0.5 Mobile/8B115 Safari/6536.13.1"
215.5.21.54 - - [10/Mar/2022:11:47:57 -0500] "GET /anotherNonSensitiveAction HTTP/1.1" 200 1400 "-" "Mozilla/5.0 (Windows NT 5.01) AppleWebKit/5350 (KHTML, like Gecko) Chrome/40.0.873.0 Mobile Safari/5350"
215.5.21.54 - - [10/Mar/2022:11:47:58 -0500] "GET /grid-enabled%20benchmark/clear-thinking/Up-sized/static HTTP/1.1" 200 869 "-" "Mozilla/5.0 (Macintosh; PPC Mac OS X 10_9_0 rv:7.0) Gecko/1930-20-10 Firefox/37.0"
221.100.53.108 - - [10/Mar/2022:11:47:59 -0500] "DELETE /Vision-oriented HTTP/1.1" 200 1385 "-" "Opera/9.30 (Windows NT 5.1; en-US) Presto/2.8.281 Version/10.00"
140.85.152.154 - - [10/Mar/2022:11:48:00 -0500] "GET /nonSensitiveAction HTTP/1.1" 200 3099 "-" "Mozilla/5.0 (Macintosh; Intel Mac OS X 10_5_0) AppleWebKit/5311 (KHTML, like Gecko) Chrome/38.0.807.0 Mobile Safari/5311"
221.100.53.108 - - [10/Mar/2022:11:48:01 -0500] "DELETE /login HTTP/1.1" 200 1130 "-" "Mozilla/5.0 (Macintosh; Intel Mac OS X 10_6_3 rv:5.0; en-US) AppleWebKit/534.17.7 (KHTML, like Gecko) Version/5.2 Safari/534.17.7"
154.63.201.152 - - [10/Mar/2022:11:48:02 -0500] "POST /Fundamental HTTP/1.1" 200 2614 "-" "Mozilla/5.0 (X11; Linux i686) AppleWebKit/5310 (KHTML, like Gecko) Chrome/38.0.894.0 Mobile Safari/5310"
100.200.6.35 - - [10/Mar/2022:11:48:03 -0500] "GET /Versatile%2024%20hour/Proactive%20service-desk HTTP/1.1" 200 1949 "-" "Opera/10.23 (Windows 95; en-US) Presto/2.11.251 Version/13.00"
215.5.21.54 - - [10/Mar/2022:11:48:04 -0500] "GET /anotherNonSensitiveAction HTTP/1.1" 200 1287 "-" "Mozilla/5.0 (Windows NT 6.0; en-US; rv:1.9.1.20) Gecko/1939-23-12 Firefox/37.0"
154.63.201.152 - - [10/Mar/2022:11:48:05 -0500] "PATCH /sensitiveAction HTTP/1.1" 200 2658 "-" "Mozilla/5.0 (Windows NT 5.0; en-US; rv:1.9.0.20) Gecko/1903-18-01 Firefox/36.0"
140.85.152.154 - - [10/Mar/2022:11:48:06 -0500] "GET /Function-based/leading%20edge%20task-force-human-resource HTTP/1.1" 200 972 "-" "Mozilla/5.0 (Windows CE) AppleWebKit/5311 (KHTML, like Gecko) Chrome/39.0.824.0 Mobile Safari/5311"
215.5.21.54 - - [10/Mar/2022:11:48:07 -0500] "HEAD /Object-based-instruction%20set-Stand-alone HTTP/1.1" 200 1873 "-" "Opera/10.27 (X11; Linux i686; en-US) Presto/2.10.213 Version/13.00"
215.5.21.54 - - [10/Mar/2022:11:48:08 -0500] "PATCH /anotherNonSensitiveAction HTTP/1.1" 200 2893 "-" "Mozilla/5.0 (Macintosh; Intel Mac OS X 10_9_0 rv:6.0; en-US) AppleWebKit/534.33.6 (KHTML, like Gecko) Version/4.0 Safari/534.33.6"
221.100.53.108 - - [10/Mar/2022:11:48:09 -0500] "GET /adapter/system%20engine/collaboration HTTP/1.1" 400 57 "-" "Opera/8.70 (Macintosh; PPC Mac OS X 10_7_7; en-US) Presto/2.10.293 Version/13.00"
100.200.6.35 - - [10/Mar/2022:11:48:10 -0500] "GET /sensitiveAction HTTP/1.1" 404 38 "-" "Mozilla/5.0 (iPhone; CPU iPhone OS 7_0_3 like Mac OS X; en-US) AppleWebKit/532.25.4 (KHTML, like Gecko) Version/5.0.5 Mobile/8B115 Safari/6532.25.4"
221.100.53.108 - - [10/Mar/2022:11:48:11 -0500] "GET /nonSensitiveAction HTTP/1.1" 200 1244 "-" "Mozilla/5.0 (Macintosh; U; Intel Mac OS X 10_5_7 rv:5.0; en-US) AppleWebKit/533.8.7 (KHTML, like Gecko) Version/4.2 Safari/533.8.7"
154.63.201.152 - - [10/Mar/2022:11:48:12 -0500] "GET /leading%20edge/Cross-group/archive_Cross-platform%20Proactive HTTP/1.1" 200 2532 "-" "Mozilla/5.0 (X11; Linux i686) AppleWebKit/5361 (KHTML, like Gecko) Chrome/38.0.815.0 Mobile Safari/5361"
154.63.201.152 - - [10/Mar/2022:11:48:13 -0500] "GET /nonSensitiveAction HTTP/1.1" 200 964 "-" "Mozilla/5.0 (Windows 95) AppleWebKit/5360 (KHTML, like Gecko) Chrome/36.0.833.0 Mobile Safari/5360"
100.200.6.35 - - [10/Mar/2022:11:48:14 -0500] "HEAD /anotherNonSensitiveAction HTTP/1.1" 200 1464 "-" "Mozilla/5.0 (iPad; CPU OS 7_2_1 like Mac OS X; en-US) AppleWebKit/535.10.3 (KHTML, like Gecko) Version/5.0.5 Mobile/8B111 Safari/6535.10.3"
154.63.201.152 - - [10/Mar/2022:11:48:15 -0500] "GET /throughput-static HTTP/1.1" 200 2359 "-" "Mozilla/5.0 (Windows 98; Win 9x 4.90) AppleWebKit/5331 (KHTML, like Gecko) Chrome/38.0.842.0 Mobile Safari/5331"
100.200.6.35 - - [10/Mar/2022:11:48:16 -0500] "GET /login HTTP/1.1" 200 1960 "-" "Mozilla/5.0 (Macintosh; U; PPC Mac OS X 10_7_10 rv:3.0) Gecko/1977-13-06 Firefox/37.0"
215.5.21.54 - - [10/Mar/2022:11:48:17 -0500] "PUT /login HTTP/1.1" 200 3076 "-" "Mozilla/5.0 (Macintosh; U; PPC Mac OS X 10_5_2 rv:2.0) Gecko/1967-02-12 Firefox/35.0"
100.200.6.35 - - [10/Mar/2022:11:48:18 -0500] "DELETE /sensitiveAction HTTP/1.1" 200 2463 "-" "Mozilla/5.0 (Macintosh; Intel Mac OS X 10_9_0 rv:6.0; en-US) AppleWebKit/531.51.4 (KHTML, like Gecko) Version/4.0 Safari/531.51.4"
221.100.53.108 - - [10/Mar/2022:11:48:19 -0500] "HEAD /project_Reduced/migration-capacity/portal HTTP/1.1" 200 1877 "-" "Mozilla/5.0 (Windows NT 5.01; en-US; rv:1.9.3.20) Gecko/1913-18-04 Firefox/36.0"
140.85.152.154 - - [10/Mar/2022:11:48:20 -0500] "GET /nonSensitiveAction HTTP/1.1" 200 2707 "-" "Mozilla/5.0 (Macintosh; PPC Mac OS X 10_9_9) AppleWebKit/5342 (KHTML, like Gecko) Chrome/38.0.822.0 Mobile Safari/5342"
215.5.21.54 - - [10/Mar/2022:11:48:21 -0500] "GET /anotherNonSensitiveAction HTTP/1.1" 200 2652 "-" "Mozilla/5.0 (Windows 95) AppleWebKit/5362 (KHTML, like Gecko) Chrome/37.0.895.0 Mobile Safari/5362"
154.63.201.152 - - [10/Mar/2022:11:48:22 -0500] "PATCH /Innovative/optimal-open%20architecture%20Fully-configurable/secured%20line HTTP/1.1" 200 1723 "-" "Opera/10.28 (X11; Linux i686; en-US) Presto/2.12.268 Version/13.00"
154.63.201.152 - - [10/Mar/2022:11:48:23 -0500] "GET /optimizing-system%20engine_open%20system-Seamless HTTP/1.1" 200 2715 "-" "Mozilla/5.0 (iPhone; CPU iPhone OS 9_1_2 like Mac OS X; en-US) AppleWebKit/533.24.8 (KHTML, like Gecko) Version/4.0.5 Mobile/8B118 Safari/6533.24.8"
221.100.53.108 - - [10/Mar/2022:11:48:24 -0500] "PATCH /pricing%20structure/well-modulated%20pricing%20structure HTTP/1.1" 404 48 "-" "Mozilla/5.0 (X11; Linux i686) AppleWebKit/5351 (KHTML, like Gecko) Chrome/36.0.893.0 Mobile Safari/5351"
154.63.201.152 - - [10/Mar/2022:11:48:25 -0500] "DELETE /nonSensitiveAction HTTP/1.1" 200 1339 "-" "Mozilla/5.0 (Windows 98) AppleWebKit/5361 (KHTML, like Gecko) Chrome/40.0.839.0 Mobile Safari/5361"
140.85.152.154 - - [10/Mar/2022:11:48:26 -0500] "GET /client-driven/open%20system-success HTTP/1.1" 200 2603 "-" "Mozilla/5.0 (Windows 95) AppleWebKit/5321 (KHTML, like Gecko) Chrome/38.0.859.0 Mobile Safari/5321"
140.85.152.154 - - [10/Mar/2022:11:48:27 -0500] "GET /anotherNonSensitiveAction HTTP/1.1" 200 1991 "-" "Mozilla/5.0 (Windows 95; en-US; rv:1.9.0.20) Gecko/1949-16-10 Firefox/37.0"
215.5.21.54 - - [10/Mar/2022:11:48:28 -0500] "GET /nonSensitiveAction HTTP/1.1" 200 1969 "-" "Mozilla/5.0 (Macintosh; U; PPC Mac OS X 10_8_4) AppleWebKit/5322 (KHTML, like Gecko) Chrome/37.0.840.0 Mobile Safari/5322"
100.200.6.35 - - [10/Mar/2022:11:48:29 -0500] "GET /Expanded_Function-based/portal-Future-proofed HTTP/1.1" 200 1329 "-" "Mozilla/5.0 (Macintosh; Intel Mac OS X 10_8_8 rv:7.0; en-US) AppleWebKit/535.31.1 (KHTML, like Gecko) Version/5.1 Safari/535.31.1"
221.100.53.108 - - [10/Mar/2022:11:48:30 -0500] "HEAD /solution-oriented HTTP/1.1" 200 2741 "-" "Opera/8.74 (X11; Linux x86_64; en-US) Presto/2.11.217 Version/12.00"
221.100.53.108 - - [10/Mar/2022:11:48:31 -0500] "GET /standardization/Progressive_Total HTTP/1.1" 200 1183 "-" "Mozilla/5.0 (Windows; U; Windows NT 6.0) AppleWebKit/532.36.8 (KHTML, like Gecko) Version/6.0 Safari/532.36.8"
215.5.21.54 - - [10/Mar/2022:11:48:32 -0500] "GET /solution_Vision-oriented HTTP/1.1" 200 2824 "-" "Mozilla/5.0 (Macintosh; U; PPC Mac OS X 10_8_5 rv:7.0; en-US) AppleWebKit/532.14.4 (KHTML, like Gecko) Version/4.2 Safari/532.14.4"
100.200.6.35 - - [10/Mar/2022:11:48:33 -0500] "PUT /anotherNonSensitiveAction HTTP/1.1" 200 2782 "-" "Mozilla/5.0 (iPad; CPU OS 7_2_3 like Mac OS X; en-US) AppleWebKit/534.41.1 (KHTML, like Gecko) Version/4.0.5 Mobile/8B114 Safari/6534.41.1"
100.200.6.35 - - [10/Mar/2022:11:48:34 -0500] "HEAD /Synergized HTTP/1.1" 200 2197 "-" "Mozilla/5.0 (X11; Linux x86_64) AppleWebKit/5311 (KHTML, like Gecko) Chrome/36.0.841.0 Mobile Safari/5311"
215.5.21.54 - - [10/Mar/2022:11:48:35 -0500] "GET /tertiary%20data-warehouse HTTP/1.1" 301 40 "-" "Mozilla/5.0 (Windows NT 4.0) AppleWebKit/5360 (KHTML, like Gecko) Chrome/39.0.891.0 Mobile Safari/5360"
154.63.201.152 - - [10/Mar/2022:11:48:36 -0500] "DELETE /anotherNonSensitiveAction HTTP/1.1" 200 2897 "-" "Mozilla/5.0 (Macintosh; PPC Mac OS X 10_5_0 rv:3.0) Gecko/2011-25-01 Firefox/37.0"
221.100.53.108 - - [10/Mar/2022:11:48:37 -0500] "GET /Persistent/Cross-platform HTTP/1.1" 200 2888 "-" "Opera/10.91 (Macintosh; PPC Mac OS X 10_7_7; en-US) Presto/2.11.192 Version/10.00"
215.5.21.54 - - [10/Mar/2022:11:48:38 -0500] "GET /Synergistic/responsive/scalable/Stand-alone HTTP/1.1" 200 1878 "-" "Mozilla/5.0 (Windows; U; Windows NT 6.0) AppleWebKit/536.11.3 (KHTML, like Gecko) Version/6.0 Safari/536.11.3"
221.100.53.108 - - [10/Mar/2022:11:48:39 -0500] "GET /sensitiveAction HTTP/1.1" 200 1209 "-" "Opera/9.68 (Macintosh; U; Intel Mac OS X 10_8_9; en-US) Presto/2.13.205 Version/10.00"
221.100.53.108 - - [10/Mar/2022:11:48:40 -0500] "HEAD /login HTTP/1.1" 200 1820 "-" "Mozilla/5.0 (Windows 98) AppleWebKit/5352 (KHTML, like Gecko) Chrome/40.0.830.0 Mobile Safari/5352"
215.5.21.54 - - [10/Mar/2022:11:48:41 -0500] "HEAD /Polarised/Polarised%20productivity-Optional-Enterprise-wide HTTP/1.1" 200 2989 "-" "Opera/10.90 (Windows 98; en-US) Presto/2.10.296 Version/11.00"
221.100.53.108 - - [10/Mar/2022:11:48:42 -0500] "GET /anotherNonSensitiveAction HTTP/1.1" 200 2733 "-" "Mozilla/5.0 (Windows CE; en-US; rv:1.9.1.20) Gecko/2003-21-03 Firefox/36.0"
215.5.21.54 - - [10/Mar/2022:11:48:43 -0500] "GET /hardware-motivating-functionalities-logistical/Right-sized HTTP/1.1" 200 2234 "-" "Mozilla/5.0 (X11; Linux x86_64) AppleWebKit/5361 (KHTML, like Gecko) Chrome/38.0.823.0 Mobile Safari/5361"
215.5.21.54 - - [10/Mar/2022:11:48:44 -0500] "GET /24%20hour_Quality-focused/local%20area%20network HTTP/1.1" 200 1326 "-" "Mozilla/5.0 (iPhone; CPU iPhone OS 7_2_2 like Mac OS X; en-US) AppleWebKit/534.17.6 (KHTML, like Gecko) Version/5.0.5 Mobile/8B117 Safari/6534.17.6"
215.5.21.54 - - [10/Mar/2022:11:48:45 -0500] "GET /core%20real-time HTTP/1.1" 200 1751 "-" "Mozilla/5.0 (Windows NT 6.2) AppleWebKit/5360 (KHTML, like Gecko) Chrome/37.0.874.0 Mobile Safari/5360"
100.200.6.35 - - [10/Mar/2022:11:48:46 -0500] "PUT /anotherNonSensitiveAction HTTP/1.1" 200 822 "-" "Mozilla/5.0 (Windows NT 4.0; en-US; rv:1.9.3.20) Gecko/1909-04-06 Firefox/36.0"
140.85.152.154 - - [10/Mar/2022:11:48:47 -0500] "GET /definition/regional-groupware/Proactive HTTP/1.1" 200 1284 "-" "Opera/8.82 (Windows NT 5.01; en-US) Presto/2.11.162 Version/12.00"
100.200.6.35 - - [10/Mar/2022:11:48:48 -0500] "PATCH /sensitiveAction HTTP/1.1" 500 62 "-" "Opera/8.98 (X11; Linux i686; en-US) Presto/2.13.219 Version/13.00"
154.63.201.152 - - [10/Mar/2022:11:48:49 -0500] "GET /login HTTP/1.1" 301 35 "-" "Mozilla/5.0 (Windows; U; Windows NT 4.0) AppleWebKit/532.11.1 (KHTML, like Gecko) Version/6.0 Safari/532.11.1"
140.85.152.154 - - [10/Mar/2022:11:48:50 -0500] "GET /anotherNonSensitiveAction HTTP/1.1" 200 3064 "-" "Mozilla/5.0 (X11; Linux i686) AppleWebKit/5310 (KHTML, like Gecko) Chrome/38.0.822.0 Mobile Safari/5310"
100.200.6.35 - - [10/Mar/2022:11:48:51 -0500] "PATCH /nonSensitiveAction HTTP/1.1" 200 1095 "-" "Mozilla/5.0 (Windows NT 5.0; en-US; rv:1.9.3.20) Gecko/1998-07-09 Firefox/37.0"
100.200.6.35 - - [10/Mar/2022:11:48:52 -0500] "POST /flexibility-Synergistic-Organized HTTP/1.1" 200 1706 "-" "Opera/9.54 (X11; Linux i686; en-US) Presto/2.11.339 Version/11.00"
100.200.6.35 - - [10/Mar/2022:11:48:53 -0500] "PATCH /nonSensitiveAction HTTP/1.1" 302 53 "-" "Mozilla/5.0 (X11; Linux x86_64; rv:7.0) Gecko/2012-27-06 Firefox/36.0"
154.63.201.152 - - [10/Mar/2022:11:48:54 -0500] "GET /login HTTP/1.1" 200 3031 "-" "Mozilla/5.0 (iPhone; CPU iPhone OS 9_1_2 like Mac OS X; en-US) AppleWebKit/533.49.4 (KHTML, like Gecko) Version/4.0.5 Mobile/8B118 Safari/6533.49.4"
140.85.152.154 - - [10/Mar/2022:11:48:55 -0500] "GET /attitude_optimizing_leading%20edge-benchmark/asynchronous HTTP/1.1" 200 2462 "-" "Mozilla/5.0 (Macintosh; PPC Mac OS X 10_6_3 rv:5.0; en-US) AppleWebKit/532.28.2 (KHTML, like Gecko) Version/5.2 Safari/532.28.2"
221.100.53.108 - - [10/Mar/2022:11:48:56 -0500] "GET /anotherNonSensitiveAction HTTP/1.1" 200 1779 "-" "Mozilla/5.0 (Windows NT 6.2) AppleWebKit/5352 (KHTML, like Gecko) Chrome/38.0.870.0 Mobile Safari/5352"
154.63.201.152 - - [10/Mar/2022:11:48:57 -0500] "GET /nonSensitiveAction HTTP/1.1" 200 3063 "-" "Opera/10.38 (X11; Linux x86_64; en-US) Presto/2.12.248 Version/11.00"
100.200.6.35 - - [10/Mar/2022:11:48:58 -0500] "GET /even-keeled-Mandatory-intermediate%204th%20generation HTTP/1.1" 200 2301 "-" "Mozilla/5.0 (iPad; CPU OS 7_1_1 like Mac OS X; en-US) AppleWebKit/536.44.1 (KHTML, like Gecko) Version/3.0.5 Mobile/8B114 Safari/6536.44.1"
221.100.53.108 - - [10/Mar/2022:11:48:59 -0500] "GET /nonSensitiveAction HTTP/1.1" 200 2715 "-" "Opera/10.49 (Macintosh; PPC Mac OS X 10_7_3; en-US) Presto/2.11.328 Version/13.00"
140.85.152.154 - - [10/Mar/2022:11:49:00 -0500] "GET /sensitiveAction HTTP/1.1" 200 1059 "-" "Mozilla/5.0 (Macintosh; U; PPC Mac OS X 10_9_0 rv:7.0; en-US) AppleWebKit/531.30.1 (KHTML, like Gecko) Version/4.2 Safari/531.30.1"
140.85.152.154 - - [10/Mar/2022:11:49:01 -0500] "GET /sensitiveAction HTTP/1.1" 200 1760 "-" "Opera/8.96 (X11; Linux x86_64; en-US) Presto/2.13.200 Version/12.00"
215.5.21.54 - - [10/Mar/2022:11:49:02 -0500] "PUT /3rd%20generation%20multimedia-zero%20administration HTTP/1.1" 200 2926 "-" "Mozilla/5.0 (X11; Linux x86_64) AppleWebKit/5351 (KHTML, like Gecko) Chrome/39.0.887.0 Mobile Safari/5351"
154.63.201.152 - - [10/Mar/2022:11:49:03 -0500] "GET /login HTTP/1.1" 200 2023 "-" "Mozilla/5.0 (X11; Linux i686) AppleWebKit/5362 (KHTML, like Gecko) Chrome/36.0.807.0 Mobile Safari/5362"
100.200.6.35 - - [10/Mar/2022:11:49:04 -0500] "GET /login HTTP/1.1" 200 2859 "-" "Mozilla/5.0 (Windows 98; Win 9x 4.90; en-US; rv:1.9.3.20) Gecko/1917-27-01 Firefox/35.0"
100.200.6.35 - - [10/Mar/2022:11:49:05 -0500] "GET /local%20area%20network HTTP/1.1" 500 68 "-" "Mozilla/5.0 (Windows NT 5.0) AppleWebKit/5341 (KHTML, like Gecko) Chrome/38.0.839.0 Mobile Safari/5341"
154.63.201.152 - - [10/Mar/2022:11:49:06 -0500] "GET /login HTTP/1.1" 200 1813 "-" "Mozilla/5.0 (Macintosh; Intel Mac OS X 10_8_0 rv:5.0; en-US) AppleWebKit/533.7.6 (KHTML, like Gecko) Version/4.0 Safari/533.7.6"
215.5.21.54 - - [10/Mar/2022:11:49:07 -0500] "GET /sensitiveAction HTTP/1.1" 200 1704 "-" "Mozilla/5.0 (X11; Linux i686) AppleWebKit/5320 (KHTML, like Gecko) Chrome/39.0.876.0 Mobile Safari/5320"
140.85.152.154 - - [10/Mar/2022:11:49:08 -0500] "GET /5th%20generation HTTP/1.1" 200 2922 "-" "Opera/8.89 (Macintosh; U; Intel Mac OS X 10_8_6; en-US) Presto/2.11.211 Version/10.00"
154.63.201.152 - - [10/Mar/2022:11:49:09 -0500] "PATCH /5th%20generation%20portal HTTP/1.1" 200 2112 "-" "Mozilla/5.0 (Macintosh; U; PPC Mac OS X 10_9_7 rv:5.0; en-US) AppleWebKit/535.30.4 (KHTML, like Gecko) Version/4.1 Safari/535.30.4"
215.5.21.54 - - [10/Mar/2022:11:49:10 -0500] "DELETE /Front-line-Managed/executive%20Multi-tiered HTTP/1.1" 200 1308 "-" "Mozilla/5.0 (Macintosh; U; PPC Mac OS X 10_7_3 rv:6.0; en-US) AppleWebKit/531.38.2 (KHTML, like Gecko) Version/4.1 Safari/531.38.2"
100.200.6.35 - - [10/Mar/2022:11:49:11 -0500] "POST /secured%20line HTTP/1.1" 200 1016 "-" "Opera/10.38 (Windows 98; Win 9x 4.90; en-US) Presto/2.10.226 Version/12.00"
215.5.21.54 - - [10/Mar/2022:11:49:12 -0500] "PUT /login HTTP/1.1" 400 51 "-" "Mozilla/5.0 (Macintosh; Intel Mac OS X 10_8_5) AppleWebKit/5311 (KHTML, like Gecko) Chrome/36.0.895.0 Mobile Safari/5311"
154.63.201.152 - - [10/Mar/2022:11:49:13 -0500] "GET /nonSensitiveAction HTTP/1.1" 200 2494 "-" "Opera/10.65 (Windows NT 6.2; en-US) Presto/2.9.352 Version/13.00"
154.63.201.152 - - [10/Mar/2022:11:49:14 -0500] "GET /Enhanced/projection HTTP/1.1" 200 843 "-" "Mozilla/5.0 (X11; Linux x86_64) AppleWebKit/5342 (KHTML, like Gecko) Chrome/38.0.820.0 Mobile Safari/5342"
215.5.21.54 - - [10/Mar/2022:11:49:15 -0500] "GET /login HTTP/1.1" 404 40 "-" "Mozilla/5.0 (Windows NT 6.2) AppleWebKit/5341 (KHTML, like Gecko) Chrome/38.0.803.0 Mobile Safari/5341"
154.63.201.152 - - [10/Mar/2022:11:49:16 -0500] "GET /anotherNonSensitiveAction HTTP/1.1" 200 2918 "-" "Mozilla/5.0 (Macintosh; PPC Mac OS X 10_5_8) AppleWebKit/5360 (KHTML, like Gecko) Chrome/40.0.850.0 Mobile Safari/5360"
215.5.21.54 - - [10/Mar/2022:11:49:17 -0500] "HEAD /nonSensitiveAction HTTP/1.1" 200 2155 "-" "Opera/9.10 (Macintosh; U; PPC Mac OS X 10_9_9; en-US) Presto/2.11.335 Version/13.00"
221.100.53.108 - - [10/Mar/2022:11:49:18 -0500] "GET /sensitiveAction HTTP/1.1" 200 1690 "-" "Opera/10.69 (Macintosh; PPC Mac OS X 10_5_7; en-US) Presto/2.10.171 Version/12.00"
154.63.201.152 - - [10/Mar/2022:11:49:19 -0500] "HEAD /nonSensitiveAction HTTP/1.1" 200 897 "-" "Mozilla/5.0 (X11; Linux i686) AppleWebKit/5330 (KHTML, like Gecko) Chrome/40.0.871.0 Mobile Safari/5330"
140.85.152.154 - - [10/Mar/2022:11:49:20 -0500] "DELETE /uniform_Synergistic/capacity HTTP/1.1" 200 2493 "-" "Mozilla/5.0 (Macintosh; PPC Mac OS X 10_6_3 rv:5.0; en-US) AppleWebKit/535.42.6 (KHTML, like Gecko) Version/6.1 Safari/535.42.6"
154.63.201.152 - - [10/Mar/2022:11:49:21 -0500] "GET /login HTTP/1.1" 200 1453 "-" "Mozilla/5.0 (Windows CE) AppleWebKit/5341 (KHTML, like Gecko) Chrome/40.0.851.0 Mobile Safari/5341"
140.85.152.154 - - [10/Mar/2022:11:49:22 -0500] "POST /zero%20tolerance%20database-task-force HTTP/1.1" 404 119 "-" "Opera/10.83 (Windows CE; en-US) Presto/2.12.314 Version/11.00"
100.200.6.35 - - [10/Mar/2022:11:49:23 -0500] "GET /anotherNonSensitiveAction HTTP/1.1" 200 1612 "-" "Mozilla/5.0 (X11; Linux i686) AppleWebKit/5340 (KHTML, like Gecko) Chrome/36.0.865.0 Mobile Safari/5340"
215.5.21.54 - - [10/Mar/2022:11:49:24 -0500] "HEAD /Grass-roots HTTP/1.1" 200 2795 "-" "Mozilla/5.0 (Windows NT 6.1) AppleWebKit/5330 (KHTML, like Gecko) Chrome/37.0.814.0 Mobile Safari/5330"
215.5.21.54 - - [10/Mar/2022:11:49:25 -0500] "GET /Optimized HTTP/1.1" 400 33 "-" "Mozilla/5.0 (Windows; U; Windows NT 5.2) AppleWebKit/532.42.4 (KHTML, like Gecko) Version/5.1 Safari/532.42.4"
221.100.53.108 - - [10/Mar/2022:11:49:26 -0500] "GET /nonSensitiveAction HTTP/1.1" 200 1449 "-" "Mozilla/5.0 (Macintosh; U; PPC Mac OS X 10_7_10 rv:3.0) Gecko/1929-17-08 Firefox/35.0"
221.100.53.108 - - [10/Mar/2022:11:49:27 -0500] "GET /protocol_static/Mandatory HTTP/1.1" 200 1858 "-" "Mozilla/5.0 (Windows NT 5.01) AppleWebKit/5332 (KHTML, like Gecko) Chrome/40.0.834.0 Mobile Safari/5332"
215.5.21.54 - - [10/Mar/2022:11:49:28 -0500] "GET /productivity/Streamlined/Universal%20Fully-configurable HTTP/1.1" 200 2498 "-" "Opera/9.39 (X11; Linux x86_64; en-US) Presto/2.9.306 Version/13.00"
154.63.201.152 - - [10/Mar/2022:11:49:29 -0500] "DELETE /synergy_Graphical%20User%20Interface_real-time_Mandatory HTTP/1.1" 200 2839 "-" "Opera/9.92 (Macintosh; U; Intel Mac OS X 10_7_10; en-US) Presto/2.10.255 Version/12.00"
221.100.53.108 - - [10/Mar/2022:11:49:30 -0500] "GET /upward-trending/directional-parallelism_Distributed HTTP/1.1" 200 2019 "-" "Opera/10.81 (Macintosh; U; Intel Mac OS X 10_6_4; en-US) Presto/2.10.185 Version/12.00"
140.85.152.154 - - [10/Mar/2022:11:49:31 -0500] "GET /nonSensitiveAction HTTP/1.1" 302 51 "-" "Mozilla/5.0 (Windows; U; Windows NT 6.1) AppleWebKit/531.3.1 (KHTML, like Gecko) Version/6.1 Safari/531.3.1"
215.5.21.54 - - [10/Mar/2022:11:49:32 -0500] "GET /sensitiveAction HTTP/1.1" 200 2932 "-" "Opera/10.76 (X11; Linux i686; en-US) Presto/2.9.287 Version/11.00"
140.85.152.154 - - [10/Mar/2022:11:49:33 -0500] "GET /eco-centric%20firmware_Customizable/non-volatile%20Intuitive HTTP/1.1" 200 1690 "-" "Mozilla/5.0 (Macintosh; Intel Mac OS X 10_9_9 rv:4.0; en-US) AppleWebKit/533.47.2 (KHTML, like Gecko) Version/5.0 Safari/533.47.2"
140.85.152.154 - - [10/Mar/2022:11:49:34 -0500] "GET /sensitiveAction HTTP/1.1" 404 66 "-" "Mozilla/5.0 (iPhone; CPU iPhone OS 7_1_2 like Mac OS X; en-US) AppleWebKit/531.17.8 (KHTML, like Gecko) Version/4.0.5 Mobile/8B113 Safari/6531.17.8"
154.63.201.152 - - [10/Mar/2022:11:49:35 -0500] "GET /login HTTP/1.1" 200 1905 "-" "Mozilla/5.0 (X11; Linux i686) AppleWebKit/5341 (KHTML, like Gecko) Chrome/37.0.823.0 Mobile Safari/5341"
140.85.152.154 - - [10/Mar/2022:11:49:36 -0500] "GET /superstructure_cohesive/contextually-based/knowledge%20user HTTP/1.1" 200 2662 "-" "Opera/8.62 (X11; Linux x86_64; en-US) Presto/2.9.252 Version/10.00"
221.100.53.108 - - [10/Mar/2022:11:49:37 -0500] "PUT /login HTTP/1.1" 500 30 "-" "Mozilla/5.0 (Windows; U; Windows NT 6.1) AppleWebKit/533.11.3 (KHTML, like Gecko) Version/4.0 Safari/533.11.3"
140.85.152.154 - - [10/Mar/2022:11:49:38 -0500] "GET /holistic/full-range-utilisation_toolset%20core HTTP/1.1" 200 989 "-" "Mozilla/5.0 (X11; Linux x86_64) AppleWebKit/5322 (KHTML, like Gecko) Chrome/36.0.839.0 Mobile Safari/5322"
215.5.21.54 - - [10/Mar/2022:11:49:39 -0500] "GET /login HTTP/1.1" 500 35 "-" "Mozilla/5.0 (Macintosh; U; PPC Mac OS X 10_5_7 rv:6.0) Gecko/1999-06-02 Firefox/37.0"
100.200.6.35 - - [10/Mar/2022:11:49:40 -0500] "HEAD /nonSensitiveAction HTTP/1.1" 200 1553 "-" "Mozilla/5.0 (Macintosh; Intel Mac OS X 10_5_2) AppleWebKit/5360 (KHTML, like Gecko) Chrome/38.0.829.0 Mobile Safari/5360"
140.85.152.154 - - [10/Mar/2022:11:49:41 -0500] "GET /Versatile%20alliance/Programmable-Total HTTP/1.1" 200 2932 "-" "Mozilla/5.0 (Macintosh; PPC Mac OS X 10_8_2 rv:4.0) Gecko/1981-26-03 Firefox/36.0"
221.100.53.108 - - [10/Mar/2022:11:49:42 -0500] "GET /tangible_capacity-contextually-based_24/7-maximized HTTP/1.1" 200 1350 "-" "Mozilla/5.0 (Macintosh; PPC Mac OS X 10_9_5 rv:4.0; en-US) AppleWebKit/533.5.8 (KHTML, like Gecko) Version/4.0 Safari/533.5.8"
215.5.21.54 - - [10/Mar/2022:11:49:43 -0500] "GET /bifurcated/solution HTTP/1.1" 200 1785 "-" "Mozilla/5.0 (X11; Linux i686) AppleWebKit/5361 (KHTML, like Gecko) Chrome/36.0.842.0 Mobile Safari/5361"
215.5.21.54 - - [10/Mar/2022:11:49:44 -0500] "GET /nonSensitiveAction HTTP/1.1" 200 2003 "-" "Mozilla/5.0 (X11; Linux x86_64; rv:6.0) Gecko/1949-21-06 Firefox/37.0"
100.200.6.35 - - [10/Mar/2022:11:49:45 -0500] "GET /sensitiveAction HTTP/1.1" 200 1103 "-" "Mozilla/5.0 (iPhone; CPU iPhone OS 8_2_1 like Mac OS X; en-US) AppleWebKit/532.43.5 (KHTML, like Gecko) Version/4.0.5 Mobile/8B112 Safari/6532.43.5"
140.85.152.154 - - [10/Mar/2022:11:49:46 -0500] "GET /sensitiveAction HTTP/1.1" 200 2828 "-" "Mozilla/5.0 (Windows 98) AppleWebKit/5350 (KHTML, like Gecko) Chrome/40.0.862.0 Mobile Safari/5350"
100.200.6.35 - - [10/Mar/2022:11:49:47 -0500] "PUT /approach-Balanced/Programmable%20well-modulated_Customizable HTTP/1.1" 200 2259 "-" "Mozilla/5.0 (X11; Linux x86_64) AppleWebKit/5330 (KHTML, like Gecko) Chrome/40.0.871.0 Mobile Safari/5330"
100.200.6.35 - - [10/Mar/2022:11:49:48 -0500] "GET /sensitiveAction HTTP/1.1" 200 2812 "-" "Mozilla/5.0 (Windows; U; Windows 98) AppleWebKit/533.16.7 (KHTML, like Gecko) Version/6.2 Safari/533.16.7"
100.200.6.35 - - [10/Mar/2022:11:49:49 -0500] "GET /sensitiveAction HTTP/1.1" 200 2261 "-" "Mozilla/5.0 (Macintosh; U; PPC Mac OS X 10_5_7 rv:7.0; en-US) AppleWebKit/532.7.4 (KHTML, like Gecko) Version/4.0 Safari/532.7.4"
140.85.152.154 - - [10/Mar/2022:11:49:50 -0500] "GET /anotherNonSensitiveAction HTTP/1.1" 200 935 "-" "Mozilla/5.0 (Macintosh; U; Intel Mac OS X 10_5_3 rv:4.0; en-US) AppleWebKit/534.18.2 (KHTML, like Gecko) Version/4.0 Safari/534.18.2"
140.85.152.154 - - [10/Mar/2022:11:49:51 -0500] "GET /concept/full-range%20emulation/coherent-customer%20loyalty HTTP/1.1" 200 3031 "-" "Mozilla/5.0 (X11; Linux i686; rv:7.0) Gecko/2010-04-05 Firefox/35.0"
154.63.201.152 - - [10/Mar/2022:11:49:52 -0500] "GET /anotherNonSensitiveAction HTTP/1.1" 200 2993 "-" "Mozilla/5.0 (X11; Linux i686; rv:8.0) Gecko/1958-06-02 Firefox/35.0"
140.85.152.154 - - [10/Mar/2022:11:49:53 -0500] "GET /login HTTP/1.1" 302 46 "-" "Mozilla/5.0 (Macintosh; PPC Mac OS X 10_8_8) AppleWebKit/5321 (KHTML, like Gecko) Chrome/39.0.832.0 Mobile Safari/5321"
215.5.21.54 - - [10/Mar/2022:11:49:54 -0500] "GET /heuristic HTTP/1.1" 200 1334 "-" "Mozilla/5.0 (Macintosh; PPC Mac OS X 10_5_0) AppleWebKit/5322 (KHTML, like Gecko) Chrome/36.0.841.0 Mobile Safari/5322"
140.85.152.154 - - [10/Mar/2022:11:49:55 -0500] "GET /local%20area%20network HTTP/1.1" 200 1296 "-" "Mozilla/5.0 (Macintosh; Intel Mac OS X 10_8_6) AppleWebKit/5340 (KHTML, like Gecko) Chrome/38.0.814.0 Mobile Safari/5340"
154.63.201.152 - - [10/Mar/2022:11:49:56 -0500] "GET /moderator HTTP/1.1" 302 57 "-" "Mozilla/5.0 (Windows 98; en-US; rv:1.9.0.20) Gecko/1922-12-05 Firefox/37.0"
154.63.201.152 - - [10/Mar/2022:11:49:57 -0500] "HEAD /workforce_client-server_Seamless/forecast-well-modulated HTTP/1.1" 200 2682 "-" "Mozilla/5.0 (Macintosh; PPC Mac OS X 10_7_8) AppleWebKit/5321 (KHTML, like Gecko) Chrome/36.0.883.0 Mobile Safari/5321"
140.85.152.154 - - [10/Mar/2022:11:49:58 -0500] "POST /client-driven-User-centric-Function-based/Programmable HTTP/1.1" 301 32 "-" "Mozilla/5.0 (Macintosh; PPC Mac OS X 10_7_8) AppleWebKit/5312 (KHTML, like Gecko) Chrome/39.0.887.0 Mobile Safari/5312"
154.63.201.152 - - [10/Mar/2022:11:49:59 -0500] "GET /anotherNonSensitiveAction HTTP/1.1" 400 88 "-" "Mozilla/5.0 (X11; Linux x86_64; rv:5.0) Gecko/1999-06-07 Firefox/35.0"
215.5.21.54 - - [10/Mar/2022:11:50:00 -0500] "GET /anotherNonSensitiveAction HTTP/1.1" 200 2760 "-" "Mozilla/5.0 (Macintosh; Intel Mac OS X 10_9_1) AppleWebKit/5320 (KHTML, like Gecko) Chrome/37.0.880.0 Mobile Safari/5320"
154.63.201.152 - - [10/Mar/2022:11:50:01 -0500] "GET /anotherNonSensitiveAction HTTP/1.1" 500 56 "-" "Mozilla/5.0 (Windows; U; Windows 98) AppleWebKit/534.13.2 (KHTML, like Gecko) Version/6.0 Safari/534.13.2"
154.63.201.152 - - [10/Mar/2022:11:50:02 -0500] "PATCH /sensitiveAction HTTP/1.1" 200 1151 "-" "Mozilla/5.0 (Macintosh; Intel Mac OS X 10_7_2) AppleWebKit/5361 (KHTML, like Gecko) Chrome/36.0.804.0 Mobile Safari/5361"
100.200.6.35 - - [10/Mar/2022:11:50:03 -0500] "GET /anotherNonSensitiveAction HTTP/1.1" 500 72 "-" "Mozilla/5.0 (Windows NT 5.0) AppleWebKit/5342 (KHTML, like Gecko) Chrome/39.0.809.0 Mobile Safari/5342"
140.85.152.154 - - [10/Mar/2022:11:50:04 -0500] "GET /framework_Vision-oriented/executive/hierarchy HTTP/1.1" 200 2227 "-" "Mozilla/5.0 (X11; Linux x86_64; rv:5.0) Gecko/1970-28-07 Firefox/35.0"
221.100.53.108 - - [10/Mar/2022:11:50:05 -0500] "GET /nonSensitiveAction HTTP/1.1" 200 1716 "-" "Mozilla/5.0 (Macintosh; U; Intel Mac OS X 10_8_7) AppleWebKit/5342 (KHTML, like Gecko) Chrome/40.0.849.0 Mobile Safari/5342"
100.200.6.35 - - [10/Mar/2022:11:50:06 -0500] "GET /real-time/synergy/Enterprise-wide HTTP/1.1" 200 2806 "-" "Mozilla/5.0 (Windows NT 6.0) AppleWebKit/5320 (KHTML, like Gecko) Chrome/36.0.812.0 Mobile Safari/5320"
154.63.201.152 - - [10/Mar/2022:11:50:07 -0500] "GET /non-volatile-system%20engine-archive_matrix/Business-focused HTTP/1.1" 200 2536 "-" "Mozilla/5.0 (Windows 98) AppleWebKit/5350 (KHTML, like Gecko) Chrome/36.0.854.0 Mobile Safari/5350"
100.200.6.35 - - [10/Mar/2022:11:50:08 -0500] "DELETE /policy HTTP/1.1" 200 2013 "-" "Opera/8.81 (X11; Linux i686; en-US) Presto/2.9.264 Version/11.00"
215.5.21.54 - - [10/Mar/2022:11:50:09 -0500] "POST /sensitiveAction HTTP/1.1" 200 1147 "-" "Opera/9.13 (X11; Linux x86_64; en-US) Presto/2.8.349 Version/13.00"
100.200.6.35 - - [10/Mar/2022:11:50:10 -0500] "PUT /installation_complexity-knowledge%20user-demand-driven-grid-enabled HTTP/1.1" 404 93 "-" "Mozilla/5.0 (Macintosh; U; PPC Mac OS X 10_7_7 rv:7.0; en-US) AppleWebKit/532.23.1 (KHTML, like Gecko) Version/5.2 Safari/532.23.1"
100.200.6.35 - - [10/Mar/2022:11:50:11 -0500] "PUT /multimedia/coherent%20Persistent-Front-line HTTP/1.1" 200 2302 "-" "Mozilla/5.0 (X11; Linux x86_64) AppleWebKit/5330 (KHTML, like Gecko) Chrome/38.0.880.0 Mobile Safari/5330"
154.63.201.152 - - [10/Mar/2022:11:50:12 -0500] "GET /foreground/hardware%20orchestration/Intuitive HTTP/1.1" 200 1696 "-" "Mozilla/5.0 (Macintosh; U; Intel Mac OS X 10_7_10) AppleWebKit/5311 (KHTML, like Gecko) Chrome/37.0.862.0 Mobile Safari/5311"
221.100.53.108 - - [10/Mar/2022:11:50:13 -0500] "GET /login HTTP/1.1" 301 105 "-" "Opera/8.89 (Windows 98; en-US) Presto/2.12.329 Version/11.00"
154.63.201.152 - - [10/Mar/2022:11:50:14 -0500] "GET /sensitiveAction HTTP/1.1" 200 1533 "-" "Mozilla/5.0 (Macintosh; U; Intel Mac OS X 10_7_10 rv:7.0; en-US) AppleWebKit/533.49.1 (KHTML, like Gecko) Version/4.1 Safari/533.49.1"
140.85.152.154 - - [10/Mar/2022:11:50:15 -0500] "GET /anotherNonSensitiveAction HTTP/1.1" 200 2395 "-" "Opera/8.59 (X11; Linux x86_64; en-US) Presto/2.10.205 Version/12.00"
100.200.6.35 - - [10/Mar/2022:11:50:16 -0500] "POST /sensitiveAction HTTP/1.1" 200 1061 "-" "Mozilla/5.0 (Macintosh; U; PPC Mac OS X 10_8_3 rv:2.0) Gecko/1919-07-04 Firefox/35.0"
154.63.201.152 - - [10/Mar/2022:11:50:17 -0500] "PATCH /sensitiveAction HTTP/1.1" 200 966 "-" "Mozilla/5.0 (Macintosh; Intel Mac OS X 10_6_7 rv:5.0; en-US) AppleWebKit/534.40.5 (KHTML, like Gecko) Version/5.2 Safari/534.40.5"
100.200.6.35 - - [10/Mar/2022:11:50:18 -0500] "GET /tangible_Digitized/6th%20generation_leverage HTTP/1.1" 200 1282 "-" "Mozilla/5.0 (Windows NT 6.1) AppleWebKit/5331 (KHTML, like Gecko) Chrome/39.0.879.0 Mobile Safari/5331"
100.200.6.35 - - [10/Mar/2022:11:50:19 -0500] "GET /nonSensitiveAction HTTP/1.1" 200 970 "-" "Mozilla/5.0 (X11; Linux i686; rv:6.0) Gecko/1968-16-05 Firefox/36.0"
215.5.21.54 - - [10/Mar/2022:11:50:20 -0500] "GET /login HTTP/1.1" 200 1523 "-" "Mozilla/5.0 (X11; Linux i686) AppleWebKit/5362 (KHTML, like Gecko) Chrome/37.0.857.0 Mobile Safari/5362"
100.200.6.35 - - [10/Mar/2022:11:50:21 -0500] "GET /anotherNonSensitiveAction HTTP/1.1" 200 1611 "-" "Mozilla/5.0 (X11; Linux x86_64) AppleWebKit/5321 (KHTML, like Gecko) Chrome/39.0.805.0 Mobile Safari/5321"
215.5.21.54 - - [10/Mar/2022:11:50:22 -0500] "GET /login HTTP/1.1" 301 63 "-" "Opera/10.50 (X11; Linux i686; en-US) Presto/2.12.255 Version/10.00"
215.5.21.54 - - [10/Mar/2022:11:50:23 -0500] "POST /login HTTP/1.1" 200 1748 "-" "Mozilla/5.0 (Macintosh; PPC Mac OS X 10_8_5 rv:7.0; en-US) AppleWebKit/533.17.2 (KHTML, like Gecko) Version/4.1 Safari/533.17.2"
215.5.21.54 - - [10/Mar/2022:11:50:24 -0500] "DELETE /nonSensitiveAction HTTP/1.1" 200 3009 "-" "Opera/9.75 (Macintosh; PPC Mac OS X 10_6_4; en-US) Presto/2.11.204 Version/12.00"
215.5.21.54 - - [10/Mar/2022:11:50:25 -0500] "GET /login HTTP/1.1" 500 103 "-" "Mozilla/5.0 (Windows NT 6.1; en-US; rv:1.9.3.20) Gecko/1929-25-08 Firefox/35.0"
215.5.21.54 - - [10/Mar/2022:11:50:26 -0500] "GET /anotherNonSensitiveAction HTTP/1.1" 200 908 "-" "Mozilla/5.0 (Windows NT 6.0; en-US; rv:1.9.1.20) Gecko/1909-12-11 Firefox/35.0"
154.63.201.152 - - [10/Mar/2022:11:50:27 -0500] "GET /sensitiveAction HTTP/1.1" 200 3093 "-" "Opera/9.77 (Windows 98; en-US) Presto/2.8.222 Version/13.00"
100.200.6.35 - - [10/Mar/2022:11:50:28 -0500] "GET /Graphical%20User%20Interface%20Down-sized HTTP/1.1" 200 2021 "-" "Mozilla/5.0 (iPad; CPU OS 8_3_2 like Mac OS X; en-US) AppleWebKit/532.31.6 (KHTML, like Gecko) Version/5.0.5 Mobile/8B116 Safari/6532.31.6"
100.200.6.35 - - [10/Mar/2022:11:50:29 -0500] "DELETE /knowledge%20base/software HTTP/1.1" 200 2802 "-" "Mozilla/5.0 (Windows NT 5.2) AppleWebKit/5320 (KHTML, like Gecko) Chrome/38.0.898.0 Mobile Safari/5320"
140.85.152.154 - - [10/Mar/2022:11:50:30 -0500] "DELETE /anotherNonSensitiveAction HTTP/1.1" 301 113 "-" "Mozilla/5.0 (Windows NT 6.1; en-US; rv:1.9.3.20) Gecko/1924-29-11 Firefox/36.0"
154.63.201.152 - - [10/Mar/2022:11:50:31 -0500] "PATCH /definition-Graphic%20Interface-success-moderator HTTP/1.1" 200 912 "-" "Mozilla/5.0 (Windows NT 5.01) AppleWebKit/5360 (KHTML, like Gecko) Chrome/36.0.834.0 Mobile Safari/5360"
215.5.21.54 - - [10/Mar/2022:11:50:32 -0500] "GET /stable/protocol/Ergonomic_flexibility HTTP/1.1" 200 1830 "-" "Mozilla/5.0 (Windows 98; Win 9x 4.90) AppleWebKit/5310 (KHTML, like Gecko) Chrome/40.0.885.0 Mobile Safari/5310"
140.85.152.154 - - [10/Mar/2022:11:50:33 -0500] "GET /attitude-oriented/Profound_Programmable/actuating_Function-based HTTP/1.1" 500 119 "-" "Mozilla/5.0 (Macintosh; PPC Mac OS X 10_5_7 rv:4.0) Gecko/1987-16-03 Firefox/35.0"
140.85.152.154 - - [10/Mar/2022:11:50:34 -0500] "POST /User-friendly/Persistent-Synergistic HTTP/1.1" 200 1982 "-" "Mozilla/5.0 (X11; Linux i686) AppleWebKit/5350 (KHTML, like Gecko) Chrome/38.0.865.0 Mobile Safari/5350"
100.200.6.35 - - [10/Mar/2022:11:50:35 -0500] "GET /Extended/capacity HTTP/1.1" 200 1194 "-" "Opera/8.65 (X11; Linux i686; en-US) Presto/2.11.302 Version/11.00"
100.200.6.35 - - [10/Mar/2022:11:50:36 -0500] "HEAD /incremental/Extended-User-friendly-Secured/access HTTP/1.1" 404 72 "-" "Mozilla/5.0 (Windows NT 6.1) AppleWebKit/5331 (KHTML, like Gecko) Chrome/37.0.814.0 Mobile Safari/5331"
221.100.53.108 - - [10/Mar/2022:11:50:37 -0500] "GET /anotherNonSensitiveAction HTTP/1.1" 200 2781 "-" "Opera/8.34 (X11; Linux x86_64; en-US) Presto/2.12.315 Version/12.00"
215.5.21.54 - - [10/Mar/2022:11:50:38 -0500] "GET /logistical-standardization/fault-tolerant/bi-directional_Focused HTTP/1.1" 200 2359 "-" "Mozilla/5.0 (Windows; U; Windows NT 5.2) AppleWebKit/531.28.3 (KHTML, like Gecko) Version/6.1 Safari/531.28.3"
100.200.6.35 - - [10/Mar/2022:11:50:39 -0500] "GET /Public-key-Centralized-algorithm-Ergonomic HTTP/1.1" 200 1734 "-" "Mozilla/5.0 (Windows NT 5.01; en-US; rv:1.9.2.20) Gecko/1983-07-10 Firefox/37.0"
215.5.21.54 - - [10/Mar/2022:11:50:40 -0500] "GET /sensitiveAction HTTP/1.1" 200 1039 "-" "Mozilla/5.0 (Windows NT 5.0) AppleWebKit/5342 (KHTML, like Gecko) Chrome/38.0.886.0 Mobile Safari/5342"
140.85.152.154 - - [10/Mar/2022:11:50:41 -0500] "POST /circuit%20capability-conglomeration-conglomeration_Compatible HTTP/1.1" 400 83 "-" "Opera/8.16 (Macintosh; U; Intel Mac OS X 10_5_6; en-US) Presto/2.13.265 Version/13.00"
215.5.21.54 - - [10/Mar/2022:11:50:42 -0500] "GET /secondary/user-facing/systematic_asynchronous-firmware HTTP/1.1" 400 49 "-" "Mozilla/5.0 (Macintosh; U; Intel Mac OS X 10_9_1) AppleWebKit/5330 (KHTML, like Gecko) Chrome/40.0.871.0 Mobile Safari/5330"
154.63.201.152 - - [10/Mar/2022:11:50:43 -0500] "GET /anotherNonSensitiveAction HTTP/1.1" 200 2263 "-" "Mozilla/5.0 (Windows NT 5.01) AppleWebKit/5312 (KHTML, like Gecko) Chrome/36.0.869.0 Mobile Safari/5312"
100.200.6.35 - - [10/Mar/2022:11:50:44 -0500] "GET /login HTTP/1.1" 200 2578 "-" "Mozilla/5.0 (Macintosh; Intel Mac OS X 10_7_6) AppleWebKit/5321 (KHTML, like Gecko) Chrome/37.0.869.0 Mobile Safari/5321"
100.200.6.35 - - [10/Mar/2022:11:50:45 -0500] "DELETE /anotherNonSensitiveAction HTTP/1.1" 200 2077 "-" "Mozilla/5.0 (X11; Linux x86_64; rv:5.0) Gecko/1919-18-06 Firefox/36.0"
215.5.21.54 - - [10/Mar/2022:11:50:46 -0500] "GET /login HTTP/1.1" 200 968 "-" "Mozilla/5.0 (Windows NT 6.2) AppleWebKit/5342 (KHTML, like Gecko) Chrome/40.0.820.0 Mobile Safari/5342"
154.63.201.152 - - [10/Mar/2022:11:50:47 -0500] "HEAD /nonSensitiveAction HTTP/1.1" 200 1216 "-" "Mozilla/5.0 (X11; Linux x86_64) AppleWebKit/5362 (KHTML, like Gecko) Chrome/38.0.844.0 Mobile Safari/5362"
140.85.152.154 - - [10/Mar/2022:11:50:48 -0500] "GET /adapter%20Right-sized-Digitized/24%20hour HTTP/1.1" 200 1718 "-" "Mozilla/5.0 (Macintosh; U; Intel Mac OS X 10_6_4) AppleWebKit/5330 (KHTML, like Gecko) Chrome/40.0.880.0 Mobile Safari/5330"
100.200.6.35 - - [10/Mar/2022:11:50:49 -0500] "GET /software HTTP/1.1" 200 1138 "-" "Mozilla/5.0 (iPad; CPU OS 8_0_1 like Mac OS X; en-US) AppleWebKit/536.32.1 (KHTML, like Gecko) Version/5.0.5 Mobile/8B117 Safari/6536.32.1"
154.63.201.152 - - [10/Mar/2022:11:50:50 -0500] "GET /hardware HTTP/1.1" 400 70 "-" "Mozilla/5.0 (Macintosh; PPC Mac OS X 10_9_6) AppleWebKit/5351 (KHTML, like Gecko) Chrome/37.0.822.0 Mobile Safari/5351"
221.100.53.108 - - [10/Mar/2022:11:50:51 -0500] "GET /sensitiveAction HTTP/1.1" 500 92 "-" "Mozilla/5.0 (iPad; CPU OS 7_0_3 like Mac OS X; en-US) AppleWebKit/536.32.6 (KHTML, like Gecko) Version/5.0.5 Mobile/8B115 Safari/6536.32.6"
100.200.6.35 - - [10/Mar/2022:11:50:52 -0500] "HEAD /Realigned-migration_utilisation/Virtual HTTP/1.1" 200 2639 "-" "Mozilla/5.0 (Macintosh; U; PPC Mac OS X 10_5_6) AppleWebKit/5312 (KHTML, like Gecko) Chrome/36.0.807.0 Mobile Safari/5312"
100.200.6.35 - - [10/Mar/2022:11:50:53 -0500] "GET /nonSensitiveAction HTTP/1.1" 200 2392 "-" "Mozilla/5.0 (X11; Linux i686; rv:5.0) Gecko/1931-29-09 Firefox/36.0"
215.5.21.54 - - [10/Mar/2022:11:50:54 -0500] "HEAD /exuding/transitional HTTP/1.1" 200 1201 "-" "Mozilla/5.0 (Windows NT 6.0) AppleWebKit/5361 (KHTML, like Gecko) Chrome/39.0.882.0 Mobile Safari/5361"
140.85.152.154 - - [10/Mar/2022:11:50:55 -0500] "GET /anotherNonSensitiveAction HTTP/1.1" 200 2990 "-" "Mozilla/5.0 (Windows 95) AppleWebKit/5322 (KHTML, like Gecko) Chrome/36.0.805.0 Mobile Safari/5322"
221.100.53.108 - - [10/Mar/2022:11:50:56 -0500] "GET /sensitiveAction HTTP/1.1" 200 1521 "-" "Mozilla/5.0 (Macintosh; Intel Mac OS X 10_7_7) AppleWebKit/5312 (KHTML, like Gecko) Chrome/39.0.828.0 Mobile Safari/5312"
140.85.152.154 - - [10/Mar/2022:11:50:57 -0500] "GET /contingency-contingency%20Persistent/ability-6th%20generation HTTP/1.1" 200 2999 "-" "Mozilla/5.0 (X11; Linux i686; rv:5.0) Gecko/2005-23-06 Firefox/36.0"
221.100.53.108 - - [10/Mar/2022:11:50:58 -0500] "PUT /local HTTP/1.1" 200 1811 "-" "Mozilla/5.0 (Windows NT 5.01) AppleWebKit/5332 (KHTML, like Gecko) Chrome/39.0.861.0 Mobile Safari/5332"
140.85.152.154 - - [10/Mar/2022:11:50:59 -0500] "GET /nonSensitiveAction HTTP/1.1" 200 1936 "-" "Mozilla/5.0 (Macintosh; Intel Mac OS X 10_6_8) AppleWebKit/5340 (KHTML, like Gecko) Chrome/37.0.820.0 Mobile Safari/5340"
221.100.53.108 - - [10/Mar/2022:11:51:00 -0500] "GET /capability-Synergistic/Ergonomic/Grass-roots/Future-proofed HTTP/1.1" 200 1243 "-" "Mozilla/5.0 (Windows NT 5.01) AppleWebKit/5322 (KHTML, like Gecko) Chrome/39.0.849.0 Mobile Safari/5322"
221.100.53.108 - - [10/Mar/2022:11:51:01 -0500] "GET /reciprocal/forecast HTTP/1.1" 500 52 "-" "Mozilla/5.0 (Macintosh; Intel Mac OS X 10_7_4 rv:5.0) Gecko/1970-06-10 Firefox/36.0"
154.63.201.152 - - [10/Mar/2022:11:51:02 -0500] "GET /nonSensitiveAction HTTP/1.1" 200 820 "-" "Mozilla/5.0 (X11; Linux x86_64) AppleWebKit/5362 (KHTML, like Gecko) Chrome/37.0.813.0 Mobile Safari/5362"
140.85.152.154 - - [10/Mar/2022:11:51:03 -0500] "GET /flexibility HTTP/1.1" 200 2631 "-" "Mozilla/5.0 (X11; Linux x86_64) AppleWebKit/5351 (KHTML, like Gecko) Chrome/40.0.881.0 Mobile Safari/5351"
221.100.53.108 - - [10/Mar/2022:11:51:04 -0500] "GET /leverage-regional HTTP/1.1" 200 2890 "-" "Mozilla/5.0 (Macintosh; Intel Mac OS X 10_6_1) AppleWebKit/5321 (KHTML, like Gecko) Chrome/36.0.815.0 Mobile Safari/5321"
221.100.53.108 - - [10/Mar/2022:11:51:05 -0500] "POST /sensitiveAction HTTP/1.1" 301 72 "-" "Mozilla/5.0 (X11; Linux x86_64) AppleWebKit/5332 (KHTML, like Gecko) Chrome/37.0.809.0 Mobile Safari/5332"
100.200.6.35 - - [10/Mar/2022:11:51:06 -0500] "GET /nonSensitiveAction HTTP/1.1" 200 2478 "-" "Mozilla/5.0 (X11; Linux i686) AppleWebKit/5321 (KHTML, like Gecko) Chrome/40.0.808.0 Mobile Safari/5321"
221.100.53.108 - - [10/Mar/2022:11:51:07 -0500] "GET /cohesive-neutral-flexibility HTTP/1.1" 302 45 "-" "Mozilla/5.0 (iPad; CPU OS 9_2_2 like Mac OS X; en-US) AppleWebKit/536.23.7 (KHTML, like Gecko) Version/4.0.5 Mobile/8B115 Safari/6536.23.7"
221.100.53.108 - - [10/Mar/2022:11:51:08 -0500] "PUT /zero%20tolerance HTTP/1.1" 500 70 "-" "Mozilla/5.0 (Macintosh; PPC Mac OS X 10_9_2 rv:6.0; en-US) AppleWebKit/535.51.4 (KHTML, like Gecko) Version/4.1 Safari/535.51.4"
215.5.21.54 - - [10/Mar/2022:11:51:09 -0500] "POST /login HTTP/1.1" 500 115 "-" "Mozilla/5.0 (Macintosh; Intel Mac OS X 10_6_4) AppleWebKit/5320 (KHTML, like Gecko) Chrome/37.0.891.0 Mobile Safari/5320"
215.5.21.54 - - [10/Mar/2022:11:51:10 -0500] "GET /approach HTTP/1.1" 200 987 "-" "Mozilla/5.0 (Macintosh; U; PPC Mac OS X 10_6_6 rv:3.0) Gecko/1986-29-03 Firefox/37.0"
140.85.152.154 - - [10/Mar/2022:11:51:11 -0500] "GET /nonSensitiveAction HTTP/1.1" 200 2945 "-" "Mozilla/5.0 (Macintosh; Intel Mac OS X 10_7_2 rv:5.0) Gecko/1938-24-10 Firefox/36.0"
140.85.152.154 - - [10/Mar/2022:11:51:12 -0500] "GET /Extended/Triple-buffered/matrix/dedicated HTTP/1.1" 200 2094 "-" "Mozilla/5.0 (X11; Linux x86_64; rv:5.0) Gecko/1979-20-05 Firefox/37.0"
215.5.21.54 - - [10/Mar/2022:11:51:13 -0500] "GET /Graphic%20Interface-Expanded/Self-enabling/local%20area%20network HTTP/1.1" 200 2831 "-" "Mozilla/5.0 (Macintosh; PPC Mac OS X 10_6_9) AppleWebKit/5330 (KHTML, like Gecko) Chrome/36.0.801.0 Mobile Safari/5330"
100.200.6.35 - - [10/Mar/2022:11:51:14 -0500] "GET /sensitiveAction HTTP/1.1" 200 1988 "-" "Mozilla/5.0 (X11; Linux i686) AppleWebKit/5311 (KHTML, like Gecko) Chrome/38.0.808.0 Mobile Safari/5311"
221.100.53.108 - - [10/Mar/2022:11:51:15 -0500] "GET /customer%20loyalty-model_firmware HTTP/1.1" 200 1849 "-" "Mozilla/5.0 (iPhone; CPU iPhone OS 9_1_1 like Mac OS X; en-US) AppleWebKit/535.12.8 (KHTML, like Gecko) Version/3.0.5 Mobile/8B119 Safari/6535.12.8"
154.63.201.152 - - [10/Mar/2022:11:51:16 -0500] "GET /architecture/matrix/Persevering-context-sensitive HTTP/1.1" 200 1358 "-" "Opera/10.29 (Windows NT 5.0; en-US) Presto/2.13.257 Version/13.00"
154.63.201.152 - - [10/Mar/2022:11:51:17 -0500] "GET /sensitiveAction HTTP/1.1" 200 2445 "-" "Mozilla/5.0 (Windows NT 4.0) AppleWebKit/5361 (KHTML, like Gecko) Chrome/38.0.865.0 Mobile Safari/5361"
100.200.6.35 - - [10/Mar/2022:11:51:18 -0500] "GET /login HTTP/1.1" 200 1433 "-" "Mozilla/5.0 (iPad; CPU OS 8_1_2 like Mac OS X; en-US) AppleWebKit/533.47.7 (KHTML, like Gecko) Version/5.0.5 Mobile/8B120 Safari/6533.47.7"
140.85.152.154 - - [10/Mar/2022:11:51:19 -0500] "GET /nonSensitiveAction HTTP/1.1" 200 2445 "-" "Mozilla/5.0 (Windows NT 5.2; en-US; rv:1.9.0.20) Gecko/1976-17-02 Firefox/36.0"
100.200.6.35 - - [10/Mar/2022:11:51:20 -0500] "PATCH /orchestration-Sharable/orchestration HTTP/1.1" 200 2156 "-" "Mozilla/5.0 (Macintosh; Intel Mac OS X 10_9_7) AppleWebKit/5340 (KHTML, like Gecko) Chrome/40.0.827.0 Mobile Safari/5340"
221.100.53.108 - - [10/Mar/2022:11:51:21 -0500] "GET /sensitiveAction HTTP/1.1" 200 1553 "-" "Mozilla/5.0 (X11; Linux i686) AppleWebKit/5341 (KHTML, like Gecko) Chrome/39.0.804.0 Mobile Safari/5341"
100.200.6.35 - - [10/Mar/2022:11:51:22 -0500] "GET /orchestration-hub HTTP/1.1" 200 2629 "-" "Opera/10.59 (Macintosh; U; Intel Mac OS X 10_7_3; en-US) Presto/2.12.323 Version/11.00"
140.85.152.154 - - [10/Mar/2022:11:51:23 -0500] "HEAD /sensitiveAction HTTP/1.1" 200 2422 "-" "Mozilla/5.0 (X11; Linux i686) AppleWebKit/5351 (KHTML, like Gecko) Chrome/40.0.835.0 Mobile Safari/5351"
140.85.152.154 - - [10/Mar/2022:11:51:24 -0500] "GET /login HTTP/1.1" 200 1310 "-" "Mozilla/5.0 (Macintosh; PPC Mac OS X 10_9_8) AppleWebKit/5330 (KHTML, like Gecko) Chrome/38.0.836.0 Mobile Safari/5330"
154.63.201.152 - - [10/Mar/2022:11:51:25 -0500] "GET /motivating/encoding HTTP/1.1" 200 2641 "-" "Opera/10.71 (X11; Linux i686; en-US) Presto/2.8.182 Version/10.00"
140.85.152.154 - - [10/Mar/2022:11:51:26 -0500] "GET /attitude/Graphical%20User%20Interface/Persistent/Centralized_logistical HTTP/1.1" 302 59 "-" "Mozilla/5.0 (iPad; CPU OS 9_0_1 like Mac OS X; en-US) AppleWebKit/536.14.3 (KHTML, like Gecko) Version/3.0.5 Mobile/8B118 Safari/6536.14.3"
221.100.53.108 - - [10/Mar/2022:11:51:27 -0500] "PATCH /anotherNonSensitiveAction HTTP/1.1" 200 2784 "-" "Mozilla/5.0 (Macintosh; U; Intel Mac OS X 10_8_6) AppleWebKit/5361 (KHTML, like Gecko) Chrome/37.0.897.0 Mobile Safari/5361"
221.100.53.108 - - [10/Mar/2022:11:51:28 -0500] "GET /login HTTP/1.1" 200 3045 "-" "Mozilla/5.0 (Windows 95) AppleWebKit/5362 (KHTML, like Gecko) Chrome/39.0.841.0 Mobile Safari/5362"
154.63.201.152 - - [10/Mar/2022:11:51:29 -0500] "GET /open%20system_encoding%20moratorium_Persistent HTTP/1.1" 200 2097 "-" "Mozilla/5.0 (X11; Linux i686; rv:8.0) Gecko/2004-23-01 Firefox/37.0"
215.5.21.54 - - [10/Mar/2022:11:51:30 -0500] "GET /login HTTP/1.1" 200 1290 "-" "Mozilla/5.0 (Macintosh; Intel Mac OS X 10_9_9) AppleWebKit/5350 (KHTML, like Gecko) Chrome/36.0.801.0 Mobile Safari/5350"
100.200.6.35 - - [10/Mar/2022:11:51:31 -0500] "PATCH /nonSensitiveAction HTTP/1.1" 200 2731 "-" "Mozilla/5.0 (Macintosh; Intel Mac OS X 10_9_7) AppleWebKit/5342 (KHTML, like Gecko) Chrome/36.0.828.0 Mobile Safari/5342"
154.63.201.152 - - [10/Mar/2022:11:51:32 -0500] "PATCH /Fully-configurable%20Decentralized HTTP/1.1" 200 2366 "-" "Mozilla/5.0 (Macintosh; Intel Mac OS X 10_9_1) AppleWebKit/5331 (KHTML, like Gecko) Chrome/36.0.848.0 Mobile Safari/5331"
100.200.6.35 - - [10/Mar/2022:11:51:33 -0500] "GET /dedicated/Virtual HTTP/1.1" 200 2034 "-" "Mozilla/5.0 (Windows; U; Windows NT 4.0) AppleWebKit/535.33.5 (KHTML, like Gecko) Version/5.2 Safari/535.33.5"
215.5.21.54 - - [10/Mar/2022:11:51:34 -0500] "GET /ability%20ability%20explicit-groupware HTTP/1.1" 200 1862 "-" "Mozilla/5.0 (Macintosh; U; Intel Mac OS X 10_5_2) AppleWebKit/5320 (KHTML, like Gecko) Chrome/38.0.859.0 Mobile Safari/5320"
154.63.201.152 - - [10/Mar/2022:11:51:35 -0500] "GET /login HTTP/1.1" 200 2106 "-" "Mozilla/5.0 (Macintosh; PPC Mac OS X 10_7_4) AppleWebKit/5331 (KHTML, like Gecko) Chrome/39.0.885.0 Mobile Safari/5331"
154.63.201.152 - - [10/Mar/2022:11:51:36 -0500] "GET /nonSensitiveAction HTTP/1.1" 200 1491 "-" "Mozilla/5.0 (iPhone; CPU iPhone OS 8_1_3 like Mac OS X; en-US) AppleWebKit/535.30.1 (KHTML, like Gecko) Version/4.0.5 Mobile/8B120 Safari/6535.30.1"
221.100.53.108 - - [10/Mar/2022:11:51:37 -0500] "GET /Business-focused HTTP/1.1" 200 2042 "-" "Mozilla/5.0 (Windows 95) AppleWebKit/5330 (KHTML, like Gecko) Chrome/37.0.837.0 Mobile Safari/5330"
140.85.152.154 - - [10/Mar/2022:11:51:38 -0500] "GET /sensitiveAction HTTP/1.1" 200 2616 "-" "Mozilla/5.0 (Macintosh; U; Intel Mac OS X 10_7_2) AppleWebKit/5331 (KHTML, like Gecko) Chrome/40.0.880.0 Mobile Safari/5331"
140.85.152.154 - - [10/Mar/2022:11:51:39 -0500] "PATCH /core%20challenge HTTP/1.1" 200 1338 "-" "Mozilla/5.0 (Macintosh; PPC Mac OS X 10_7_8 rv:6.0; en-US) AppleWebKit/534.33.2 (KHTML, like Gecko) Version/5.2 Safari/534.33.2"
215.5.21.54 - - [10/Mar/2022:11:51:40 -0500] "GET /local%20area%20network-strategy/exuding/Ameliorated-Face%20to%20face HTTP/1.1" 200 1321 "-" "Mozilla/5.0 (Macintosh; U; Intel Mac OS X 10_7_7 rv:7.0; en-US) AppleWebKit/534.39.5 (KHTML, like Gecko) Version/4.0 Safari/534.39.5"
221.100.53.108 - - [10/Mar/2022:11:51:41 -0500] "GET /upward-trending/methodology_budgetary%20management%20Vision-oriented_Mandatory HTTP/1.1" 200 2039 "-" "Mozilla/5.0 (Macintosh; Intel Mac OS X 10_6_8 rv:6.0; en-US) AppleWebKit/533.34.6 (KHTML, like Gecko) Version/4.0 Safari/533.34.6"
154.63.201.152 - - [10/Mar/2022:11:51:42 -0500] "HEAD /nonSensitiveAction HTTP/1.1" 200 1524 "-" "Opera/8.17 (Macintosh; Intel Mac OS X 10_7_6; en-US) Presto/2.13.214 Version/10.00"
140.85.152.154 - - [10/Mar/2022:11:51:43 -0500] "GET /login HTTP/1.1" 200 2355 "-" "Mozilla/5.0 (X11; Linux i686; rv:8.0) Gecko/1969-12-01 Firefox/37.0"
215.5.21.54 - - [10/Mar/2022:11:51:44 -0500] "GET /nonSensitiveAction HTTP/1.1" 200 2862 "-" "Mozilla/5.0 (X11; Linux i686) AppleWebKit/5351 (KHTML, like Gecko) Chrome/38.0.886.0 Mobile Safari/5351"
154.63.201.152 - - [10/Mar/2022:11:51:45 -0500] "GET /anotherNonSensitiveAction HTTP/1.1" 302 44 "-" "Opera/8.41 (Windows NT 5.01; en-US) Presto/2.11.281 Version/13.00"
140.85.152.154 - - [10/Mar/2022:11:51:46 -0500] "GET /login HTTP/1.1" 200 2078 "-" "Mozilla/5.0 (Windows 98; en-US; rv:1.9.2.20) Gecko/1999-11-06 Firefox/37.0"
100.200.6.35 - - [10/Mar/2022:11:51:47 -0500] "GET /anotherNonSensitiveAction HTTP/1.1" 200 2035 "-" "Mozilla/5.0 (Windows NT 5.1; en-US; rv:1.9.1.20) Gecko/1942-30-12 Firefox/37.0"
221.100.53.108 - - [10/Mar/2022:11:51:48 -0500] "HEAD /alliance/Innovative/Synergistic/local%20area%20network HTTP/1.1" 200 947 "-" "Opera/9.46 (Macintosh; Intel Mac OS X 10_5_8; en-US) Presto/2.10.328 Version/12.00"
100.200.6.35 - - [10/Mar/2022:11:51:49 -0500] "GET /ability HTTP/1.1" 200 3087 "-" "Mozilla/5.0 (Windows 98; Win 9x 4.90) AppleWebKit/5342 (KHTML, like Gecko) Chrome/36.0.814.0 Mobile Safari/5342"
221.100.53.108 - - [10/Mar/2022:11:51:50 -0500] "GET /login HTTP/1.1" 200 2615 "-" "Mozilla/5.0 (Windows 95) AppleWebKit/5331 (KHTML, like Gecko) Chrome/37.0.832.0 Mobile Safari/5331"
