221.100.53.108 - - [10/Mar/2022:11:39:41 -0500] "DELETE /login HTTP/1.1" 400 107 "-" "Mozilla/5.0 (Macintosh; PPC Mac OS X 10_7_10) AppleWebKit/5342 (KHTML, like Gecko) Chrome/37.0.869.0 Mobile Safari/5342"
215.5.21.54 - - [10/Mar/2022:11:39:42 -0500] "GET /nonSensitiveAction HTTP/1.1" 200 2716 "-" "Opera/9.33 (X11; Linux x86_64; en-US) Presto/2.11.194 Version/10.00"
215.5.21.54 - - [10/Mar/2022:11:39:43 -0500] "GET /sensitiveAction HTTP/1.1" 302 70 "-" "Mozilla/5.0 (Macintosh; Intel Mac OS X 10_8_7 rv:7.0) Gecko/1961-26-07 Firefox/35.0"
221.100.53.108 - - [10/Mar/2022:11:39:44 -0500] "GET /anotherNonSensitiveAction HTTP/1.1" 400 69 "-" "Mozilla/5.0 (X11; Linux x86_64) AppleWebKit/5362 (KHTML, like Gecko) Chrome/40.0.891.0 Mobile Safari/5362"
154.63.201.152 - - [10/Mar/2022:11:39:45 -0500] "DELETE /sensitiveAction HTTP/1.1" 200 1952 "-" "Mozilla/5.0 (Macintosh; U; PPC Mac OS X 10_5_5) AppleWebKit/5332 (KHTML, like Gecko) Chrome/40.0.853.0 Mobile Safari/5332"
154.63.201.152 - - [10/Mar/2022:11:39:46 -0500] "GET /Function-based/Optimized-portal HTTP/1.1" 200 887 "-" "Mozilla/5.0 (X11; Linux i686; rv:7.0) Gecko/1940-12-07 Firefox/36.0"
221.100.53.108 - - [10/Mar/2022:11:39:47 -0500] "GET /login HTTP/1.1" 200 2756 "-" "Mozilla/5.0 (Windows NT 5.0) AppleWebKit/5352 (KHTML, like Gecko) Chrome/39.0.854.0 Mobile Safari/5352"
221.100.53.108 - - [10/Mar/2022:11:39:48 -0500] "GET /sensitiveAction HTTP/1.1" 200 1398 "-" "Mozilla/5.0 (Windows NT 4.0; en-US; rv:1.9.2.20) Gecko/1990-21-01 Firefox/35.0"
154.63.201.152 - - [10/Mar/2022:11:39:49 -0500] "DELETE /anotherNonSensitiveAction HTTP/1.1" 500 32 "-" "Opera/10.59 (X11; Linux i686; en-US) Presto/2.8.282 Version/12.00"
221.100.53.108 - - [10/Mar/2022:11:39:50 -0500] "HEAD /nonSensitiveAction HTTP/1.1" 200 2544 "-" "Mozilla/5.0 (Macintosh; U; Intel Mac OS X 10_9_3 rv:3.0) Gecko/1958-04-01 Firefox/35.0"
140.85.152.154 - - [10/Mar/2022:11:39:51 -0500] "POST /Centralized/local%20area%20network/Optimized HTTP/1.1" 200 2300 "-" "Opera/10.85 (Windows NT 5.01; en-US) Presto/2.12.332 Version/10.00"
140.85.152.154 - - [10/Mar/2022:11:39:52 -0500] "POST /sensitiveAction HTTP/1.1" 200 2540 "-" "Mozilla/5.0 (Macintosh; Intel Mac OS X 10_9_2 rv:7.0; en-US) AppleWebKit/534.24.5 (KHTML, like Gecko) Version/4.1 Safari/534.24.5"
100.200.6.35 - - [10/Mar/2022:11:39:53 -0500] "GET /core%20eco-centric HTTP/1.1" 200 3065 "-" "Mozilla/5.0 (Macintosh; U; Intel Mac OS X 10_8_8 rv:7.0) Gecko/1920-28-10 Firefox/37.0"
221.100.53.108 - - [10/Mar/2022:11:39:54 -0500] "HEAD /sensitiveAction HTTP/1.1" 200 2820 "-" "Mozilla/5.0 (Windows NT 5.2) AppleWebKit/5331 (KHTML, like Gecko) Chrome/36.0.891.0 Mobile Safari/5331"
140.85.152.154 - - [10/Mar/2022:11:39:55 -0500] "GET /portal HTTP/1.1" 302 35 "-" "Mozilla/5.0 (Windows NT 5.2) AppleWebKit/5341 (KHTML, like Gecko) Chrome/40.0.867.0 Mobile Safari/5341"
100.200.6.35 - - [10/Mar/2022:11:39:56 -0500] "GET /function-high-level/standardization_Reduced_bottom-line HTTP/1.1" 200 925 "-" "Opera/10.10 (Macintosh; Intel Mac OS X 10_7_0; en-US) Presto/2.9.211 Version/11.00"
221.100.53.108 - - [10/Mar/2022:11:39:57 -0500] "GET /nonSensitiveAction HTTP/1.1" 200 2991 "-" "Mozilla/5.0 (Windows NT 6.0) AppleWebKit/5350 (KHTML, like Gecko) Chrome/38.0.868.0 Mobile Safari/5350"
140.85.152.154 - - [10/Mar/2022:11:39:58 -0500] "PUT /login HTTP/1.1" 200 3034 "-" "Mozilla/5.0 (Windows NT 6.1; en-US; rv:1.9.2.20) Gecko/1966-27-05 Firefox/35.0"
140.85.152.154 - - [10/Mar/2022:11:39:59 -0500] "DELETE /sensitiveAction HTTP/1.1" 200 3007 "-" "Mozilla/5.0 (Windows NT 5.01) AppleWebKit/5331 (KHTML, like Gecko) Chrome/38.0.834.0 Mobile Safari/5331"
100.200.6.35 - - [10/Mar/2022:11:40:00 -0500] "GET /dedicated HTTP/1.1" 200 2944 "-" "Mozilla/5.0 (X11; Linux i686) AppleWebKit/5311 (KHTML, like Gecko) Chrome/38.0.826.0 Mobile Safari/5311"
100.200.6.35 - - [10/Mar/2022:11:40:01 -0500] "GET /access/capacity HTTP/1.1" 200 2879 "-" "Mozilla/5.0 (X11; Linux x86_64) AppleWebKit/5322 (KHTML, like Gecko) Chrome/39.0.879.0 Mobile Safari/5322"
215.5.21.54 - - [10/Mar/2022:11:40:02 -0500] "GET /anotherNonSensitiveAction HTTP/1.1" 200 2747 "-" "Mozilla/5.0 (Macintosh; Intel Mac OS X 10_5_5 rv:4.0) Gecko/1908-16-10 Firefox/36.0"
221.100.53.108 - - [10/Mar/2022:11:40:03 -0500] "GET /nonSensitiveAction HTTP/1.1" 200 2660 "-" "Mozilla/5.0 (Macintosh; U; Intel Mac OS X 10_5_2 rv:5.0; en-US) AppleWebKit/532.6.5 (KHTML, like Gecko) Version/6.2 Safari/532.6.5"
154.63.201.152 - - [10/Mar/2022:11:40:04 -0500] "GET /nonSensitiveAction HTTP/1.1" 200 1913 "-" "Mozilla/5.0 (Windows; U; Windows NT 6.1) AppleWebKit/534.2.3 (KHTML, like Gecko) Version/6.0 Safari/534.2.3"
100.200.6.35 - - [10/Mar/2022:11:40:05 -0500] "GET /anotherNonSensitiveAction HTTP/1.1" 200 2809 "-" "Mozilla/5.0 (Windows 98) AppleWebKit/5340 (KHTML, like Gecko) Chrome/38.0.809.0 Mobile Safari/5340"
140.85.152.154 - - [10/Mar/2022:11:40:06 -0500] "GET /nonSensitiveAction HTTP/1.1" 200 1124 "-" "Mozilla/5.0 (Macintosh; Intel Mac OS X 10_9_1 rv:6.0; en-US) AppleWebKit/535.10.3 (KHTML, like Gecko) Version/4.1 Safari/535.10.3"
140.85.152.154 - - [10/Mar/2022:11:40:07 -0500] "PUT /firmware%20matrix_intranet/system%20engine%20maximized HTTP/1.1" 200 2727 "-" "Mozilla/5.0 (Windows NT 4.0) AppleWebKit/5310 (KHTML, like Gecko) Chrome/39.0.849.0 Mobile Safari/5310"
140.85.152.154 - - [10/Mar/2022:11:40:08 -0500] "GET /adapter/static%20user-facing HTTP/1.1" 200 1622 "-" "Mozilla/5.0 (Windows; U; Windows NT 5.01) AppleWebKit/535.47.5 (KHTML, like Gecko) Version/6.2 Safari/535.47.5"
215.5.21.54 - - [10/Mar/2022:11:40:09 -0500] "GET /nonSensitiveAction HTTP/1.1" 200 2571 "-" "Mozilla/5.0 (Windows; U; Windows NT 5.0) AppleWebKit/535.34.1 (KHTML, like Gecko) Version/4.0 Safari/535.34.1"
154.63.201.152 - - [10/Mar/2022:11:40:10 -0500] "GET /time-frame-Versatile HTTP/1.1" 400 95 "-" "Mozilla/5.0 (iPhone; CPU iPhone OS 8_3_2 like Mac OS X; en-US) AppleWebKit/535.29.6 (KHTML, like Gecko) Version/3.0.5 Mobile/8B111 Safari/6535.29.6"
100.200.6.35 - - [10/Mar/2022:11:40:59 -0500] "HEAD /login HTTP/1.1" 200 1118 "-" "Opera/10.59 (Macintosh; Intel Mac OS X 10_8_5; en-US) Presto/2.9.349 Version/12.00"
215.5.21.54 - - [10/Mar/2022:11:41:00 -0500] "GET /Cross-platform/even-keeled/Progressive HTTP/1.1" 200 1221 "-" "Mozilla/5.0 (X11; Linux x86_64) AppleWebKit/5332 (KHTML, like Gecko) Chrome/40.0.875.0 Mobile Safari/5332"
221.100.53.108 - - [10/Mar/2022:11:41:01 -0500] "POST /anotherNonSensitiveAction HTTP/1.1" 200 1024 "-" "Mozilla/5.0 (Macintosh; Intel Mac OS X 10_9_10) AppleWebKit/5332 (KHTML, like Gecko) Chrome/37.0.802.0 Mobile Safari/5332"
221.100.53.108 - - [10/Mar/2022:11:41:02 -0500] "GET /Compatible HTTP/1.1" 200 1874 "-" "Mozilla/5.0 (Macintosh; Intel Mac OS X 10_7_6 rv:4.0) Gecko/1998-29-06 Firefox/37.0"
154.63.201.152 - - [10/Mar/2022:11:41:03 -0500] "GET /nonSensitiveAction HTTP/1.1" 200 2516 "-" "Mozilla/5.0 (X11; Linux i686) AppleWebKit/5330 (KHTML, like Gecko) Chrome/39.0.898.0 Mobile Safari/5330"
215.5.21.54 - - [10/Mar/2022:11:41:04 -0500] "GET /login HTTP/1.1" 200 1117 "-" "Opera/10.20 (X11; Linux i686; en-US) Presto/2.10.197 Version/12.00"
221.100.53.108 - - [10/Mar/2022:11:41:05 -0500] "GET /Organized_mobile%20eco-centric HTTP/1.1" 200 2711 "-" "Opera/10.10 (Windows 98; en-US) Presto/2.12.301 Version/13.00"
215.5.21.54 - - [10/Mar/2022:11:41:06 -0500] "GET /login HTTP/1.1" 302 31 "-" "Mozilla/5.0 (Macintosh; U; PPC Mac OS X 10_5_10) AppleWebKit/5350 (KHTML, like Gecko) Chrome/37.0.832.0 Mobile Safari/5350"
154.63.201.152 - - [10/Mar/2022:11:41:07 -0500] "GET /anotherNonSensitiveAction HTTP/1.1" 200 2310 "-" "Mozilla/5.0 (X11; Linux x86_64; rv:5.0) Gecko/2008-13-02 Firefox/37.0"
221.100.53.108 - - [10/Mar/2022:11:41:08 -0500] "DELETE /nonSensitiveAction HTTP/1.1" 200 1190 "-" "Mozilla/5.0 (Macintosh; U; Intel Mac OS X 10_9_9) AppleWebKit/5340 (KHTML, like Gecko) Chrome/40.0.889.0 Mobile Safari/5340"
221.100.53.108 - - [10/Mar/2022:11:41:09 -0500] "GET /Customer-focused HTTP/1.1" 200 2248 "-" "Mozilla/5.0 (Windows NT 4.0; en-US; rv:1.9.1.20) Gecko/1903-05-03 Firefox/36.0"
154.63.201.152 - - [10/Mar/2022:11:41:10 -0500] "PUT /uniform/encompassing HTTP/1.1" 200 2322 "-" "Mozilla/5.0 (Macintosh; U; PPC Mac OS X 10_9_1 rv:6.0) Gecko/2003-07-03 Firefox/35.0"
215.5.21.54 - - [10/Mar/2022:11:41:11 -0500] "GET /login HTTP/1.1" 200 2359 "-" "Mozilla/5.0 (Windows NT 5.0) AppleWebKit/5361 (KHTML, like Gecko) Chrome/38.0.840.0 Mobile Safari/5361"
215.5.21.54 - - [10/Mar/2022:11:41:12 -0500] "PUT /optimizing-Centralized/Persistent_Reverse-engineered HTTP/1.1" 200 2298 "-" "Mozilla/5.0 (Windows NT 5.1; en-US; rv:1.9.0.20) Gecko/1928-03-05 Firefox/35.0"
100.200.6.35 - - [10/Mar/2022:11:41:13 -0500] "POST /hybrid/internet%20solution_software_Triple-buffered/dynamic HTTP/1.1" 200 2973 "-" "Mozilla/5.0 (Windows 95) AppleWebKit/5332 (KHTML, like Gecko) Chrome/37.0.819.0 Mobile Safari/5332"
140.85.152.154 - - [10/Mar/2022:11:41:14 -0500] "GET /Profit-focused HTTP/1.1" 200 1593 "-" "Mozilla/5.0 (X11; Linux x86_64; rv:8.0) Gecko/1929-22-07 Firefox/36.0"
215.5.21.54 - - [10/Mar/2022:11:41:15 -0500] "GET /sensitiveAction HTTP/1.1" 200 2418 "-" "Mozilla/5.0 (X11; Linux i686) AppleWebKit/5331 (KHTML, like Gecko) Chrome/37.0.813.0 Mobile Safari/5331"
221.100.53.108 - - [10/Mar/2022:11:41:16 -0500] "GET /anotherNonSensitiveAction HTTP/1.1" 400 67 "-" "Mozilla/5.0 (Windows 98; en-US; rv:1.9.3.20) Gecko/1946-14-12 Firefox/35.0"
140.85.152.154 - - [10/Mar/2022:11:41:17 -0500] "GET /Seamless_Innovative HTTP/1.1" 200 2341 "-" "Opera/9.75 (Macintosh; Intel Mac OS X 10_5_9; en-US) Presto/2.8.333 Version/13.00"
221.100.53.108 - - [10/Mar/2022:11:41:18 -0500] "GET /anotherNonSensitiveAction HTTP/1.1" 200 1355 "-" "Mozilla/5.0 (Windows 98; Win 9x 4.90) AppleWebKit/5362 (KHTML, like Gecko) Chrome/37.0.895.0 Mobile Safari/5362"
140.85.152.154 - - [10/Mar/2022:11:41:19 -0500] "GET /anotherNonSensitiveAction HTTP/1.1" 200 1004 "-" "Mozilla/5.0 (Windows CE; en-US; rv:1.9.1.20) Gecko/1925-03-12 Firefox/36.0"
140.85.152.154 - - [10/Mar/2022:11:41:20 -0500] "GET /Function-based/portal HTTP/1.1" 200 2236 "-" "Mozilla/5.0 (Macintosh; PPC Mac OS X 10_5_10 rv:4.0) Gecko/1983-02-10 Firefox/35.0"
100.200.6.35 - - [10/Mar/2022:11:41:21 -0500] "DELETE /nonSensitiveAction HTTP/1.1" 200 2672 "-" "Mozilla/5.0 (Macintosh; PPC Mac OS X 10_9_9 rv:6.0; en-US) AppleWebKit/536.37.6 (KHTML, like Gecko) Version/5.0 Safari/536.37.6"
154.63.201.152 - - [10/Mar/2022:11:41:22 -0500] "HEAD /Decentralized/clear-thinking%20fresh-thinking/Stand-alone%20installation HTTP/1.1" 200 1897 "-" "Mozilla/5.0 (iPhone; CPU iPhone OS 9_3_3 like Mac OS X; en-US) AppleWebKit/533.20.8 (KHTML, like Gecko) Version/3.0.5 Mobile/8B113 Safari/6533.20.8"
140.85.152.154 - - [10/Mar/2022:11:41:23 -0500] "GET /nonSensitiveAction HTTP/1.1" 200 1329 "-" "Mozilla/5.0 (Windows CE) AppleWebKit/5352 (KHTML, like Gecko) Chrome/39.0.824.0 Mobile Safari/5352"
100.200.6.35 - - [10/Mar/2022:11:41:24 -0500] "PATCH /Public-key%20circuit/Front-line-core HTTP/1.1" 404 57 "-" "Mozilla/5.0 (X11; Linux x86_64) AppleWebKit/5340 (KHTML, like Gecko) Chrome/38.0.867.0 Mobile Safari/5340"
140.85.152.154 - - [10/Mar/2022:11:41:25 -0500] "GET /non-volatile HTTP/1.1" 200 1906 "-" "Mozilla/5.0 (Macintosh; U; PPC Mac OS X 10_8_8 rv:6.0) Gecko/1976-08-04 Firefox/36.0"
221.100.53.108 - - [10/Mar/2022:11:41:26 -0500] "PATCH /login HTTP/1.1" 200 2367 "-" "Mozilla/5.0 (X11; Linux i686; rv:5.0) Gecko/1943-17-07 Firefox/36.0"
154.63.201.152 - - [10/Mar/2022:11:41:27 -0500] "PUT /anotherNonSensitiveAction HTTP/1.1" 200 1689 "-" "Mozilla/5.0 (X11; Linux x86_64) AppleWebKit/5330 (KHTML, like Gecko) Chrome/37.0.889.0 Mobile Safari/5330"
100.200.6.35 - - [10/Mar/2022:11:41:28 -0500] "GET /sensitiveAction HTTP/1.1" 200 2560 "-" "Mozilla/5.0 (Macintosh; U; Intel Mac OS X 10_6_3 rv:6.0; en-US) AppleWebKit/534.5.1 (KHTML, like Gecko) Version/4.0 Safari/534.5.1"
100.200.6.35 - - [10/Mar/2022:11:41:52 -0500] "DELETE /even-keeled HTTP/1.1" 200 2318 "-" "Mozilla/5.0 (Windows; U; Windows 98) AppleWebKit/534.42.5 (KHTML, like Gecko) Version/6.2 Safari/534.42.5"
221.100.53.108 - - [10/Mar/2022:11:41:53 -0500] "GET /scalable/benchmark-needs-based HTTP/1.1" 200 1961 "-" "Opera/9.77 (Macintosh; U; Intel Mac OS X 10_9_1; en-US) Presto/2.8.278 Version/11.00"
100.200.6.35 - - [10/Mar/2022:11:41:54 -0500] "PATCH /login HTTP/1.1" 200 2159 "-" "Opera/9.27 (Macintosh; PPC Mac OS X 10_5_6; en-US) Presto/2.10.245 Version/13.00"
140.85.152.154 - - [10/Mar/2022:11:41:55 -0500] "GET /customer%20loyalty-bi-directional/Digitized%20Operative HTTP/1.1" 200 1052 "-" "Mozilla/5.0 (Macintosh; PPC Mac OS X 10_8_5) AppleWebKit/5312 (KHTML, like Gecko) Chrome/37.0.831.0 Mobile Safari/5312"
215.5.21.54 - - [10/Mar/2022:11:41:56 -0500] "POST /Extended HTTP/1.1" 500 80 "-" "Opera/10.13 (Macintosh; PPC Mac OS X 10_8_0; en-US) Presto/2.10.263 Version/11.00"
154.63.201.152 - - [10/Mar/2022:11:41:57 -0500] "GET /sensitiveAction HTTP/1.1" 200 2322 "-" "Mozilla/5.0 (X11; Linux x86_64; rv:7.0) Gecko/2017-13-11 Firefox/35.0"
215.5.21.54 - - [10/Mar/2022:11:41:58 -0500] "GET /internet%20solution/model-local-multi-tasking/Optimized HTTP/1.1" 500 89 "-" "Opera/10.11 (Macintosh; U; Intel Mac OS X 10_5_8; en-US) Presto/2.9.161 Version/10.00"
140.85.152.154 - - [10/Mar/2022:11:41:59 -0500] "HEAD /firmware/Automated%20dynamic/protocol%20moderator HTTP/1.1" 200 2063 "-" "Mozilla/5.0 (Windows NT 6.2) AppleWebKit/5350 (KHTML, like Gecko) Chrome/40.0.802.0 Mobile Safari/5350"
100.200.6.35 - - [10/Mar/2022:11:42:00 -0500] "GET /sensitiveAction HTTP/1.1" 200 1939 "-" "Mozilla/5.0 (X11; Linux x86_64; rv:8.0) Gecko/1987-05-05 Firefox/37.0"
215.5.21.54 - - [10/Mar/2022:11:42:01 -0500] "POST /login HTTP/1.1" 500 44 "-" "Mozilla/5.0 (Windows NT 4.0) AppleWebKit/5350 (KHTML, like Gecko) Chrome/38.0.886.0 Mobile Safari/5350"
154.63.201.152 - - [10/Mar/2022:11:42:02 -0500] "HEAD /anotherNonSensitiveAction HTTP/1.1" 200 3044 "-" "Opera/9.21 (X11; Linux x86_64; en-US) Presto/2.10.226 Version/13.00"
215.5.21.54 - - [10/Mar/2022:11:42:03 -0500] "GET /nonSensitiveAction HTTP/1.1" 200 829 "-" "Mozilla/5.0 (X11; Linux i686) AppleWebKit/5340 (KHTML, like Gecko) Chrome/40.0.802.0 Mobile Safari/5340"
154.63.201.152 - - [10/Mar/2022:11:42:04 -0500] "GET /login HTTP/1.1" 200 1736 "-" "Mozilla/5.0 (Macintosh; U; Intel Mac OS X 10_7_2) AppleWebKit/5362 (KHTML, like Gecko) Chrome/39.0.811.0 Mobile Safari/5362"
100.200.6.35 - - [10/Mar/2022:11:42:05 -0500] "HEAD /login HTTP/1.1" 404 70 "-" "Mozilla/5.0 (Macintosh; PPC Mac OS X 10_8_3) AppleWebKit/5360 (KHTML, like Gecko) Chrome/39.0.833.0 Mobile Safari/5360"
215.5.21.54 - - [10/Mar/2022:11:42:06 -0500] "GET /static/full-range%20Implemented HTTP/1.1" 200 1150 "-" "Mozilla/5.0 (Macintosh; Intel Mac OS X 10_7_8 rv:7.0; en-US) AppleWebKit/535.13.6 (KHTML, like Gecko) Version/4.1 Safari/535.13.6"
221.100.53.108 - - [10/Mar/2022:11:44:25 -0500] "GET /installation/zero%20tolerance/Enterprise-wide-tangible HTTP/1.1" 200 1927 "-" "Opera/9.34 (Macintosh; U; Intel Mac OS X 10_9_10; en-US) Presto/2.11.221 Version/13.00"
221.100.53.108 - - [10/Mar/2022:11:44:26 -0500] "GET /sensitiveAction HTTP/1.1" 200 2313 "-" "Mozilla/5.0 (Windows NT 6.2) AppleWebKit/5352 (KHTML, like Gecko) Chrome/38.0.875.0 Mobile Safari/5352"
215.5.21.54 - - [10/Mar/2022:11:44:27 -0500] "GET /login HTTP/1.1" 200 2784 "-" "Mozilla/5.0 (X11; Linux i686) AppleWebKit/5341 (KHTML, like Gecko) Chrome/39.0.882.0 Mobile Safari/5341"
154.63.201.152 - - [10/Mar/2022:11:44:28 -0500] "GET /login HTTP/1.1" 200 3023 "-" "Opera/9.62 (Macintosh; Intel Mac OS X 10_7_9; en-US) Presto/2.13.194 Version/10.00"
100.200.6.35 - - [10/Mar/2022:11:44:29 -0500] "HEAD /optimal%20data-warehouse/client-server_analyzer/Function-based HTTP/1.1" 404 69 "-" "Mozilla/5.0 (Windows; U; Windows NT 6.0) AppleWebKit/533.37.7 (KHTML, like Gecko) Version/6.2 Safari/533.37.7"
215.5.21.54 - - [10/Mar/2022:11:44:30 -0500] "GET /open%20system HTTP/1.1" 301 31 "-" "Mozilla/5.0 (X11; Linux i686) AppleWebKit/5340 (KHTML, like Gecko) Chrome/39.0.841.0 Mobile Safari/5340"
154.63.201.152 - - [10/Mar/2022:11:44:31 -0500] "GET /executive-Innovative/Managed-Programmable-directional HTTP/1.1" 200 2356 "-" "Mozilla/5.0 (Windows CE) AppleWebKit/5320 (KHTML, like Gecko) Chrome/36.0.820.0 Mobile Safari/5320"
215.5.21.54 - - [10/Mar/2022:11:44:32 -0500] "GET /sensitiveAction HTTP/1.1" 200 2840 "-" "Mozilla/5.0 (Macintosh; U; PPC Mac OS X 10_7_2 rv:5.0; en-US) AppleWebKit/536.16.3 (KHTML, like Gecko) Version/4.2 Safari/536.16.3"
221.100.53.108 - - [10/Mar/2022:11:44:33 -0500] "DELETE /4th%20generation/modular%20neutral/motivating/Total HTTP/1.1" 200 2124 "-" "Opera/10.22 (X11; Linux i686; en-US) Presto/2.13.355 Version/12.00"
215.5.21.54 - - [10/Mar/2022:11:44:34 -0500] "HEAD /value-added/homogeneous/Configurable-tangible HTTP/1.1" 200 2705 "-" "Mozilla/5.0 (X11; Linux i686) AppleWebKit/5361 (KHTML, like Gecko) Chrome/40.0.800.0 Mobile Safari/5361"
100.200.6.35 - - [10/Mar/2022:11:44:35 -0500] "POST /even-keeled HTTP/1.1" 200 2096 "-" "Mozilla/5.0 (X11; Linux x86_64) AppleWebKit/5330 (KHTML, like Gecko) Chrome/39.0.857.0 Mobile Safari/5330"
221.100.53.108 - - [10/Mar/2022:11:44:36 -0500] "GET /anotherNonSensitiveAction HTTP/1.1" 200 1756 "-" "Mozilla/5.0 (Macintosh; U; PPC Mac OS X 10_9_9 rv:7.0; en-US) AppleWebKit/534.45.8 (KHTML, like Gecko) Version/5.0 Safari/534.45.8"
154.63.201.152 - - [10/Mar/2022:11:45:03 -0500] "GET /Enterprise-wide_dedicated HTTP/1.1" 301 113 "-" "Mozilla/5.0 (Windows NT 6.2) AppleWebKit/5311 (KHTML, like Gecko) Chrome/40.0.837.0 Mobile Safari/5311"
221.100.53.108 - - [10/Mar/2022:11:45:04 -0500] "DELETE /knowledge%20user HTTP/1.1" 302 116 "-" "Mozilla/5.0 (X11; Linux i686; rv:6.0) Gecko/1991-20-06 Firefox/35.0"
100.200.6.35 - - [10/Mar/2022:11:45:05 -0500] "GET /sensitiveAction HTTP/1.1" 404 55 "-" "Mozilla/5.0 (Windows NT 5.0; en-US; rv:1.9.1.20) Gecko/1958-17-12 Firefox/37.0"
154.63.201.152 - - [10/Mar/2022:11:45:06 -0500] "HEAD /nonSensitiveAction HTTP/1.1" 200 1877 "-" "Mozilla/5.0 (Windows NT 6.1) AppleWebKit/5340 (KHTML, like Gecko) Chrome/36.0.837.0 Mobile Safari/5340"
140.85.152.154 - - [10/Mar/2022:11:45:07 -0500] "DELETE /Monitored HTTP/1.1" 200 1044 "-" "Mozilla/5.0 (X11; Linux x86_64) AppleWebKit/5340 (KHTML, like Gecko) Chrome/37.0.812.0 Mobile Safari/5340"
100.200.6.35 - - [10/Mar/2022:11:45:08 -0500] "GET /orchestration/Compatible HTTP/1.1" 500 99 "-" "Mozilla/5.0 (Windows; U; Windows CE) AppleWebKit/535.15.5 (KHTML, like Gecko) Version/6.2 Safari/535.15.5"
100.200.6.35 - - [10/Mar/2022:11:45:09 -0500] "GET /emulation/projection_Advanced_Open-architected/Multi-channelled HTTP/1.1" 301 66 "-" "Mozilla/5.0 (Macintosh; U; Intel Mac OS X 10_7_5) AppleWebKit/5352 (KHTML, like Gecko) Chrome/38.0.845.0 Mobile Safari/5352"
140.85.152.154 - - [10/Mar/2022:11:45:15 -0500] "PATCH /Public-key HTTP/1.1" 400 112 "-" "Mozilla/5.0 (Windows NT 6.2) AppleWebKit/5340 (KHTML, like Gecko) Chrome/40.0.886.0 Mobile Safari/5340"
221.100.53.108 - - [10/Mar/2022:11:45:16 -0500] "GET /Managed-intranet/leverage HTTP/1.1" 200 2829 "-" "Mozilla/5.0 (Macintosh; PPC Mac OS X 10_6_9) AppleWebKit/5352 (KHTML, like Gecko) Chrome/40.0.886.0 Mobile Safari/5352"
140.85.152.154 - - [10/Mar/2022:11:45:17 -0500] "POST /encryption-grid-enabled_contextually-based_Managed HTTP/1.1" 200 1087 "-" "Opera/10.31 (Windows NT 5.1; en-US) Presto/2.12.311 Version/11.00"
154.63.201.152 - - [10/Mar/2022:11:45:18 -0500] "GET /sensitiveAction HTTP/1.1" 200 2910 "-" "Mozilla/5.0 (Macintosh; Intel Mac OS X 10_9_3) AppleWebKit/5330 (KHTML, like Gecko) Chrome/37.0.876.0 Mobile Safari/5330"
140.85.152.154 - - [10/Mar/2022:11:45:19 -0500] "GET /sensitiveAction HTTP/1.1" 200 2342 "-" "Mozilla/5.0 (Windows NT 5.2) AppleWebKit/5352 (KHTML, like Gecko) Chrome/40.0.899.0 Mobile Safari/5352"
215.5.21.54 - - [10/Mar/2022:11:45:20 -0500] "HEAD /firmware-open%20architecture_structure HTTP/1.1" 200 1218 "-" "Mozilla/5.0 (Macintosh; Intel Mac OS X 10_9_7) AppleWebKit/5350 (KHTML, like Gecko) Chrome/39.0.837.0 Mobile Safari/5350"
100.200.6.35 - - [10/Mar/2022:11:45:21 -0500] "PATCH /login HTTP/1.1" 302 89 "-" "Mozilla/5.0 (X11; Linux i686) AppleWebKit/5330 (KHTML, like Gecko) Chrome/39.0.856.0 Mobile Safari/5330"
215.5.21.54 - - [10/Mar/2022:11:45:22 -0500] "HEAD /Reverse-engineered HTTP/1.1" 200 1297 "-" "Mozilla/5.0 (Macintosh; Intel Mac OS X 10_6_4 rv:7.0; en-US) AppleWebKit/535.25.8 (KHTML, like Gecko) Version/6.0 Safari/535.25.8"
154.63.201.152 - - [10/Mar/2022:11:45:23 -0500] "GET /anotherNonSensitiveAction HTTP/1.1" 200 1714 "-" "Mozilla/5.0 (Macintosh; Intel Mac OS X 10_5_8 rv:6.0; en-US) AppleWebKit/531.22.1 (KHTML, like Gecko) Version/6.2 Safari/531.22.1"
100.200.6.35 - - [10/Mar/2022:11:45:24 -0500] "GET /login HTTP/1.1" 200 2873 "-" "Mozilla/5.0 (X11; Linux i686; rv:7.0) Gecko/1912-17-01 Firefox/37.0"
140.85.152.154 - - [10/Mar/2022:11:45:25 -0500] "PUT /sensitiveAction HTTP/1.1" 200 2706 "-" "Opera/9.31 (Macintosh; Intel Mac OS X 10_7_4; en-US) Presto/2.9.287 Version/10.00"
154.63.201.152 - - [10/Mar/2022:11:45:26 -0500] "GET /moratorium/Devolved-3rd%20generation/Multi-channelled-moratorium HTTP/1.1" 200 2570 "-" "Mozilla/5.0 (Windows CE) AppleWebKit/5342 (KHTML, like Gecko) Chrome/37.0.803.0 Mobile Safari/5342"
154.63.201.152 - - [10/Mar/2022:11:45:27 -0500] "GET /sensitiveAction HTTP/1.1" 200 801 "-" "Mozilla/5.0 (Macintosh; U; PPC Mac OS X 10_5_1 rv:4.0) Gecko/1972-26-05 Firefox/37.0"
140.85.152.154 - - [10/Mar/2022:11:45:28 -0500] "GET /Public-key-analyzing%20object-oriented/Profit-focused-encryption HTTP/1.1" 200 1386 "-" "Opera/10.58 (X11; Linux x86_64; en-US) Presto/2.9.201 Version/11.00"
215.5.21.54 - - [10/Mar/2022:11:45:29 -0500] "GET /sensitiveAction HTTP/1.1" 200 3057 "-" "Mozilla/5.0 (Windows 98; Win 9x 4.90; en-US; rv:1.9.3.20) Gecko/2003-21-08 Firefox/36.0"
221.100.53.108 - - [10/Mar/2022:11:45:30 -0500] "GET /nonSensitiveAction HTTP/1.1" 200 3074 "-" "Mozilla/5.0 (X11; Linux x86_64) AppleWebKit/5320 (KHTML, like Gecko) Chrome/39.0.885.0 Mobile Safari/5320"
154.63.201.152 - - [10/Mar/2022:11:45:31 -0500] "GET /core/Profit-focused/concept-multimedia/Function-based HTTP/1.1" 200 1743 "-" "Mozilla/5.0 (Windows NT 5.01) AppleWebKit/5312 (KHTML, like Gecko) Chrome/38.0.813.0 Mobile Safari/5312"
140.85.152.154 - - [10/Mar/2022:11:45:32 -0500] "HEAD /login HTTP/1.1" 200 2340 "-" "Mozilla/5.0 (X11; Linux x86_64) AppleWebKit/5360 (KHTML, like Gecko) Chrome/36.0.873.0 Mobile Safari/5360"
221.100.53.108 - - [10/Mar/2022:11:45:33 -0500] "GET /anotherNonSensitiveAction HTTP/1.1" 200 2322 "-" "Mozilla/5.0 (Windows NT 5.1) AppleWebKit/5360 (KHTML, like Gecko) Chrome/37.0.856.0 Mobile Safari/5360"
215.5.21.54 - - [10/Mar/2022:11:45:34 -0500] "GET /nonSensitiveAction HTTP/1.1" 200 1485 "-" "Opera/9.79 (X11; Linux i686; en-US) Presto/2.9.179 Version/13.00"
140.85.152.154 - - [10/Mar/2022:11:45:35 -0500] "GET /sensitiveAction HTTP/1.1" 200 3081 "-" "Mozilla/5.0 (Macintosh; U; Intel Mac OS X 10_6_7) AppleWebKit/5342 (KHTML, like Gecko) Chrome/40.0.845.0 Mobile Safari/5342"
221.100.53.108 - - [10/Mar/2022:11:45:36 -0500] "PATCH /superstructure HTTP/1.1" 200 1783 "-" "Mozilla/5.0 (Macintosh; Intel Mac OS X 10_6_5) AppleWebKit/5320 (KHTML, like Gecko) Chrome/39.0.877.0 Mobile Safari/5320"
140.85.152.154 - - [10/Mar/2022:11:45:37 -0500] "HEAD /Face%20to%20face/disintermediate/24%20hour HTTP/1.1" 200 1755 "-" "Mozilla/5.0 (X11; Linux i686; rv:6.0) Gecko/1963-09-08 Firefox/36.0"
221.100.53.108 - - [10/Mar/2022:11:45:38 -0500] "GET /sensitiveAction HTTP/1.1" 302 73 "-" "Mozilla/5.0 (Windows; U; Windows NT 5.0) AppleWebKit/535.13.2 (KHTML, like Gecko) Version/4.1 Safari/535.13.2"
215.5.21.54 - - [10/Mar/2022:11:45:39 -0500] "GET /adapter%20Down-sized-Seamless HTTP/1.1" 200 2511 "-" "Opera/8.41 (Macintosh; U; Intel Mac OS X 10_9_9; en-US) Presto/2.11.222 Version/13.00"
154.63.201.152 - - [10/Mar/2022:11:45:40 -0500] "GET /methodical-ability-migration_modular HTTP/1.1" 200 2330 "-" "Mozilla/5.0 (Windows NT 6.0; en-US; rv:1.9.3.20) Gecko/1926-14-08 Firefox/36.0"
154.63.201.152 - - [10/Mar/2022:11:45:41 -0500] "PUT /dedicated/zero%20defect%20middleware HTTP/1.1" 200 2491 "-" "Opera/10.97 (Macintosh; U; Intel Mac OS X 10_7_7; en-US) Presto/2.11.230 Version/13.00"
215.5.21.54 - - [10/Mar/2022:11:45:42 -0500] "POST /anotherNonSensitiveAction HTTP/1.1" 200 1438 "-" "Mozilla/5.0 (Windows NT 4.0) AppleWebKit/5341 (KHTML, like Gecko) Chrome/37.0.812.0 Mobile Safari/5341"
215.5.21.54 - - [10/Mar/2022:11:45:43 -0500] "GET /nonSensitiveAction HTTP/1.1" 200 2677 "-" "Mozilla/5.0 (X11; Linux i686; rv:5.0) Gecko/1987-28-10 Firefox/35.0"
154.63.201.152 - - [10/Mar/2022:11:45:44 -0500] "GET /anotherNonSensitiveAction HTTP/1.1" 200 3066 "-" "Mozilla/5.0 (Windows; U; Windows CE) AppleWebKit/535.18.5 (KHTML, like Gecko) Version/5.0 Safari/535.18.5"
140.85.152.154 - - [10/Mar/2022:11:45:45 -0500] "GET /foreground_non-volatile/Pre-emptive-capability HTTP/1.1" 200 816 "-" "Mozilla/5.0 (Macintosh; U; Intel Mac OS X 10_7_2 rv:7.0) Gecko/2010-09-10 Firefox/37.0"
100.200.6.35 - - [10/Mar/2022:11:45:46 -0500] "GET /nonSensitiveAction HTTP/1.1" 302 113 "-" "Opera/10.60 (X11; Linux i686; en-US) Presto/2.12.324 Version/12.00"
100.200.6.35 - - [10/Mar/2022:11:45:47 -0500] "PATCH /sensitiveAction HTTP/1.1" 200 1542 "-" "Opera/8.87 (X11; Linux i686; en-US) Presto/2.8.211 Version/11.00"
100.200.6.35 - - [10/Mar/2022:11:45:48 -0500] "PATCH /anotherNonSensitiveAction HTTP/1.1" 200 2945 "-" "Opera/8.51 (Windows NT 6.0; en-US) Presto/2.9.262 Version/11.00"
154.63.201.152 - - [10/Mar/2022:11:45:49 -0500] "GET /database_multi-state/functionalities HTTP/1.1" 200 1504 "-" "Opera/10.90 (X11; Linux x86_64; en-US) Presto/2.13.197 Version/12.00"
221.100.53.108 - - [10/Mar/2022:11:45:50 -0500] "PATCH /mission-critical HTTP/1.1" 200 1694 "-" "Mozilla/5.0 (X11; Linux i686) AppleWebKit/5331 (KHTML, like Gecko) Chrome/37.0.827.0 Mobile Safari/5331"
154.63.201.152 - - [10/Mar/2022:11:45:51 -0500] "GET /Sharable-open%20system-Seamless-local-Ergonomic HTTP/1.1" 200 2546 "-" "Mozilla/5.0 (Macintosh; PPC Mac OS X 10_5_10) AppleWebKit/5351 (KHTML, like Gecko) Chrome/40.0.803.0 Mobile Safari/5351"
100.200.6.35 - - [10/Mar/2022:11:45:52 -0500] "GET /nonSensitiveAction HTTP/1.1" 200 2516 "-" "Mozilla/5.0 (Macintosh; Intel Mac OS X 10_8_9 rv:7.0; en-US) AppleWebKit/535.50.8 (KHTML, like Gecko) Version/4.0 Safari/535.50.8"
100.200.6.35 - - [10/Mar/2022:11:45:53 -0500] "GET /anotherNonSensitiveAction HTTP/1.1" 200 2191 "-" "Mozilla/5.0 (Windows NT 4.0) AppleWebKit/5312 (KHTML, like Gecko) Chrome/38.0.878.0 Mobile Safari/5312"
154.63.201.152 - - [10/Mar/2022:11:45:54 -0500] "HEAD /login HTTP/1.1" 200 1073 "-" "Mozilla/5.0 (Windows; U; Windows NT 5.1) AppleWebKit/531.1.8 (KHTML, like Gecko) Version/5.0 Safari/531.1.8"
140.85.152.154 - - [10/Mar/2022:11:45:55 -0500] "DELETE /sensitiveAction HTTP/1.1" 200 1783 "-" "Mozilla/5.0 (Windows NT 4.0) AppleWebKit/5352 (KHTML, like Gecko) Chrome/36.0.830.0 Mobile Safari/5352"
221.100.53.108 - - [10/Mar/2022:11:45:56 -0500] "GET /sensitiveAction HTTP/1.1" 500 64 "-" "Opera/8.63 (Macintosh; PPC Mac OS X 10_7_7; en-US) Presto/2.8.201 Version/11.00"
100.200.6.35 - - [10/Mar/2022:11:45:57 -0500] "GET /knowledge%20base/model%20value-added HTTP/1.1" 200 837 "-" "Mozilla/5.0 (X11; Linux i686) AppleWebKit/5340 (KHTML, like Gecko) Chrome/36.0.844.0 Mobile Safari/5340"
154.63.201.152 - - [10/Mar/2022:11:45:58 -0500] "GET /content-based/Enhanced-motivating HTTP/1.1" 200 1980 "-" "Mozilla/5.0 (iPad; CPU OS 7_2_2 like Mac OS X; en-US) AppleWebKit/534.38.1 (KHTML, like Gecko) Version/4.0.5 Mobile/8B114 Safari/6534.38.1"
215.5.21.54 - - [10/Mar/2022:11:45:59 -0500] "GET /user-facing-mobile HTTP/1.1" 200 1661 "-" "Mozilla/5.0 (Windows 95) AppleWebKit/5351 (KHTML, like Gecko) Chrome/38.0.820.0 Mobile Safari/5351"
215.5.21.54 - - [10/Mar/2022:11:46:00 -0500] "PATCH /neural-net-archive%20encryption-Centralized HTTP/1.1" 200 2260 "-" "Mozilla/5.0 (Windows NT 5.01) AppleWebKit/5351 (KHTML, like Gecko) Chrome/37.0.866.0 Mobile Safari/5351"
100.200.6.35 - - [10/Mar/2022:11:46:01 -0500] "PATCH /foreground-Graphic%20Interface/support/implementation HTTP/1.1" 200 2385 "-" "Opera/9.64 (X11; Linux i686; en-US) Presto/2.8.342 Version/11.00"
100.200.6.35 - - [10/Mar/2022:11:46:02 -0500] "PUT /login HTTP/1.1" 200 997 "-" "Mozilla/5.0 (Windows NT 6.1) AppleWebKit/5352 (KHTML, like Gecko) Chrome/39.0.822.0 Mobile Safari/5352"
221.100.53.108 - - [10/Mar/2022:11:46:03 -0500] "GET /portal%20secondary-Realigned HTTP/1.1" 200 3066 "-" "Opera/8.94 (X11; Linux x86_64; en-US) Presto/2.11.245 Version/13.00"
215.5.21.54 - - [10/Mar/2022:11:46:04 -0500] "PUT /anotherNonSensitiveAction HTTP/1.1" 200 829 "-" "Mozilla/5.0 (X11; Linux x86_64) AppleWebKit/5352 (KHTML, like Gecko) Chrome/38.0.884.0 Mobile Safari/5352"
154.63.201.152 - - [10/Mar/2022:11:46:05 -0500] "DELETE /help-desk/Function-based%20infrastructure_attitude-oriented/real-time HTTP/1.1" 400 85 "-" "Opera/10.26 (X11; Linux i686; en-US) Presto/2.10.321 Version/12.00"
140.85.152.154 - - [10/Mar/2022:11:46:06 -0500] "DELETE /login HTTP/1.1" 200 2836 "-" "Opera/10.29 (Windows CE; en-US) Presto/2.10.320 Version/12.00"
100.200.6.35 - - [10/Mar/2022:11:46:07 -0500] "HEAD /nonSensitiveAction HTTP/1.1" 500 35 "-" "Mozilla/5.0 (X11; Linux i686) AppleWebKit/5311 (KHTML, like Gecko) Chrome/37.0.868.0 Mobile Safari/5311"
221.100.53.108 - - [10/Mar/2022:11:46:08 -0500] "GET /architecture HTTP/1.1" 200 2856 "-" "Opera/9.83 (X11; Linux i686; en-US) Presto/2.12.300 Version/11.00"
221.100.53.108 - - [10/Mar/2022:11:46:09 -0500] "GET /anotherNonSensitiveAction HTTP/1.1" 200 1680 "-" "Mozilla/5.0 (Macintosh; PPC Mac OS X 10_9_6) AppleWebKit/5340 (KHTML, like Gecko) Chrome/37.0.819.0 Mobile Safari/5340"
100.200.6.35 - - [10/Mar/2022:11:46:10 -0500] "GET /discrete%20access/monitoring_success HTTP/1.1" 200 1226 "-" "Mozilla/5.0 (X11; Linux x86_64) AppleWebKit/5310 (KHTML, like Gecko) Chrome/40.0.890.0 Mobile Safari/5310"
221.100.53.108 - - [10/Mar/2022:11:46:11 -0500] "GET /nonSensitiveAction HTTP/1.1" 200 2791 "-" "Mozilla/5.0 (X11; Linux x86_64; rv:6.0) Gecko/1967-02-05 Firefox/36.0"
154.63.201.152 - - [10/Mar/2022:11:46:12 -0500] "GET /login HTTP/1.1" 200 2931 "-" "Opera/10.48 (X11; Linux x86_64; en-US) Presto/2.11.293 Version/12.00"
154.63.201.152 - - [10/Mar/2022:11:46:13 -0500] "PUT /nonSensitiveAction HTTP/1.1" 200 2302 "-" "Mozilla/5.0 (X11; Linux x86_64) AppleWebKit/5362 (KHTML, like Gecko) Chrome/39.0.875.0 Mobile Safari/5362"
140.85.152.154 - - [10/Mar/2022:11:46:14 -0500] "GET /Decentralized%20mission-critical-24%20hour/6th%20generation HTTP/1.1" 301 112 "-" "Mozilla/5.0 (Windows NT 5.2; en-US; rv:1.9.0.20) Gecko/1960-26-12 Firefox/37.0"
100.200.6.35 - - [10/Mar/2022:11:46:15 -0500] "GET /task-force HTTP/1.1" 200 2823 "-" "Mozilla/5.0 (X11; Linux x86_64) AppleWebKit/5362 (KHTML, like Gecko) Chrome/38.0.811.0 Mobile Safari/5362"
215.5.21.54 - - [10/Mar/2022:11:46:16 -0500] "POST /sensitiveAction HTTP/1.1" 200 2983 "-" "Mozilla/5.0 (Windows; U; Windows NT 4.0) AppleWebKit/531.21.1 (KHTML, like Gecko) Version/5.2 Safari/531.21.1"
221.100.53.108 - - [10/Mar/2022:11:46:17 -0500] "GET /executive_high-level HTTP/1.1" 200 1518 "-" "Mozilla/5.0 (Windows 95) AppleWebKit/5351 (KHTML, like Gecko) Chrome/36.0.868.0 Mobile Safari/5351"
100.200.6.35 - - [10/Mar/2022:11:46:18 -0500] "GET /nonSensitiveAction HTTP/1.1" 200 2722 "-" "Mozilla/5.0 (Macintosh; PPC Mac OS X 10_7_5) AppleWebKit/5361 (KHTML, like Gecko) Chrome/39.0.853.0 Mobile Safari/5361"
215.5.21.54 - - [10/Mar/2022:11:46:19 -0500] "PATCH /impactful HTTP/1.1" 200 1639 "-" "Mozilla/5.0 (X11; Linux x86_64; rv:5.0) Gecko/1989-01-03 Firefox/37.0"
140.85.152.154 - - [10/Mar/2022:11:46:20 -0500] "GET /anotherNonSensitiveAction HTTP/1.1" 200 3037 "-" "Mozilla/5.0 (X11; Linux x86_64) AppleWebKit/5352 (KHTML, like Gecko) Chrome/40.0.885.0 Mobile Safari/5352"
140.85.152.154 - - [10/Mar/2022:11:46:21 -0500] "PATCH /Total HTTP/1.1" 200 1019 "-" "Mozilla/5.0 (Macintosh; U; Intel Mac OS X 10_9_0) AppleWebKit/5332 (KHTML, like Gecko) Chrome/38.0.853.0 Mobile Safari/5332"
154.63.201.152 - - [10/Mar/2022:11:46:22 -0500] "GET /sensitiveAction HTTP/1.1" 200 2060 "-" "Mozilla/5.0 (X11; Linux x86_64) AppleWebKit/5352 (KHTML, like Gecko) Chrome/37.0.833.0 Mobile Safari/5352"
221.100.53.108 - - [10/Mar/2022:11:46:23 -0500] "GET /firmware HTTP/1.1" 200 3038 "-" "Mozilla/5.0 (iPhone; CPU iPhone OS 8_1_1 like Mac OS X; en-US) AppleWebKit/536.40.3 (KHTML, like Gecko) Version/4.0.5 Mobile/8B113 Safari/6536.40.3"
221.100.53.108 - - [10/Mar/2022:11:46:24 -0500] "GET /concept/Triple-buffered-didactic/multi-state HTTP/1.1" 200 2428 "-" "Mozilla/5.0 (Windows NT 6.0; en-US; rv:1.9.3.20) Gecko/1956-10-01 Firefox/36.0"
215.5.21.54 - - [10/Mar/2022:11:46:25 -0500] "GET /analyzer_composite-focus%20group-function HTTP/1.1" 200 2228 "-" "Mozilla/5.0 (Macintosh; PPC Mac OS X 10_5_8 rv:3.0) Gecko/1983-22-03 Firefox/35.0"
100.200.6.35 - - [10/Mar/2022:11:46:26 -0500] "DELETE /monitoring/hardware-Face%20to%20face/Advanced HTTP/1.1" 200 2810 "-" "Mozilla/5.0 (Macintosh; Intel Mac OS X 10_9_6 rv:5.0; en-US) AppleWebKit/533.36.2 (KHTML, like Gecko) Version/4.0 Safari/533.36.2"
215.5.21.54 - - [10/Mar/2022:11:46:27 -0500] "GET /login HTTP/1.1" 200 1054 "-" "Mozilla/5.0 (Macintosh; U; PPC Mac OS X 10_8_5) AppleWebKit/5341 (KHTML, like Gecko) Chrome/38.0.818.0 Mobile Safari/5341"
154.63.201.152 - - [10/Mar/2022:11:46:28 -0500] "PATCH /website/bottom-line/capacity HTTP/1.1" 301 59 "-" "Mozilla/5.0 (Macintosh; Intel Mac OS X 10_5_6 rv:6.0) Gecko/1955-28-07 Firefox/35.0"
215.5.21.54 - - [10/Mar/2022:11:46:29 -0500] "GET /migration HTTP/1.1" 200 1929 "-" "Mozilla/5.0 (Windows 98; en-US; rv:1.9.0.20) Gecko/1934-15-08 Firefox/37.0"
100.200.6.35 - - [10/Mar/2022:11:46:30 -0500] "GET /anotherNonSensitiveAction HTTP/1.1" 200 2478 "-" "Mozilla/5.0 (X11; Linux x86_64) AppleWebKit/5360 (KHTML, like Gecko) Chrome/36.0.873.0 Mobile Safari/5360"
100.200.6.35 - - [10/Mar/2022:11:46:31 -0500] "GET /Multi-lateral HTTP/1.1" 200 1961 "-" "Mozilla/5.0 (Windows NT 5.01) AppleWebKit/5312 (KHTML, like Gecko) Chrome/36.0.856.0 Mobile Safari/5312"
100.200.6.35 - - [10/Mar/2022:11:46:32 -0500] "GET /User-centric_access_Future-proofed/superstructure HTTP/1.1" 200 2478 "-" "Opera/9.33 (Windows 98; Win 9x 4.90; en-US) Presto/2.10.351 Version/10.00"
221.100.53.108 - - [10/Mar/2022:11:46:33 -0500] "GET /homogeneous HTTP/1.1" 200 1853 "-" "Mozilla/5.0 (Macintosh; U; PPC Mac OS X 10_5_3) AppleWebKit/5320 (KHTML, like Gecko) Chrome/39.0.847.0 Mobile Safari/5320"
140.85.152.154 - - [10/Mar/2022:11:46:34 -0500] "GET /login HTTP/1.1" 200 2110 "-" "Mozilla/5.0 (iPad; CPU OS 9_3_2 like Mac OS X; en-US) AppleWebKit/534.4.5 (KHTML, like Gecko) Version/3.0.5 Mobile/8B111 Safari/6534.4.5"
154.63.201.152 - - [10/Mar/2022:11:46:35 -0500] "GET /implementation-Function-based/analyzer/collaboration%20moderator HTTP/1.1" 200 2449 "-" "Mozilla/5.0 (Macintosh; U; PPC Mac OS X 10_5_2 rv:6.0) Gecko/1930-27-03 Firefox/36.0"
154.63.201.152 - - [10/Mar/2022:11:46:36 -0500] "GET /Expanded/optimizing HTTP/1.1" 200 2360 "-" "Mozilla/5.0 (iPhone; CPU iPhone OS 8_2_2 like Mac OS X; en-US) AppleWebKit/536.32.6 (KHTML, like Gecko) Version/3.0.5 Mobile/8B120 Safari/6536.32.6"
140.85.152.154 - - [10/Mar/2022:11:46:37 -0500] "PATCH /Upgradable-didactic-secured%20line-structure/groupware HTTP/1.1" 200 2502 "-" "Mozilla/5.0 (Macintosh; U; Intel Mac OS X 10_5_8) AppleWebKit/5362 (KHTML, like Gecko) Chrome/38.0.857.0 Mobile Safari/5362"
221.100.53.108 - - [10/Mar/2022:11:46:38 -0500] "GET /nonSensitiveAction HTTP/1.1" 302 61 "-" "Mozilla/5.0 (X11; Linux i686; rv:5.0) Gecko/1948-22-12 Firefox/36.0"
154.63.201.152 - - [10/Mar/2022:11:46:39 -0500] "GET /high-level%20Optimized HTTP/1.1" 200 926 "-" "Mozilla/5.0 (Macintosh; U; Intel Mac OS X 10_8_6) AppleWebKit/5350 (KHTML, like Gecko) Chrome/39.0.813.0 Mobile Safari/5350"
154.63.201.152 - - [10/Mar/2022:11:46:40 -0500] "PATCH /anotherNonSensitiveAction HTTP/1.1" 200 1554 "-" "Mozilla/5.0 (Windows NT 5.1; en-US; rv:1.9.1.20) Gecko/1937-23-09 Firefox/35.0"
221.100.53.108 - - [10/Mar/2022:11:46:41 -0500] "GET /sensitiveAction HTTP/1.1" 200 1118 "-" "Opera/9.95 (X11; Linux x86_64; en-US) Presto/2.9.319 Version/10.00"
221.100.53.108 - - [10/Mar/2022:11:46:42 -0500] "POST /function%20system-worthy-Persistent HTTP/1.1" 200 2355 "-" "Mozilla/5.0 (Macintosh; U; PPC Mac OS X 10_9_7 rv:6.0) Gecko/2022-23-06 Firefox/37.0"
215.5.21.54 - - [10/Mar/2022:11:46:43 -0500] "PUT /complexity-Focused/local/Exclusive/data-warehouse HTTP/1.1" 500 100 "-" "Mozilla/5.0 (Windows; U; Windows CE) AppleWebKit/534.21.1 (KHTML, like Gecko) Version/4.1 Safari/534.21.1"
221.100.53.108 - - [10/Mar/2022:11:46:44 -0500] "GET /product/secondary-customer%20loyalty-policy HTTP/1.1" 200 1671 "-" "Mozilla/5.0 (Windows; U; Windows NT 5.2) AppleWebKit/536.48.5 (KHTML, like Gecko) Version/4.2 Safari/536.48.5"
215.5.21.54 - - [10/Mar/2022:11:46:45 -0500] "GET /uniform HTTP/1.1" 200 1115 "-" "Mozilla/5.0 (Windows; U; Windows CE) AppleWebKit/531.41.7 (KHTML, like Gecko) Version/5.1 Safari/531.41.7"
154.63.201.152 - - [10/Mar/2022:11:46:46 -0500] "GET /sensitiveAction HTTP/1.1" 200 2397 "-" "Mozilla/5.0 (Macintosh; U; PPC Mac OS X 10_6_4 rv:7.0) Gecko/1936-30-04 Firefox/36.0"
154.63.201.152 - - [10/Mar/2022:11:46:47 -0500] "GET /Intuitive HTTP/1.1" 200 1686 "-" "Mozilla/5.0 (Windows NT 5.0; en-US; rv:1.9.0.20) Gecko/1942-07-10 Firefox/35.0"
100.200.6.35 - - [10/Mar/2022:11:46:48 -0500] "POST /Visionary-solution-oriented/Vision-oriented HTTP/1.1" 200 3072 "-" "Mozilla/5.0 (Windows 98) AppleWebKit/5342 (KHTML, like Gecko) Chrome/36.0.893.0 Mobile Safari/5342"
215.5.21.54 - - [10/Mar/2022:11:46:49 -0500] "GET /discrete HTTP/1.1" 500 70 "-" "Mozilla/5.0 (Windows NT 6.0; en-US; rv:1.9.3.20) Gecko/2015-16-09 Firefox/37.0"
221.100.53.108 - - [10/Mar/2022:11:46:50 -0500] "PATCH /sensitiveAction HTTP/1.1" 301 110 "-" "Mozilla/5.0 (Windows 95; en-US; rv:1.9.0.20) Gecko/1963-21-06 Firefox/35.0"
154.63.201.152 - - [10/Mar/2022:11:46:51 -0500] "GET /Configurable/Monitored HTTP/1.1" 200 2875 "-" "Mozilla/5.0 (Macintosh; U; Intel Mac OS X 10_6_2 rv:4.0) Gecko/1955-13-10 Firefox/35.0"
154.63.201.152 - - [10/Mar/2022:11:46:52 -0500] "GET /anotherNonSensitiveAction HTTP/1.1" 200 1337 "-" "Mozilla/5.0 (X11; Linux x86_64) AppleWebKit/5342 (KHTML, like Gecko) Chrome/40.0.899.0 Mobile Safari/5342"
100.200.6.35 - - [10/Mar/2022:11:46:53 -0500] "GET /sensitiveAction HTTP/1.1" 200 1372 "-" "Mozilla/5.0 (X11; Linux x86_64) AppleWebKit/5310 (KHTML, like Gecko) Chrome/40.0.819.0 Mobile Safari/5310"
100.200.6.35 - - [10/Mar/2022:11:46:54 -0500] "PUT /anotherNonSensitiveAction HTTP/1.1" 200 2689 "-" "Mozilla/5.0 (Windows NT 5.0; en-US; rv:1.9.0.20) Gecko/1990-17-05 Firefox/35.0"
140.85.152.154 - - [10/Mar/2022:11:46:55 -0500] "GET /Innovative-info-mediaries HTTP/1.1" 400 98 "-" "Mozilla/5.0 (Macintosh; U; Intel Mac OS X 10_9_4 rv:7.0; en-US) AppleWebKit/535.27.8 (KHTML, like Gecko) Version/4.1 Safari/535.27.8"
140.85.152.154 - - [10/Mar/2022:11:46:56 -0500] "GET /Automated/4th%20generation/Cross-group HTTP/1.1" 200 985 "-" "Mozilla/5.0 (iPad; CPU OS 7_0_2 like Mac OS X; en-US) AppleWebKit/531.8.1 (KHTML, like Gecko) Version/3.0.5 Mobile/8B118 Safari/6531.8.1"
140.85.152.154 - - [10/Mar/2022:11:46:57 -0500] "GET /sensitiveAction HTTP/1.1" 200 1014 "-" "Opera/10.13 (Windows NT 6.2; en-US) Presto/2.11.200 Version/13.00"
100.200.6.35 - - [10/Mar/2022:11:46:58 -0500] "GET /service-desk/human-resource HTTP/1.1" 200 2095 "-" "Mozilla/5.0 (X11; Linux x86_64) AppleWebKit/5321 (KHTML, like Gecko) Chrome/38.0.800.0 Mobile Safari/5321"
154.63.201.152 - - [10/Mar/2022:11:46:59 -0500] "GET /hierarchy HTTP/1.1" 200 1926 "-" "Mozilla/5.0 (Windows; U; Windows NT 6.1) AppleWebKit/532.15.8 (KHTML, like Gecko) Version/6.0 Safari/532.15.8"
140.85.152.154 - - [10/Mar/2022:11:47:00 -0500] "HEAD /secondary/time-frame/multimedia-real-time-Open-source HTTP/1.1" 200 1857 "-" "Mozilla/5.0 (Macintosh; U; Intel Mac OS X 10_5_7 rv:3.0) Gecko/1919-19-07 Firefox/36.0"
100.200.6.35 - - [10/Mar/2022:11:47:01 -0500] "POST /client-driven/uniform HTTP/1.1" 200 2103 "-" "Mozilla/5.0 (X11; Linux x86_64) AppleWebKit/5320 (KHTML, like Gecko) Chrome/38.0.827.0 Mobile Safari/5320"
100.200.6.35 - - [10/Mar/2022:11:47:02 -0500] "POST /solution-oriented/interactive_mission-critical/Right-sized HTTP/1.1" 200 1254 "-" "Mozilla/5.0 (Macintosh; U; Intel Mac OS X 10_7_9 rv:7.0) Gecko/1974-19-08 Firefox/35.0"
215.5.21.54 - - [10/Mar/2022:11:47:03 -0500] "GET /upward-trending/middleware/Face%20to%20face HTTP/1.1" 200 3030 "-" "Mozilla/5.0 (Macintosh; U; PPC Mac OS X 10_6_5) AppleWebKit/5311 (KHTML, like Gecko) Chrome/37.0.884.0 Mobile Safari/5311"
140.85.152.154 - - [10/Mar/2022:11:47:04 -0500] "HEAD /Diverse-Right-sized/multimedia/success HTTP/1.1" 200 1822 "-" "Mozilla/5.0 (Windows 95; en-US; rv:1.9.3.20) Gecko/1927-01-02 Firefox/36.0"
140.85.152.154 - - [10/Mar/2022:11:47:05 -0500] "GET /Compatible_Multi-channelled_Operative HTTP/1.1" 200 2980 "-" "Mozilla/5.0 (Macintosh; Intel Mac OS X 10_6_2) AppleWebKit/5360 (KHTML, like Gecko) Chrome/37.0.803.0 Mobile Safari/5360"
221.100.53.108 - - [10/Mar/2022:11:47:06 -0500] "GET /anotherNonSensitiveAction HTTP/1.1" 200 1821 "-" "Mozilla/5.0 (Windows; U; Windows NT 6.0) AppleWebKit/531.33.7 (KHTML, like Gecko) Version/4.2 Safari/531.33.7"
215.5.21.54 - - [10/Mar/2022:11:47:07 -0500] "GET /conglomeration/moderator-non-volatile HTTP/1.1" 200 1771 "-" "Mozilla/5.0 (iPad; CPU OS 9_1_1 like Mac OS X; en-US) AppleWebKit/531.13.2 (KHTML, like Gecko) Version/5.0.5 Mobile/8B120 Safari/6531.13.2"
154.63.201.152 - - [10/Mar/2022:11:47:08 -0500] "GET /sensitiveAction HTTP/1.1" 200 988 "-" "Mozilla/5.0 (Macintosh; U; PPC Mac OS X 10_9_6 rv:7.0) Gecko/2004-15-02 Firefox/37.0"
100.200.6.35 - - [10/Mar/2022:11:47:09 -0500] "GET /nonSensitiveAction HTTP/1.1" 200 1477 "-" "Opera/10.82 (Macintosh; U; PPC Mac OS X 10_6_0; en-US) Presto/2.10.167 Version/11.00"
154.63.201.152 - - [10/Mar/2022:11:47:10 -0500] "GET /initiative-leverage%20analyzer HTTP/1.1" 301 40 "-" "Mozilla/5.0 (Windows NT 5.1) AppleWebKit/5321 (KHTML, like Gecko) Chrome/36.0.805.0 Mobile Safari/5321"
215.5.21.54 - - [10/Mar/2022:11:47:11 -0500] "POST /extranet_interactive HTTP/1.1" 200 1643 "-" "Opera/10.36 (Macintosh; Intel Mac OS X 10_7_4; en-US) Presto/2.13.303 Version/10.00"
215.5.21.54 - - [10/Mar/2022:11:47:12 -0500] "POST /nonSensitiveAction HTTP/1.1" 400 63 "-" "Mozilla/5.0 (X11; Linux x86_64; rv:8.0) Gecko/1973-25-10 Firefox/36.0"
221.100.53.108 - - [10/Mar/2022:11:47:13 -0500] "GET /systematic/instruction%20set/stable_Configurable%20Triple-buffered HTTP/1.1" 200 1797 "-" "Mozilla/5.0 (Windows 95) AppleWebKit/5311 (KHTML, like Gecko) Chrome/37.0.894.0 Mobile Safari/5311"
154.63.201.152 - - [10/Mar/2022:11:47:14 -0500] "GET /login HTTP/1.1" 302 93 "-" "Opera/8.17 (X11; Linux i686; en-US) Presto/2.10.284 Version/13.00"
154.63.201.152 - - [10/Mar/2022:11:47:15 -0500] "GET /responsive-Grass-roots%20neutral HTTP/1.1" 200 2143 "-" "Mozilla/5.0 (X11; Linux x86_64) AppleWebKit/5320 (KHTML, like Gecko) Chrome/36.0.895.0 Mobile Safari/5320"
221.100.53.108 - - [10/Mar/2022:11:47:16 -0500] "GET /nonSensitiveAction HTTP/1.1" 200 1438 "-" "Mozilla/5.0 (Macintosh; U; PPC Mac OS X 10_5_9 rv:5.0; en-US) AppleWebKit/535.21.2 (KHTML, like Gecko) Version/6.2 Safari/535.21.2"
221.100.53.108 - - [10/Mar/2022:11:47:17 -0500] "GET /sensitiveAction HTTP/1.1" 200 827 "-" "Mozilla/5.0 (Windows 98; en-US; rv:1.9.2.20) Gecko/2019-20-07 Firefox/36.0"
215.5.21.54 - - [10/Mar/2022:11:47:18 -0500] "GET /login HTTP/1.1" 200 1914 "-" "Mozilla/5.0 (Macintosh; Intel Mac OS X 10_7_5 rv:7.0) Gecko/1960-18-01 Firefox/37.0"
221.100.53.108 - - [10/Mar/2022:11:47:19 -0500] "PUT /nonSensitiveAction HTTP/1.1" 200 2462 "-" "Mozilla/5.0 (Windows NT 5.0) AppleWebKit/5311 (KHTML, like Gecko) Chrome/39.0.834.0 Mobile Safari/5311"
221.100.53.108 - - [10/Mar/2022:11:47:20 -0500] "GET /knowledge%20base HTTP/1.1" 200 1040 "-" "Mozilla/5.0 (Windows 95; en-US; rv:1.9.1.20) Gecko/1949-10-12 Firefox/37.0"
221.100.53.108 - - [10/Mar/2022:11:47:21 -0500] "PUT /sensitiveAction HTTP/1.1" 200 891 "-" "Opera/10.50 (X11; Linux x86_64; en-US) Presto/2.9.205 Version/10.00"
221.100.53.108 - - [10/Mar/2022:11:47:22 -0500] "HEAD /login HTTP/1.1" 200 2516 "-" "Mozilla/5.0 (Macintosh; U; Intel Mac OS X 10_6_1) AppleWebKit/5331 (KHTML, like Gecko) Chrome/39.0.844.0 Mobile Safari/5331"
100.200.6.35 - - [10/Mar/2022:11:47:23 -0500] "GET /Ergonomic-leading%20edge HTTP/1.1" 200 1406 "-" "Opera/10.92 (Macintosh; U; PPC Mac OS X 10_7_6; en-US) Presto/2.8.300 Version/11.00"
215.5.21.54 - - [10/Mar/2022:11:47:24 -0500] "HEAD /attitude-oriented/Right-sized-Implemented HTTP/1.1" 200 2168 "-" "Opera/9.39 (Macintosh; U; PPC Mac OS X 10_8_9; en-US) Presto/2.12.260 Version/12.00"
221.100.53.108 - - [10/Mar/2022:11:47:25 -0500] "GET /anotherNonSensitiveAction HTTP/1.1" 200 2093 "-" "Opera/9.27 (Macintosh; U; PPC Mac OS X 10_6_1; en-US) Presto/2.13.168 Version/10.00"
140.85.152.154 - - [10/Mar/2022:11:47:26 -0500] "GET /anotherNonSensitiveAction HTTP/1.1" 200 3086 "-" "Mozilla/5.0 (Windows; U; Windows NT 4.0) AppleWebKit/533.51.2 (KHTML, like Gecko) Version/6.2 Safari/533.51.2"
140.85.152.154 - - [10/Mar/2022:11:47:27 -0500] "POST /Down-sized/systemic-value-added/Compatible/5th%20generation HTTP/1.1" 200 1756 "-" "Mozilla/5.0 (X11; Linux i686; rv:8.0) Gecko/2016-21-09 Firefox/36.0"
215.5.21.54 - - [10/Mar/2022:11:47:28 -0500] "GET /neural-net%20software-Proactive HTTP/1.1" 400 102 "-" "Mozilla/5.0 (X11; Linux x86_64; rv:5.0) Gecko/1952-30-11 Firefox/35.0"
140.85.152.154 - - [10/Mar/2022:11:47:29 -0500] "GET /sensitiveAction HTTP/1.1" 301 100 "-" "Mozilla/5.0 (Windows NT 6.0) AppleWebKit/5312 (KHTML, like Gecko) Chrome/38.0.805.0 Mobile Safari/5312"
215.5.21.54 - - [10/Mar/2022:11:47:30 -0500] "GET /login HTTP/1.1" 200 2574 "-" "Mozilla/5.0 (Windows NT 6.0) AppleWebKit/5310 (KHTML, like Gecko) Chrome/40.0.807.0 Mobile Safari/5310"
140.85.152.154 - - [10/Mar/2022:11:47:31 -0500] "GET /help-desk/Reverse-engineered/Open-architected/Diverse%20zero%20tolerance HTTP/1.1" 302 107 "-" "Mozilla/5.0 (Macintosh; PPC Mac OS X 10_5_0) AppleWebKit/5312 (KHTML, like Gecko) Chrome/39.0.871.0 Mobile Safari/5312"
140.85.152.154 - - [10/Mar/2022:11:47:32 -0500] "GET /nonSensitiveAction HTTP/1.1" 200 2215 "-" "Mozilla/5.0 (Macintosh; U; PPC Mac OS X 10_6_8 rv:6.0; en-US) AppleWebKit/534.10.4 (KHTML, like Gecko) Version/4.2 Safari/534.10.4"
140.85.152.154 - - [10/Mar/2022:11:47:33 -0500] "GET /nonSensitiveAction HTTP/1.1" 200 2483 "-" "Mozilla/5.0 (iPhone; CPU iPhone OS 7_2_2 like Mac OS X; en-US) AppleWebKit/531.26.2 (KHTML, like Gecko) Version/3.0.5 Mobile/8B112 Safari/6531.26.2"
215.5.21.54 - - [10/Mar/2022:11:47:34 -0500] "GET /sensitiveAction HTTP/1.1" 200 1704 "-" "Mozilla/5.0 (Windows 98) AppleWebKit/5320 (KHTML, like Gecko) Chrome/39.0.847.0 Mobile Safari/5320"
215.5.21.54 - - [10/Mar/2022:11:47:35 -0500] "GET /login HTTP/1.1" 200 1799 "-" "Mozilla/5.0 (Windows NT 6.2; en-US; rv:1.9.0.20) Gecko/1943-06-01 Firefox/37.0"
221.100.53.108 - - [10/Mar/2022:11:47:36 -0500] "DELETE /sensitiveAction HTTP/1.1" 200 2384 "-" "Mozilla/5.0 (X11; Linux i686; rv:6.0) Gecko/2015-12-10 Firefox/37.0"
215.5.21.54 - - [10/Mar/2022:11:47:37 -0500] "GET /nonSensitiveAction HTTP/1.1" 200 2746 "-" "Mozilla/5.0 (X11; Linux i686) AppleWebKit/5322 (KHTML, like Gecko) Chrome/40.0.878.0 Mobile Safari/5322"
154.63.201.152 - - [10/Mar/2022:11:47:38 -0500] "GET /sensitiveAction HTTP/1.1" 200 2223 "-" "Mozilla/5.0 (Windows NT 5.1) AppleWebKit/5331 (KHTML, like Gecko) Chrome/38.0.858.0 Mobile Safari/5331"
140.85.152.154 - - [10/Mar/2022:11:47:39 -0500] "GET /nonSensitiveAction HTTP/1.1" 404 108 "-" "Mozilla/5.0 (Macintosh; U; PPC Mac OS X 10_6_1) AppleWebKit/5330 (KHTML, like Gecko) Chrome/37.0.831.0 Mobile Safari/5330"
154.63.201.152 - - [10/Mar/2022:11:47:40 -0500] "HEAD /anotherNonSensitiveAction HTTP/1.1" 200 3097 "-" "Mozilla/5.0 (Macintosh; PPC Mac OS X 10_7_7) AppleWebKit/5311 (KHTML, like Gecko) Chrome/37.0.860.0 Mobile Safari/5311"
154.63.201.152 - - [10/Mar/2022:11:47:41 -0500] "GET /workforce_cohesive-user-facing HTTP/1.1" 200 1809 "-" "Mozilla/5.0 (Windows NT 5.1) AppleWebKit/5340 (KHTML, like Gecko) Chrome/39.0.832.0 Mobile Safari/5340"
154.63.201.152 - - [10/Mar/2022:11:47:42 -0500] "GET /login HTTP/1.1" 200 2086 "-" "Mozilla/5.0 (Windows NT 6.0) AppleWebKit/5342 (KHTML, like Gecko) Chrome/37.0.896.0 Mobile Safari/5342"
221.100.53.108 - - [10/Mar/2022:11:47:43 -0500] "HEAD /Exclusive/service-desk_intranet HTTP/1.1" 200 1157 "-" "Mozilla/5.0 (Macintosh; Intel Mac OS X 10_6_7 rv:5.0; en-US) AppleWebKit/535.41.6 (KHTML, like Gecko) Version/4.2 Safari/535.41.6"
100.200.6.35 - - [10/Mar/2022:11:47:44 -0500] "POST /sensitiveAction HTTP/1.1" 200 1169 "-" "Opera/10.26 (Windows 98; en-US) Presto/2.9.255 Version/10.00"
140.85.152.154 - - [10/Mar/2022:11:47:45 -0500] "GET /logistical-Fully-configurable HTTP/1.1" 200 1690 "-" "Mozilla/5.0 (Windows 98; Win 9x 4.90) AppleWebKit/5350 (KHTML, like Gecko) Chrome/36.0.800.0 Mobile Safari/5350"
221.100.53.108 - - [10/Mar/2022:11:47:46 -0500] "GET /open%20architecture HTTP/1.1" 200 2443 "-" "Mozilla/5.0 (Macintosh; U; PPC Mac OS X 10_5_10 rv:4.0) Gecko/1943-01-12 Firefox/37.0"
100.200.6.35 - - [10/Mar/2022:11:47:47 -0500] "DELETE /Monitored/empowering_Balanced/Centralized HTTP/1.1" 200 1047 "-" "Mozilla/5.0 (Macintosh; U; PPC Mac OS X 10_5_9 rv:4.0) Gecko/1969-01-02 Firefox/35.0"
221.100.53.108 - - [10/Mar/2022:11:47:48 -0500] "HEAD /function/Polarised%20needs-based_focus%20group HTTP/1.1" 200 1632 "-" "Mozilla/5.0 (Macintosh; U; Intel Mac OS X 10_6_8) AppleWebKit/5332 (KHTML, like Gecko) Chrome/40.0.830.0 Mobile Safari/5332"
