65.100.143.175 - - [10/Mar/2022:12:08:02 -0500] "GET /sensitiveAction HTTP/1.1" 200 2582 "-" "Opera/8.64 (Macintosh; PPC Mac OS X 10_6_0; en-US) Presto/2.9.228 Version/10.00"

74.174.144.167 - - [10/Mar/2022:12:08:03 -0500] "POST /encoding%20service-desk%20Managed-parallelism HTTP/1.1" 200 3045 "-" "Mozilla/5.0 (Windows; U; Windows NT 5.01) AppleWebKit/531.24.4 (KHTML, like Gecko) Version/6.1 Safari/531.24.4"

74.174.144.167 - - [10/Mar/2022:12:08:04 -0500] "GET /even-keeled_Graphic%20Interface/pricing%20structure%20adapter/Multi-tiered HTTP/1.1" 200 2474 "-" "Opera/10.42 (Windows NT 6.1; en-US) Presto/2.10.213 Version/13.00"

65.100.143.175 - - [10/Mar/2022:12:08:05 -0500] "PATCH /anotherNonSensitiveAction HTTP/1.1" 500 69 "-" "Mozilla/5.0 (Macintosh; PPC Mac OS X 10_8_7) AppleWebKit/5312 (KHTML, like Gecko) Chrome/39.0.868.0 Mobile Safari/5312"

118.13.141.14 - - [10/Mar/2022:12:08:06 -0500] "POST /5th%20generation_mission-critical%20Profound HTTP/1.1" 200 1668 "-" "Mozilla/5.0 (Windows NT 5.0) AppleWebKit/5362 (KHTML, like Gecko) Chrome/39.0.861.0 Mobile Safari/5362"

45.74.213.36 - - [10/Mar/2022:12:08:07 -0500] "POST /Versatile HTTP/1.1" 200 3055 "-" "Mozilla/5.0 (Macintosh; PPC Mac OS X 10_6_5 rv:3.0) Gecko/1965-17-04 Firefox/37.0"

118.13.141.14 - - [10/Mar/2022:12:08:08 -0500] "PUT /encryption/flexibility HTTP/1.1" 200 811 "-" "Mozilla/5.0 (iPhone; CPU iPhone OS 7_3_2 like Mac OS X; en-US) AppleWebKit/532.9.5 (KHTML, like Gecko) Version/5.0.5 Mobile/8B113 Safari/6532.9.5"

74.174.144.167 - - [10/Mar/2022:12:08:09 -0500] "GET /nonSensitiveAction HTTP/1.1" 200 1799 "-" "Mozilla/5.0 (X11; Linux x86_64; rv:8.0) Gecko/1912-22-03 Firefox/36.0"

118.13.141.14 - - [10/Mar/2022:12:08:10 -0500] "GET /orchestration/attitude-oriented_time-frame HTTP/1.1" 200 2970 "-" "Mozilla/5.0 (iPhone; CPU iPhone OS 8_0_3 like Mac OS X; en-US) AppleWebKit/534.24.2 (KHTML, like Gecko) Version/5.0.5 Mobile/8B116 Safari/6534.24.2"

25.43.100.52 - - [10/Mar/2022:12:08:11 -0500] "GET /Enterprise-wide%20system%20engine HTTP/1.1" 301 30 "-" "Mozilla/5.0 (Macintosh; Intel Mac OS X 10_7_7 rv:5.0) Gecko/2022-16-07 Firefox/36.0"

118.13.141.14 - - [10/Mar/2022:12:08:12 -0500] "GET /login HTTP/1.1" 200 1897 "-" "Mozilla/5.0 (Windows NT 6.0; en-US; rv:1.9.2.20) Gecko/1922-10-04 Firefox/35.0"

25.43.100.52 - - [10/Mar/2022:12:08:13 -0500] "GET /sensitiveAction HTTP/1.1" 200 2551 "-" "Mozilla/5.0 (X11; Linux i686) AppleWebKit/5332 (KHTML, like Gecko) Chrome/38.0.856.0 Mobile Safari/5332"

118.13.141.14 - - [10/Mar/2022:12:08:14 -0500] "GET /Persistent/Programmable/transitional/non-volatile HTTP/1.1" 200 1289 "-" "Mozilla/5.0 (Macintosh; Intel Mac OS X 10_5_8) AppleWebKit/5311 (KHTML, like Gecko) Chrome/37.0.881.0 Mobile Safari/5311"

74.174.144.167 - - [10/Mar/2022:12:08:15 -0500] "GET /anotherNonSensitiveAction HTTP/1.1" 200 2306 "-" "Mozilla/5.0 (Macintosh; U; Intel Mac OS X 10_5_7 rv:5.0) Gecko/1996-01-10 Firefox/35.0"

45.74.213.36 - - [10/Mar/2022:12:08:16 -0500] "POST /superstructure/Stand-alone%20help-desk/Face%20to%20face%20scalable HTTP/1.1" 404 66 "-" "Mozilla/5.0 (Windows NT 5.2) AppleWebKit/5350 (KHTML, like Gecko) Chrome/40.0.815.0 Mobile Safari/5350"

25.43.100.52 - - [10/Mar/2022:12:08:17 -0500] "HEAD /secured%20line%20foreground HTTP/1.1" 500 116 "-" "Mozilla/5.0 (Macintosh; PPC Mac OS X 10_9_4) AppleWebKit/5311 (KHTML, like Gecko) Chrome/36.0.815.0 Mobile Safari/5311"

25.43.100.52 - - [10/Mar/2022:12:08:18 -0500] "GET /ability/object-oriented HTTP/1.1" 301 42 "-" "Mozilla/5.0 (iPhone; CPU iPhone OS 8_0_1 like Mac OS X; en-US) AppleWebKit/536.22.5 (KHTML, like Gecko) Version/4.0.5 Mobile/8B119 Safari/6536.22.5"

65.100.143.175 - - [10/Mar/2022:12:08:19 -0500] "DELETE /anotherNonSensitiveAction HTTP/1.1" 400 90 "-" "Mozilla/5.0 (Macintosh; U; Intel Mac OS X 10_8_1 rv:3.0) Gecko/1921-17-02 Firefox/37.0"

74.174.144.167 - - [10/Mar/2022:12:08:20 -0500] "PATCH /anotherNonSensitiveAction HTTP/1.1" 200 2447 "-" "Mozilla/5.0 (X11; Linux x86_64; rv:7.0) Gecko/1992-10-06 Firefox/35.0"

65.100.143.175 - - [10/Mar/2022:12:08:21 -0500] "GET /nonSensitiveAction HTTP/1.1" 200 844 "-" "Mozilla/5.0 (Windows NT 4.0) AppleWebKit/5331 (KHTML, like Gecko) Chrome/39.0.894.0 Mobile Safari/5331"

25.43.100.52 - - [10/Mar/2022:12:08:22 -0500] "DELETE /non-volatile HTTP/1.1" 200 1239 "-" "Mozilla/5.0 (X11; Linux x86_64) AppleWebKit/5321 (KHTML, like Gecko) Chrome/40.0.874.0 Mobile Safari/5321"

74.174.144.167 - - [10/Mar/2022:12:08:23 -0500] "GET /anotherNonSensitiveAction HTTP/1.1" 200 1462 "-" "Mozilla/5.0 (Windows 95; en-US; rv:1.9.2.20) Gecko/2012-28-12 Firefox/37.0"

74.174.144.167 - - [10/Mar/2022:12:08:24 -0500] "POST /nonSensitiveAction HTTP/1.1" 200 2875 "-" "Mozilla/5.0 (X11; Linux x86_64) AppleWebKit/5362 (KHTML, like Gecko) Chrome/40.0.837.0 Mobile Safari/5362"

65.100.143.175 - - [10/Mar/2022:12:08:25 -0500] "GET /pricing%20structure_migration_time-frame HTTP/1.1" 200 1450 "-" "Opera/8.60 (Macintosh; PPC Mac OS X 10_9_0; en-US) Presto/2.13.320 Version/13.00"

65.100.143.175 - - [10/Mar/2022:12:08:26 -0500] "GET /nonSensitiveAction HTTP/1.1" 200 1445 "-" "Opera/8.91 (Windows CE; en-US) Presto/2.10.332 Version/12.00"

45.74.213.36 - - [10/Mar/2022:12:08:27 -0500] "GET /solution-oriented HTTP/1.1" 200 923 "-" "Mozilla/5.0 (Windows NT 5.1) AppleWebKit/5352 (KHTML, like Gecko) Chrome/36.0.881.0 Mobile Safari/5352"

25.43.100.52 - - [10/Mar/2022:12:08:28 -0500] "GET /sensitiveAction HTTP/1.1" 200 2672 "-" "Opera/9.82 (Windows 98; en-US) Presto/2.13.307 Version/13.00"

74.174.144.167 - - [10/Mar/2022:12:08:29 -0500] "GET /demand-driven%20Cross-platform/matrices-Inverse_zero%20defect HTTP/1.1" 200 2459 "-" "Opera/10.28 (Macintosh; U; Intel Mac OS X 10_5_0; en-US) Presto/2.8.256 Version/10.00"

74.174.144.167 - - [10/Mar/2022:12:08:30 -0500] "GET /Devolved-Object-based/Customizable/open%20system HTTP/1.1" 200 2214 "-" "Mozilla/5.0 (Windows; U; Windows NT 5.2) AppleWebKit/531.23.4 (KHTML, like Gecko) Version/4.1 Safari/531.23.4"

45.74.213.36 - - [10/Mar/2022:12:08:31 -0500] "GET /anotherNonSensitiveAction HTTP/1.1" 200 2644 "-" "Mozilla/5.0 (Windows 95) AppleWebKit/5312 (KHTML, like Gecko) Chrome/38.0.824.0 Mobile Safari/5312"

74.174.144.167 - - [10/Mar/2022:12:08:32 -0500] "GET /login HTTP/1.1" 200 2700 "-" "Opera/9.50 (Macintosh; Intel Mac OS X 10_7_9; en-US) Presto/2.8.214 Version/10.00"

25.43.100.52 - - [10/Mar/2022:12:08:33 -0500] "HEAD /object-oriented_homogeneous/local%20area%20network HTTP/1.1" 200 1639 "-" "Mozilla/5.0 (Windows; U; Windows 98; Win 9x 4.90) AppleWebKit/535.30.1 (KHTML, like Gecko) Version/6.1 Safari/535.30.1"

45.74.213.36 - - [10/Mar/2022:12:08:34 -0500] "PUT /systemic_help-desk/responsive/optimal_access HTTP/1.1" 200 2793 "-" "Mozilla/5.0 (Windows NT 6.1) AppleWebKit/5352 (KHTML, like Gecko) Chrome/40.0.877.0 Mobile Safari/5352"

118.13.141.14 - - [10/Mar/2022:12:08:35 -0500] "GET /nonSensitiveAction HTTP/1.1" 200 1433 "-" "Opera/9.21 (Macintosh; PPC Mac OS X 10_6_1; en-US) Presto/2.11.345 Version/11.00"

118.13.141.14 - - [10/Mar/2022:12:08:36 -0500] "GET /methodical/Automated HTTP/1.1" 200 1790 "-" "Opera/9.54 (X11; Linux x86_64; en-US) Presto/2.10.269 Version/13.00"

25.43.100.52 - - [10/Mar/2022:12:08:37 -0500] "GET /Extended%20user-facing HTTP/1.1" 302 89 "-" "Mozilla/5.0 (X11; Linux x86_64) AppleWebKit/5330 (KHTML, like Gecko) Chrome/38.0.801.0 Mobile Safari/5330"

45.74.213.36 - - [10/Mar/2022:12:08:38 -0500] "GET /knowledge%20base/function HTTP/1.1" 200 888 "-" "Mozilla/5.0 (Windows NT 6.0; en-US; rv:1.9.3.20) Gecko/1956-29-06 Firefox/37.0"

65.100.143.175 - - [10/Mar/2022:12:08:39 -0500] "DELETE /sensitiveAction HTTP/1.1" 200 3037 "-" "Mozilla/5.0 (X11; Linux i686; rv:8.0) Gecko/1948-29-06 Firefox/37.0"

25.43.100.52 - - [10/Mar/2022:12:08:40 -0500] "PATCH /Cross-platform-systematic-time-frame HTTP/1.1" 200 2417 "-" "Mozilla/5.0 (Macintosh; U; PPC Mac OS X 10_6_10 rv:3.0) Gecko/2002-07-03 Firefox/37.0"

25.43.100.52 - - [10/Mar/2022:12:08:41 -0500] "HEAD /tertiary%20needs-based HTTP/1.1" 200 1804 "-" "Mozilla/5.0 (Macintosh; PPC Mac OS X 10_7_8) AppleWebKit/5322 (KHTML, like Gecko) Chrome/39.0.839.0 Mobile Safari/5322"

25.43.100.52 - - [10/Mar/2022:12:08:42 -0500] "PUT /analyzing-database_holistic-leverage HTTP/1.1" 200 1094 "-" "Mozilla/5.0 (Windows; U; Windows NT 6.2) AppleWebKit/531.13.5 (KHTML, like Gecko) Version/6.0 Safari/531.13.5"

45.74.213.36 - - [10/Mar/2022:12:08:43 -0500] "GET /nonSensitiveAction HTTP/1.1" 200 1204 "-" "Opera/8.32 (Windows 98; en-US) Presto/2.12.184 Version/12.00"

74.174.144.167 - - [10/Mar/2022:12:08:44 -0500] "HEAD /nonSensitiveAction HTTP/1.1" 200 1298 "-" "Mozilla/5.0 (Macintosh; PPC Mac OS X 10_5_6) AppleWebKit/5341 (KHTML, like Gecko) Chrome/39.0.851.0 Mobile Safari/5341"

25.43.100.52 - - [10/Mar/2022:12:08:45 -0500] "GET /nonSensitiveAction HTTP/1.1" 200 2539 "-" "Mozilla/5.0 (X11; Linux i686) AppleWebKit/5310 (KHTML, like Gecko) Chrome/39.0.805.0 Mobile Safari/5310"

65.100.143.175 - - [10/Mar/2022:12:08:46 -0500] "PUT /login HTTP/1.1" 200 2543 "-" "Mozilla/5.0 (Windows; U; Windows NT 4.0) AppleWebKit/534.51.2 (KHTML, like Gecko) Version/6.1 Safari/534.51.2"

65.100.143.175 - - [10/Mar/2022:12:08:47 -0500] "GET /sensitiveAction HTTP/1.1" 200 1720 "-" "Mozilla/5.0 (Windows CE) AppleWebKit/5312 (KHTML, like Gecko) Chrome/37.0.869.0 Mobile Safari/5312"

65.100.143.175 - - [10/Mar/2022:12:08:48 -0500] "GET /sensitiveAction HTTP/1.1" 200 1589 "-" "Mozilla/5.0 (X11; Linux i686; rv:8.0) Gecko/2022-15-01 Firefox/37.0"

118.13.141.14 - - [10/Mar/2022:12:08:49 -0500] "GET /login HTTP/1.1" 200 2943 "-" "Mozilla/5.0 (Macintosh; U; Intel Mac OS X 10_7_7 rv:3.0) Gecko/2016-07-11 Firefox/35.0"

65.100.143.175 - - [10/Mar/2022:12:08:50 -0500] "GET /Re-contextualized_Ergonomic HTTP/1.1" 200 1740 "-" "Mozilla/5.0 (Macintosh; U; PPC Mac OS X 10_8_8 rv:5.0) Gecko/1921-01-03 Firefox/36.0"

118.13.141.14 - - [10/Mar/2022:12:08:51 -0500] "DELETE /nonSensitiveAction HTTP/1.1" 200 1979 "-" "Mozilla/5.0 (iPad; CPU OS 7_3_3 like Mac OS X; en-US) AppleWebKit/534.6.3 (KHTML, like Gecko) Version/3.0.5 Mobile/8B113 Safari/6534.6.3"

118.13.141.14 - - [10/Mar/2022:12:08:52 -0500] "HEAD /anotherNonSensitiveAction HTTP/1.1" 200 2520 "-" "Mozilla/5.0 (X11; Linux i686) AppleWebKit/5360 (KHTML, like Gecko) Chrome/39.0.894.0 Mobile Safari/5360"

45.74.213.36 - - [10/Mar/2022:12:08:53 -0500] "GET /intranet-De-engineered-Graphical%20User%20Interface/solution-oriented/array HTTP/1.1" 200 1258 "-" "Mozilla/5.0 (Windows NT 6.1) AppleWebKit/5350 (KHTML, like Gecko) Chrome/37.0.864.0 Mobile Safari/5350"

118.13.141.14 - - [10/Mar/2022:12:08:54 -0500] "GET /parallelism_zero%20defect/website HTTP/1.1" 200 2288 "-" "Mozilla/5.0 (Macintosh; PPC Mac OS X 10_5_10 rv:7.0) Gecko/2009-13-10 Firefox/35.0"

74.174.144.167 - - [10/Mar/2022:12:08:55 -0500] "HEAD /Streamlined%20Balanced%20architecture HTTP/1.1" 200 1161 "-" "Opera/10.70 (Macintosh; U; PPC Mac OS X 10_8_2; en-US) Presto/2.10.355 Version/12.00"

74.174.144.167 - - [10/Mar/2022:12:08:56 -0500] "PATCH /utilisation-clear-thinking%20incremental/analyzing HTTP/1.1" 200 3097 "-" "Mozilla/5.0 (Macintosh; U; PPC Mac OS X 10_6_4 rv:2.0) Gecko/1912-22-08 Firefox/36.0"

65.100.143.175 - - [10/Mar/2022:12:08:57 -0500] "GET /Innovative/next%20generation HTTP/1.1" 200 1386 "-" "Opera/10.76 (Macintosh; Intel Mac OS X 10_7_9; en-US) Presto/2.12.353 Version/11.00"

118.13.141.14 - - [10/Mar/2022:12:08:58 -0500] "DELETE /anotherNonSensitiveAction HTTP/1.1" 200 826 "-" "Opera/9.49 (Macintosh; Intel Mac OS X 10_5_8; en-US) Presto/2.12.272 Version/10.00"

118.13.141.14 - - [10/Mar/2022:12:08:59 -0500] "GET /Integrated/radical_Universal HTTP/1.1" 200 1165 "-" "Opera/9.58 (Macintosh; U; PPC Mac OS X 10_8_10; en-US) Presto/2.11.305 Version/12.00"

25.43.100.52 - - [10/Mar/2022:12:09:00 -0500] "GET /function%20high-level/algorithm/Synchronised HTTP/1.1" 200 1174 "-" "Mozilla/5.0 (Macintosh; PPC Mac OS X 10_7_10) AppleWebKit/5311 (KHTML, like Gecko) Chrome/38.0.822.0 Mobile Safari/5311"

118.13.141.14 - - [10/Mar/2022:12:09:01 -0500] "GET /login HTTP/1.1" 200 1660 "-" "Mozilla/5.0 (Windows NT 6.0) AppleWebKit/5341 (KHTML, like Gecko) Chrome/38.0.856.0 Mobile Safari/5341"

45.74.213.36 - - [10/Mar/2022:12:09:02 -0500] "GET /functionalities-systematic HTTP/1.1" 200 2041 "-" "Mozilla/5.0 (Macintosh; Intel Mac OS X 10_5_9 rv:4.0) Gecko/1911-07-03 Firefox/37.0"

25.43.100.52 - - [10/Mar/2022:12:09:03 -0500] "PUT /sensitiveAction HTTP/1.1" 200 1202 "-" "Mozilla/5.0 (Macintosh; U; PPC Mac OS X 10_5_1 rv:4.0) Gecko/2007-01-05 Firefox/37.0"

45.74.213.36 - - [10/Mar/2022:12:09:04 -0500] "HEAD /anotherNonSensitiveAction HTTP/1.1" 200 1226 "-" "Mozilla/5.0 (Macintosh; U; Intel Mac OS X 10_5_4) AppleWebKit/5342 (KHTML, like Gecko) Chrome/36.0.837.0 Mobile Safari/5342"

45.74.213.36 - - [10/Mar/2022:12:09:05 -0500] "GET /nonSensitiveAction HTTP/1.1" 200 1235 "-" "Mozilla/5.0 (Windows NT 5.1; en-US; rv:1.9.1.20) Gecko/1980-06-03 Firefox/36.0"

65.100.143.175 - - [10/Mar/2022:12:09:06 -0500] "POST /Grass-roots/Focused HTTP/1.1" 200 860 "-" "Mozilla/5.0 (Windows NT 5.01) AppleWebKit/5340 (KHTML, like Gecko) Chrome/36.0.823.0 Mobile Safari/5340"

74.174.144.167 - - [10/Mar/2022:12:09:07 -0500] "DELETE /sensitiveAction HTTP/1.1" 200 1326 "-" "Mozilla/5.0 (Windows 98; Win 9x 4.90) AppleWebKit/5360 (KHTML, like Gecko) Chrome/38.0.807.0 Mobile Safari/5360"

25.43.100.52 - - [10/Mar/2022:12:09:08 -0500] "PUT /access HTTP/1.1" 302 89 "-" "Mozilla/5.0 (Windows 98) AppleWebKit/5311 (KHTML, like Gecko) Chrome/40.0.831.0 Mobile Safari/5311"

118.13.141.14 - - [10/Mar/2022:12:09:09 -0500] "POST /sensitiveAction HTTP/1.1" 200 1977 "-" "Mozilla/5.0 (X11; Linux i686) AppleWebKit/5340 (KHTML, like Gecko) Chrome/40.0.869.0 Mobile Safari/5340"

74.174.144.167 - - [10/Mar/2022:12:09:10 -0500] "PUT /login HTTP/1.1" 200 2346 "-" "Mozilla/5.0 (X11; Linux x86_64) AppleWebKit/5310 (KHTML, like Gecko) Chrome/36.0.886.0 Mobile Safari/5310"

118.13.141.14 - - [10/Mar/2022:12:09:11 -0500] "GET /login HTTP/1.1" 200 1977 "-" "Opera/10.21 (Windows 95; en-US) Presto/2.11.268 Version/13.00"

74.174.144.167 - - [10/Mar/2022:12:09:12 -0500] "PATCH /sensitiveAction HTTP/1.1" 200 1599 "-" "Mozilla/5.0 (X11; Linux x86_64) AppleWebKit/5341 (KHTML, like Gecko) Chrome/38.0.818.0 Mobile Safari/5341"

45.74.213.36 - - [10/Mar/2022:12:09:13 -0500] "GET /anotherNonSensitiveAction HTTP/1.1" 500 30 "-" "Opera/10.65 (X11; Linux x86_64; en-US) Presto/2.8.166 Version/12.00"

74.174.144.167 - - [10/Mar/2022:12:09:14 -0500] "GET /anotherNonSensitiveAction HTTP/1.1" 200 2962 "-" "Mozilla/5.0 (Macintosh; Intel Mac OS X 10_7_5) AppleWebKit/5332 (KHTML, like Gecko) Chrome/38.0.808.0 Mobile Safari/5332"

45.74.213.36 - - [10/Mar/2022:12:09:15 -0500] "DELETE /nonSensitiveAction HTTP/1.1" 200 1256 "-" "Mozilla/5.0 (Macintosh; U; Intel Mac OS X 10_7_0 rv:3.0) Gecko/1901-16-03 Firefox/36.0"

45.74.213.36 - - [10/Mar/2022:12:09:16 -0500] "PATCH /nonSensitiveAction HTTP/1.1" 200 3061 "-" "Mozilla/5.0 (Macintosh; U; PPC Mac OS X 10_5_10) AppleWebKit/5361 (KHTML, like Gecko) Chrome/36.0.812.0 Mobile Safari/5361"

65.100.143.175 - - [10/Mar/2022:12:09:17 -0500] "DELETE /methodology/24%20hour HTTP/1.1" 200 2618 "-" "Mozilla/5.0 (Windows; U; Windows 98; Win 9x 4.90) AppleWebKit/534.1.6 (KHTML, like Gecko) Version/4.0 Safari/534.1.6"

45.74.213.36 - - [10/Mar/2022:12:09:18 -0500] "PATCH /Stand-alone HTTP/1.1" 200 1026 "-" "Opera/10.29 (Macintosh; PPC Mac OS X 10_6_4; en-US) Presto/2.10.184 Version/11.00"

65.100.143.175 - - [10/Mar/2022:12:09:19 -0500] "GET /nonSensitiveAction HTTP/1.1" 200 2813 "-" "Opera/8.62 (Windows 98; en-US) Presto/2.11.206 Version/11.00"

118.13.141.14 - - [10/Mar/2022:12:09:20 -0500] "GET /login HTTP/1.1" 200 2467 "-" "Opera/10.89 (X11; Linux i686; en-US) Presto/2.9.346 Version/13.00"

118.13.141.14 - - [10/Mar/2022:12:09:21 -0500] "GET /anotherNonSensitiveAction HTTP/1.1" 200 2822 "-" "Opera/10.86 (Macintosh; Intel Mac OS X 10_8_5; en-US) Presto/2.10.280 Version/11.00"

118.13.141.14 - - [10/Mar/2022:12:09:22 -0500] "PUT /asynchronous HTTP/1.1" 200 2703 "-" "Mozilla/5.0 (Macintosh; U; Intel Mac OS X 10_5_9) AppleWebKit/5312 (KHTML, like Gecko) Chrome/38.0.849.0 Mobile Safari/5312"

45.74.213.36 - - [10/Mar/2022:12:09:23 -0500] "GET /nonSensitiveAction HTTP/1.1" 301 80 "-" "Opera/10.27 (X11; Linux x86_64; en-US) Presto/2.8.230 Version/12.00"

65.100.143.175 - - [10/Mar/2022:12:09:24 -0500] "GET /tangible/grid-enabled-contingency HTTP/1.1" 200 800 "-" "Mozilla/5.0 (Windows 98; Win 9x 4.90; en-US; rv:1.9.1.20) Gecko/1988-25-01 Firefox/36.0"

118.13.141.14 - - [10/Mar/2022:12:09:25 -0500] "POST /Customer-focused/Virtual_Focused/incremental HTTP/1.1" 200 1510 "-" "Mozilla/5.0 (Windows 95) AppleWebKit/5320 (KHTML, like Gecko) Chrome/39.0.816.0 Mobile Safari/5320"

45.74.213.36 - - [10/Mar/2022:12:09:26 -0500] "GET /login HTTP/1.1" 200 2380 "-" "Mozilla/5.0 (Macintosh; U; PPC Mac OS X 10_6_8) AppleWebKit/5362 (KHTML, like Gecko) Chrome/39.0.865.0 Mobile Safari/5362"

45.74.213.36 - - [10/Mar/2022:12:09:27 -0500] "GET /capacity/Versatile/database-portal-empowering HTTP/1.1" 200 2301 "-" "Mozilla/5.0 (Windows NT 6.0; en-US; rv:1.9.0.20) Gecko/1996-06-12 Firefox/37.0"

45.74.213.36 - - [10/Mar/2022:12:09:28 -0500] "GET /anotherNonSensitiveAction HTTP/1.1" 200 1881 "-" "Mozilla/5.0 (X11; Linux x86_64) AppleWebKit/5320 (KHTML, like Gecko) Chrome/39.0.811.0 Mobile Safari/5320"

65.100.143.175 - - [10/Mar/2022:12:09:29 -0500] "GET /well-modulated/optimizing%20Object-based/Proactive HTTP/1.1" 200 2873 "-" "Mozilla/5.0 (Macintosh; U; PPC Mac OS X 10_6_8) AppleWebKit/5322 (KHTML, like Gecko) Chrome/38.0.886.0 Mobile Safari/5322"

65.100.143.175 - - [10/Mar/2022:12:09:30 -0500] "POST /nonSensitiveAction HTTP/1.1" 200 2895 "-" "Mozilla/5.0 (Macintosh; PPC Mac OS X 10_8_2) AppleWebKit/5362 (KHTML, like Gecko) Chrome/36.0.831.0 Mobile Safari/5362"

65.100.143.175 - - [10/Mar/2022:12:09:31 -0500] "POST /local-initiative-Ameliorated-Optional HTTP/1.1" 200 2732 "-" "Opera/8.65 (Windows 98; Win 9x 4.90; en-US) Presto/2.10.235 Version/13.00"

118.13.141.14 - - [10/Mar/2022:12:09:32 -0500] "GET /toolset/contingency-workforce HTTP/1.1" 200 1003 "-" "Mozilla/5.0 (iPad; CPU OS 9_0_1 like Mac OS X; en-US) AppleWebKit/532.5.3 (KHTML, like Gecko) Version/5.0.5 Mobile/8B114 Safari/6532.5.3"

118.13.141.14 - - [10/Mar/2022:12:09:33 -0500] "GET /optimizing-client-server/task-force/software HTTP/1.1" 500 36 "-" "Mozilla/5.0 (X11; Linux x86_64; rv:6.0) Gecko/1991-29-12 Firefox/35.0"

74.174.144.167 - - [10/Mar/2022:12:09:34 -0500] "HEAD /asymmetric%20fault-tolerant/Digitized HTTP/1.1" 200 2458 "-" "Opera/8.57 (X11; Linux x86_64; en-US) Presto/2.12.340 Version/11.00"

118.13.141.14 - - [10/Mar/2022:12:09:35 -0500] "GET /projection/Re-contextualized%20synergy/24%20hour HTTP/1.1" 200 2409 "-" "Mozilla/5.0 (X11; Linux i686) AppleWebKit/5310 (KHTML, like Gecko) Chrome/38.0.850.0 Mobile Safari/5310"

25.43.100.52 - - [10/Mar/2022:12:09:36 -0500] "DELETE /Public-key/Down-sized/open%20system/asynchronous/Customizable HTTP/1.1" 200 2204 "-" "Mozilla/5.0 (Macintosh; U; Intel Mac OS X 10_5_5 rv:3.0) Gecko/1984-05-06 Firefox/36.0"

65.100.143.175 - - [10/Mar/2022:12:09:37 -0500] "GET /anotherNonSensitiveAction HTTP/1.1" 200 2521 "-" "Mozilla/5.0 (Windows NT 5.2; en-US; rv:1.9.3.20) Gecko/1980-12-01 Firefox/37.0"

45.74.213.36 - - [10/Mar/2022:12:09:38 -0500] "HEAD /Profit-focused/attitude HTTP/1.1" 200 1050 "-" "Mozilla/5.0 (Windows NT 5.1) AppleWebKit/5312 (KHTML, like Gecko) Chrome/36.0.893.0 Mobile Safari/5312"

25.43.100.52 - - [10/Mar/2022:12:09:39 -0500] "GET /sensitiveAction HTTP/1.1" 200 3096 "-" "Opera/8.81 (Macintosh; U; Intel Mac OS X 10_6_2; en-US) Presto/2.13.280 Version/10.00"

45.74.213.36 - - [10/Mar/2022:12:09:40 -0500] "GET /login HTTP/1.1" 200 1926 "-" "Mozilla/5.0 (Macintosh; PPC Mac OS X 10_9_7) AppleWebKit/5330 (KHTML, like Gecko) Chrome/36.0.871.0 Mobile Safari/5330"

25.43.100.52 - - [10/Mar/2022:12:09:41 -0500] "POST /nonSensitiveAction HTTP/1.1" 200 2546 "-" "Opera/10.83 (Macintosh; Intel Mac OS X 10_8_3; en-US) Presto/2.13.269 Version/11.00"

118.13.141.14 - - [10/Mar/2022:12:09:42 -0500] "GET /Upgradable%20architecture%206th%20generation HTTP/1.1" 200 1628 "-" "Opera/9.68 (X11; Linux i686; en-US) Presto/2.13.181 Version/13.00"

74.174.144.167 - - [10/Mar/2022:12:09:43 -0500] "GET /login HTTP/1.1" 200 2046 "-" "Mozilla/5.0 (Macintosh; Intel Mac OS X 10_7_3) AppleWebKit/5351 (KHTML, like Gecko) Chrome/37.0.833.0 Mobile Safari/5351"

74.174.144.167 - - [10/Mar/2022:12:09:44 -0500] "GET /benchmark_transitional-hybrid-empowering HTTP/1.1" 200 1813 "-" "Mozilla/5.0 (Windows 95; en-US; rv:1.9.2.20) Gecko/1924-15-05 Firefox/35.0"

118.13.141.14 - - [10/Mar/2022:12:09:45 -0500] "GET /login HTTP/1.1" 200 2126 "-" "Mozilla/5.0 (Windows NT 6.2) AppleWebKit/5312 (KHTML, like Gecko) Chrome/40.0.891.0 Mobile Safari/5312"

74.174.144.167 - - [10/Mar/2022:12:09:46 -0500] "PUT /ability_product HTTP/1.1" 200 2346 "-" "Mozilla/5.0 (Macintosh; PPC Mac OS X 10_5_0 rv:6.0; en-US) AppleWebKit/532.14.3 (KHTML, like Gecko) Version/6.0 Safari/532.14.3"

118.13.141.14 - - [10/Mar/2022:12:09:47 -0500] "GET /login HTTP/1.1" 200 823 "-" "Mozilla/5.0 (X11; Linux i686) AppleWebKit/5320 (KHTML, like Gecko) Chrome/38.0.850.0 Mobile Safari/5320"

45.74.213.36 - - [10/Mar/2022:12:09:48 -0500] "GET /Intuitive HTTP/1.1" 200 2851 "-" "Mozilla/5.0 (X11; Linux i686; rv:7.0) Gecko/1957-06-03 Firefox/35.0"

118.13.141.14 - - [10/Mar/2022:12:09:49 -0500] "GET /Assimilated/Monitored/Multi-layered HTTP/1.1" 200 2347 "-" "Mozilla/5.0 (iPhone; CPU iPhone OS 9_2_2 like Mac OS X; en-US) AppleWebKit/531.33.5 (KHTML, like Gecko) Version/3.0.5 Mobile/8B117 Safari/6531.33.5"

45.74.213.36 - - [10/Mar/2022:12:09:50 -0500] "PATCH /Public-key HTTP/1.1" 200 1522 "-" "Mozilla/5.0 (X11; Linux i686) AppleWebKit/5352 (KHTML, like Gecko) Chrome/37.0.842.0 Mobile Safari/5352"

45.74.213.36 - - [10/Mar/2022:12:09:51 -0500] "PATCH /nonSensitiveAction HTTP/1.1" 400 51 "-" "Mozilla/5.0 (Windows 98) AppleWebKit/5322 (KHTML, like Gecko) Chrome/37.0.882.0 Mobile Safari/5322"

25.43.100.52 - - [10/Mar/2022:12:09:52 -0500] "GET /sensitiveAction HTTP/1.1" 200 1366 "-" "Mozilla/5.0 (Windows; U; Windows CE) AppleWebKit/531.36.7 (KHTML, like Gecko) Version/4.1 Safari/531.36.7"

65.100.143.175 - - [10/Mar/2022:12:09:53 -0500] "PATCH /portal-Cross-group HTTP/1.1" 302 97 "-" "Mozilla/5.0 (Macintosh; PPC Mac OS X 10_7_1) AppleWebKit/5320 (KHTML, like Gecko) Chrome/39.0.823.0 Mobile Safari/5320"

25.43.100.52 - - [10/Mar/2022:12:09:54 -0500] "GET /anotherNonSensitiveAction HTTP/1.1" 200 2422 "-" "Mozilla/5.0 (Macintosh; Intel Mac OS X 10_5_8 rv:6.0; en-US) AppleWebKit/536.32.5 (KHTML, like Gecko) Version/5.2 Safari/536.32.5"

65.100.143.175 - - [10/Mar/2022:12:09:55 -0500] "HEAD /login HTTP/1.1" 302 103 "-" "Mozilla/5.0 (Macintosh; PPC Mac OS X 10_5_6 rv:3.0) Gecko/1900-12-03 Firefox/36.0"

74.174.144.167 - - [10/Mar/2022:12:09:56 -0500] "GET /support HTTP/1.1" 200 2875 "-" "Opera/8.62 (Macintosh; U; PPC Mac OS X 10_9_9; en-US) Presto/2.10.346 Version/10.00"

74.174.144.167 - - [10/Mar/2022:12:09:57 -0500] "PUT /productivity_middleware HTTP/1.1" 200 2973 "-" "Mozilla/5.0 (Windows NT 6.1; en-US; rv:1.9.1.20) Gecko/1975-06-06 Firefox/35.0"

74.174.144.167 - - [10/Mar/2022:12:09:58 -0500] "POST /framework%20intranet-Reactive/standardization_knowledge%20base HTTP/1.1" 200 1607 "-" "Mozilla/5.0 (Macintosh; PPC Mac OS X 10_8_9) AppleWebKit/5361 (KHTML, like Gecko) Chrome/40.0.857.0 Mobile Safari/5361"

118.13.141.14 - - [10/Mar/2022:12:09:59 -0500] "GET /Inverse-zero%20tolerance_Automated HTTP/1.1" 200 2189 "-" "Mozilla/5.0 (Windows NT 4.0) AppleWebKit/5321 (KHTML, like Gecko) Chrome/36.0.848.0 Mobile Safari/5321"

25.43.100.52 - - [10/Mar/2022:12:10:00 -0500] "GET /anotherNonSensitiveAction HTTP/1.1" 200 2123 "-" "Mozilla/5.0 (X11; Linux x86_64) AppleWebKit/5310 (KHTML, like Gecko) Chrome/40.0.869.0 Mobile Safari/5310"

65.100.143.175 - - [10/Mar/2022:12:10:01 -0500] "GET /anotherNonSensitiveAction HTTP/1.1" 400 82 "-" "Mozilla/5.0 (X11; Linux i686; rv:6.0) Gecko/1906-07-04 Firefox/35.0"

45.74.213.36 - - [10/Mar/2022:12:10:02 -0500] "GET /login HTTP/1.1" 200 1678 "-" "Mozilla/5.0 (Windows NT 6.1) AppleWebKit/5321 (KHTML, like Gecko) Chrome/38.0.869.0 Mobile Safari/5321"

65.100.143.175 - - [10/Mar/2022:12:10:03 -0500] "GET /superstructure%20Self-enabling HTTP/1.1" 200 1737 "-" "Mozilla/5.0 (Windows; U; Windows NT 5.2) AppleWebKit/534.20.2 (KHTML, like Gecko) Version/5.2 Safari/534.20.2"

65.100.143.175 - - [10/Mar/2022:12:10:04 -0500] "POST /Open-source/systemic/intranet%20info-mediaries HTTP/1.1" 200 2126 "-" "Opera/10.40 (X11; Linux i686; en-US) Presto/2.9.330 Version/12.00"

25.43.100.52 - - [10/Mar/2022:12:10:05 -0500] "DELETE /sensitiveAction HTTP/1.1" 200 1508 "-" "Mozilla/5.0 (X11; Linux i686) AppleWebKit/5360 (KHTML, like Gecko) Chrome/39.0.835.0 Mobile Safari/5360"

118.13.141.14 - - [10/Mar/2022:12:10:06 -0500] "GET /login HTTP/1.1" 200 820 "-" "Mozilla/5.0 (Windows NT 5.01) AppleWebKit/5312 (KHTML, like Gecko) Chrome/39.0.801.0 Mobile Safari/5312"

118.13.141.14 - - [10/Mar/2022:12:10:07 -0500] "GET /anotherNonSensitiveAction HTTP/1.1" 200 1727 "-" "Mozilla/5.0 (X11; Linux x86_64) AppleWebKit/5312 (KHTML, like Gecko) Chrome/36.0.868.0 Mobile Safari/5312"

25.43.100.52 - - [10/Mar/2022:12:10:08 -0500] "GET /Automated_hierarchy-local_impactful-context-sensitive HTTP/1.1" 200 2057 "-" "Mozilla/5.0 (X11; Linux i686; rv:7.0) Gecko/1918-22-07 Firefox/37.0"

65.100.143.175 - - [10/Mar/2022:12:10:09 -0500] "GET /login HTTP/1.1" 200 1277 "-" "Mozilla/5.0 (Windows NT 6.1) AppleWebKit/5360 (KHTML, like Gecko) Chrome/40.0.800.0 Mobile Safari/5360"

118.13.141.14 - - [10/Mar/2022:12:10:10 -0500] "GET /anotherNonSensitiveAction HTTP/1.1" 200 1090 "-" "Opera/10.83 (X11; Linux x86_64; en-US) Presto/2.11.263 Version/11.00"

45.74.213.36 - - [10/Mar/2022:12:10:11 -0500] "GET /neural-net/holistic-attitude-oriented HTTP/1.1" 200 2464 "-" "Opera/9.95 (Windows NT 5.0; en-US) Presto/2.12.334 Version/10.00"

65.100.143.175 - - [10/Mar/2022:12:10:12 -0500] "HEAD /Inverse/flexibility-Team-oriented_Versatile/service-desk HTTP/1.1" 200 2068 "-" "Mozilla/5.0 (Macintosh; PPC Mac OS X 10_5_7) AppleWebKit/5320 (KHTML, like Gecko) Chrome/39.0.825.0 Mobile Safari/5320"

25.43.100.52 - - [10/Mar/2022:12:10:13 -0500] "PATCH /login HTTP/1.1" 200 1447 "-" "Opera/8.92 (Macintosh; U; PPC Mac OS X 10_5_2; en-US) Presto/2.13.294 Version/12.00"

45.74.213.36 - - [10/Mar/2022:12:10:14 -0500] "GET /Virtual_moderator/hardware HTTP/1.1" 200 2007 "-" "Mozilla/5.0 (Macintosh; PPC Mac OS X 10_9_2) AppleWebKit/5340 (KHTML, like Gecko) Chrome/36.0.873.0 Mobile Safari/5340"

118.13.141.14 - - [10/Mar/2022:12:10:15 -0500] "GET /Upgradable-Object-based-extranet/grid-enabled HTTP/1.1" 200 2883 "-" "Mozilla/5.0 (X11; Linux x86_64) AppleWebKit/5342 (KHTML, like Gecko) Chrome/40.0.811.0 Mobile Safari/5342"

65.100.143.175 - - [10/Mar/2022:12:10:16 -0500] "PUT /sensitiveAction HTTP/1.1" 200 2260 "-" "Opera/8.83 (Windows NT 5.01; en-US) Presto/2.9.203 Version/10.00"

25.43.100.52 - - [10/Mar/2022:12:10:17 -0500] "GET /database-secured%20line/open%20system-global/national HTTP/1.1" 200 2817 "-" "Mozilla/5.0 (X11; Linux x86_64) AppleWebKit/5310 (KHTML, like Gecko) Chrome/37.0.895.0 Mobile Safari/5310"

74.174.144.167 - - [10/Mar/2022:12:10:18 -0500] "PUT /upward-trending-architecture HTTP/1.1" 200 1217 "-" "Mozilla/5.0 (X11; Linux x86_64) AppleWebKit/5321 (KHTML, like Gecko) Chrome/37.0.888.0 Mobile Safari/5321"

118.13.141.14 - - [10/Mar/2022:12:10:19 -0500] "GET /global/Switchable/neural-net-attitude HTTP/1.1" 200 2157 "-" "Mozilla/5.0 (Macintosh; U; Intel Mac OS X 10_6_3) AppleWebKit/5340 (KHTML, like Gecko) Chrome/37.0.898.0 Mobile Safari/5340"

74.174.144.167 - - [10/Mar/2022:12:10:20 -0500] "GET /login HTTP/1.1" 200 2751 "-" "Mozilla/5.0 (Windows NT 5.1; en-US; rv:1.9.3.20) Gecko/1997-09-09 Firefox/35.0"

45.74.213.36 - - [10/Mar/2022:12:10:21 -0500] "PATCH /nonSensitiveAction HTTP/1.1" 500 53 "-" "Mozilla/5.0 (Windows; U; Windows NT 5.1) AppleWebKit/531.39.7 (KHTML, like Gecko) Version/4.0 Safari/531.39.7"

25.43.100.52 - - [10/Mar/2022:12:10:22 -0500] "GET /needs-based HTTP/1.1" 200 1202 "-" "Mozilla/5.0 (Windows CE) AppleWebKit/5362 (KHTML, like Gecko) Chrome/39.0.875.0 Mobile Safari/5362"

74.174.144.167 - - [10/Mar/2022:12:10:23 -0500] "GET /Programmable/transitional HTTP/1.1" 200 809 "-" "Mozilla/5.0 (Windows; U; Windows NT 4.0) AppleWebKit/532.47.7 (KHTML, like Gecko) Version/5.2 Safari/532.47.7"

25.43.100.52 - - [10/Mar/2022:12:10:24 -0500] "GET /secondary-Ameliorated-Extended HTTP/1.1" 200 2550 "-" "Opera/9.23 (Windows CE; en-US) Presto/2.11.263 Version/10.00"

25.43.100.52 - - [10/Mar/2022:12:10:25 -0500] "POST /bifurcated HTTP/1.1" 302 78 "-" "Mozilla/5.0 (Macintosh; PPC Mac OS X 10_8_9) AppleWebKit/5320 (KHTML, like Gecko) Chrome/38.0.846.0 Mobile Safari/5320"

45.74.213.36 - - [10/Mar/2022:12:10:26 -0500] "HEAD /anotherNonSensitiveAction HTTP/1.1" 200 2345 "-" "Mozilla/5.0 (X11; Linux x86_64; rv:5.0) Gecko/1993-04-10 Firefox/36.0"

74.174.144.167 - - [10/Mar/2022:12:10:27 -0500] "GET /anotherNonSensitiveAction HTTP/1.1" 200 1237 "-" "Opera/9.66 (X11; Linux x86_64; en-US) Presto/2.12.343 Version/10.00"

65.100.143.175 - - [10/Mar/2022:12:10:28 -0500] "GET /nonSensitiveAction HTTP/1.1" 200 1018 "-" "Mozilla/5.0 (Windows CE) AppleWebKit/5351 (KHTML, like Gecko) Chrome/39.0.854.0 Mobile Safari/5351"

74.174.144.167 - - [10/Mar/2022:12:10:29 -0500] "HEAD /moderator HTTP/1.1" 302 78 "-" "Mozilla/5.0 (Windows; U; Windows NT 4.0) AppleWebKit/532.12.3 (KHTML, like Gecko) Version/6.0 Safari/532.12.3"

65.100.143.175 - - [10/Mar/2022:12:10:30 -0500] "GET /Polarised/methodology HTTP/1.1" 200 2713 "-" "Mozilla/5.0 (Windows NT 6.0; en-US; rv:1.9.1.20) Gecko/2008-06-12 Firefox/37.0"

118.13.141.14 - - [10/Mar/2022:12:10:31 -0500] "GET /interactive-benchmark/Re-contextualized-clear-thinking-Synergized HTTP/1.1" 200 1982 "-" "Mozilla/5.0 (X11; Linux x86_64) AppleWebKit/5340 (KHTML, like Gecko) Chrome/39.0.820.0 Mobile Safari/5340"

118.13.141.14 - - [10/Mar/2022:12:10:32 -0500] "GET /nonSensitiveAction HTTP/1.1" 200 1136 "-" "Mozilla/5.0 (Windows; U; Windows 98) AppleWebKit/531.31.7 (KHTML, like Gecko) Version/6.0 Safari/531.31.7"

65.100.143.175 - - [10/Mar/2022:12:10:33 -0500] "GET /success-Integrated/secondary HTTP/1.1" 200 2350 "-" "Mozilla/5.0 (X11; Linux x86_64) AppleWebKit/5312 (KHTML, like Gecko) Chrome/37.0.838.0 Mobile Safari/5312"

74.174.144.167 - - [10/Mar/2022:12:10:34 -0500] "POST /Front-line HTTP/1.1" 302 35 "-" "Mozilla/5.0 (Macintosh; PPC Mac OS X 10_6_5) AppleWebKit/5311 (KHTML, like Gecko) Chrome/39.0.882.0 Mobile Safari/5311"

45.74.213.36 - - [10/Mar/2022:12:10:35 -0500] "GET /nonSensitiveAction HTTP/1.1" 200 2810 "-" "Mozilla/5.0 (Windows NT 5.1; en-US; rv:1.9.0.20) Gecko/1945-16-12 Firefox/35.0"

65.100.143.175 - - [10/Mar/2022:12:10:36 -0500] "PATCH /budgetary%20management-Persistent/Up-sized_Upgradable HTTP/1.1" 200 1863 "-" "Mozilla/5.0 (Macintosh; U; Intel Mac OS X 10_6_0 rv:7.0) Gecko/1925-25-04 Firefox/35.0"

45.74.213.36 - - [10/Mar/2022:12:10:37 -0500] "POST /Organic_Adaptive%20Public-key HTTP/1.1" 200 2278 "-" "Mozilla/5.0 (Macintosh; Intel Mac OS X 10_7_0 rv:6.0) Gecko/1908-13-02 Firefox/35.0"

65.100.143.175 - - [10/Mar/2022:12:10:38 -0500] "GET /moratorium%20emulation HTTP/1.1" 200 1881 "-" "Mozilla/5.0 (X11; Linux x86_64) AppleWebKit/5360 (KHTML, like Gecko) Chrome/40.0.836.0 Mobile Safari/5360"

74.174.144.167 - - [10/Mar/2022:12:10:39 -0500] "GET /Virtual/open%20architecture HTTP/1.1" 200 2987 "-" "Opera/10.83 (Macintosh; PPC Mac OS X 10_9_7; en-US) Presto/2.11.191 Version/12.00"

65.100.143.175 - - [10/Mar/2022:12:10:40 -0500] "PUT /login HTTP/1.1" 200 2210 "-" "Opera/9.65 (X11; Linux x86_64; en-US) Presto/2.11.225 Version/11.00"

45.74.213.36 - - [10/Mar/2022:12:10:41 -0500] "GET /login HTTP/1.1" 301 109 "-" "Opera/8.84 (Macintosh; PPC Mac OS X 10_7_3; en-US) Presto/2.12.297 Version/10.00"

74.174.144.167 - - [10/Mar/2022:12:10:42 -0500] "DELETE /anotherNonSensitiveAction HTTP/1.1" 200 898 "-" "Mozilla/5.0 (Windows NT 6.0) AppleWebKit/5362 (KHTML, like Gecko) Chrome/36.0.811.0 Mobile Safari/5362"

45.74.213.36 - - [10/Mar/2022:12:10:43 -0500] "GET /full-range HTTP/1.1" 200 2163 "-" "Mozilla/5.0 (X11; Linux i686; rv:7.0) Gecko/1949-30-09 Firefox/37.0"

118.13.141.14 - - [10/Mar/2022:12:10:44 -0500] "GET /nonSensitiveAction HTTP/1.1" 200 2549 "-" "Mozilla/5.0 (Macintosh; U; Intel Mac OS X 10_7_0 rv:5.0; en-US) AppleWebKit/533.22.1 (KHTML, like Gecko) Version/4.2 Safari/533.22.1"

25.43.100.52 - - [10/Mar/2022:12:10:45 -0500] "GET /sensitiveAction HTTP/1.1" 200 1712 "-" "Mozilla/5.0 (Macintosh; PPC Mac OS X 10_9_1) AppleWebKit/5341 (KHTML, like Gecko) Chrome/36.0.871.0 Mobile Safari/5341"

74.174.144.167 - - [10/Mar/2022:12:10:46 -0500] "GET /support HTTP/1.1" 200 2385 "-" "Mozilla/5.0 (Windows 95; en-US; rv:1.9.1.20) Gecko/1956-11-05 Firefox/37.0"

74.174.144.167 - - [10/Mar/2022:12:10:47 -0500] "GET /nonSensitiveAction HTTP/1.1" 200 2790 "-" "Mozilla/5.0 (iPad; CPU OS 8_0_3 like Mac OS X; en-US) AppleWebKit/531.7.7 (KHTML, like Gecko) Version/3.0.5 Mobile/8B120 Safari/6531.7.7"

25.43.100.52 - - [10/Mar/2022:12:10:48 -0500] "GET /nonSensitiveAction HTTP/1.1" 200 2903 "-" "Mozilla/5.0 (Windows; U; Windows NT 5.01) AppleWebKit/534.32.2 (KHTML, like Gecko) Version/6.1 Safari/534.32.2"

25.43.100.52 - - [10/Mar/2022:12:10:49 -0500] "PUT /methodical HTTP/1.1" 200 2625 "-" "Mozilla/5.0 (iPhone; CPU iPhone OS 9_1_3 like Mac OS X; en-US) AppleWebKit/534.49.3 (KHTML, like Gecko) Version/4.0.5 Mobile/8B119 Safari/6534.49.3"

74.174.144.167 - - [10/Mar/2022:12:10:50 -0500] "PUT /anotherNonSensitiveAction HTTP/1.1" 200 2405 "-" "Opera/10.37 (Macintosh; PPC Mac OS X 10_5_9; en-US) Presto/2.13.308 Version/10.00"

45.74.213.36 - - [10/Mar/2022:12:10:51 -0500] "GET /zero%20administration%20Upgradable/motivating HTTP/1.1" 200 1462 "-" "Mozilla/5.0 (Macintosh; Intel Mac OS X 10_7_9) AppleWebKit/5322 (KHTML, like Gecko) Chrome/36.0.817.0 Mobile Safari/5322"

45.74.213.36 - - [10/Mar/2022:12:10:52 -0500] "GET /portal%20Inverse/policy%20Business-focused HTTP/1.1" 200 2318 "-" "Mozilla/5.0 (X11; Linux i686) AppleWebKit/5311 (KHTML, like Gecko) Chrome/36.0.861.0 Mobile Safari/5311"

118.13.141.14 - - [10/Mar/2022:12:10:53 -0500] "GET /nonSensitiveAction HTTP/1.1" 200 2502 "-" "Mozilla/5.0 (Macintosh; U; PPC Mac OS X 10_7_2) AppleWebKit/5361 (KHTML, like Gecko) Chrome/40.0.884.0 Mobile Safari/5361"

25.43.100.52 - - [10/Mar/2022:12:10:54 -0500] "POST /anotherNonSensitiveAction HTTP/1.1" 200 1420 "-" "Mozilla/5.0 (Windows 98; Win 9x 4.90; en-US; rv:1.9.1.20) Gecko/1980-30-03 Firefox/37.0"

45.74.213.36 - - [10/Mar/2022:12:10:55 -0500] "GET /sensitiveAction HTTP/1.1" 200 1657 "-" "Mozilla/5.0 (Macintosh; U; PPC Mac OS X 10_8_6 rv:3.0) Gecko/1939-10-03 Firefox/36.0"

74.174.144.167 - - [10/Mar/2022:12:10:56 -0500] "GET /optimizing HTTP/1.1" 200 1587 "-" "Mozilla/5.0 (X11; Linux x86_64; rv:5.0) Gecko/1918-05-05 Firefox/37.0"

65.100.143.175 - - [10/Mar/2022:12:10:57 -0500] "GET /login HTTP/1.1" 200 1000 "-" "Mozilla/5.0 (X11; Linux x86_64) AppleWebKit/5351 (KHTML, like Gecko) Chrome/38.0.802.0 Mobile Safari/5351"

25.43.100.52 - - [10/Mar/2022:12:10:58 -0500] "PUT /framework/model HTTP/1.1" 200 1443 "-" "Mozilla/5.0 (Windows; U; Windows NT 5.01) AppleWebKit/532.28.3 (KHTML, like Gecko) Version/5.0 Safari/532.28.3"

74.174.144.167 - - [10/Mar/2022:12:10:59 -0500] "DELETE /secured%20line%20intangible/Switchable_conglomeration/demand-driven HTTP/1.1" 200 1810 "-" "Mozilla/5.0 (Windows; U; Windows 98) AppleWebKit/536.44.6 (KHTML, like Gecko) Version/4.2 Safari/536.44.6"

74.174.144.167 - - [10/Mar/2022:12:11:00 -0500] "PUT /well-modulated/moratorium%20Customer-focused HTTP/1.1" 200 1452 "-" "Mozilla/5.0 (Macintosh; U; Intel Mac OS X 10_9_0) AppleWebKit/5330 (KHTML, like Gecko) Chrome/37.0.873.0 Mobile Safari/5330"

25.43.100.52 - - [10/Mar/2022:12:11:01 -0500] "HEAD /Re-contextualized-secondary HTTP/1.1" 200 1424 "-" "Mozilla/5.0 (Macintosh; Intel Mac OS X 10_6_7) AppleWebKit/5361 (KHTML, like Gecko) Chrome/37.0.878.0 Mobile Safari/5361"

74.174.144.167 - - [10/Mar/2022:12:11:02 -0500] "POST /anotherNonSensitiveAction HTTP/1.1" 200 1210 "-" "Mozilla/5.0 (Macintosh; U; PPC Mac OS X 10_8_3 rv:6.0) Gecko/1932-05-03 Firefox/36.0"

25.43.100.52 - - [10/Mar/2022:12:11:03 -0500] "GET /Fully-configurable_client-server-extranet HTTP/1.1" 200 2496 "-" "Opera/10.23 (X11; Linux x86_64; en-US) Presto/2.13.231 Version/13.00"

65.100.143.175 - - [10/Mar/2022:12:11:04 -0500] "GET /heuristic/Vision-oriented-homogeneous-help-desk-success HTTP/1.1" 500 83 "-" "Mozilla/5.0 (Windows NT 5.0; en-US; rv:1.9.0.20) Gecko/1995-21-07 Firefox/35.0"

118.13.141.14 - - [10/Mar/2022:12:11:05 -0500] "HEAD /anotherNonSensitiveAction HTTP/1.1" 200 1217 "-" "Opera/10.58 (Windows NT 5.01; en-US) Presto/2.13.256 Version/10.00"

118.13.141.14 - - [10/Mar/2022:12:11:06 -0500] "POST /Assimilated-monitoring HTTP/1.1" 200 1612 "-" "Mozilla/5.0 (Windows NT 5.0; en-US; rv:1.9.1.20) Gecko/1946-26-02 Firefox/36.0"

25.43.100.52 - - [10/Mar/2022:12:11:07 -0500] "GET /nonSensitiveAction HTTP/1.1" 200 2420 "-" "Opera/8.35 (X11; Linux x86_64; en-US) Presto/2.11.269 Version/12.00"

45.74.213.36 - - [10/Mar/2022:12:11:08 -0500] "GET /nonSensitiveAction HTTP/1.1" 400 71 "-" "Mozilla/5.0 (X11; Linux i686; rv:7.0) Gecko/1907-10-03 Firefox/35.0"

65.100.143.175 - - [10/Mar/2022:12:11:09 -0500] "GET /high-level_Optimized%2024%20hour-Synergistic/Fully-configurable HTTP/1.1" 301 94 "-" "Opera/10.28 (Macintosh; U; Intel Mac OS X 10_6_9; en-US) Presto/2.9.298 Version/11.00"

118.13.141.14 - - [10/Mar/2022:12:11:10 -0500] "GET /nonSensitiveAction HTTP/1.1" 400 48 "-" "Opera/10.37 (X11; Linux i686; en-US) Presto/2.8.195 Version/11.00"

74.174.144.167 - - [10/Mar/2022:12:11:11 -0500] "GET /nonSensitiveAction HTTP/1.1" 200 2277 "-" "Mozilla/5.0 (Macintosh; U; PPC Mac OS X 10_5_10 rv:5.0; en-US) AppleWebKit/535.2.8 (KHTML, like Gecko) Version/5.0 Safari/535.2.8"

25.43.100.52 - - [10/Mar/2022:12:11:12 -0500] "GET /nonSensitiveAction HTTP/1.1" 200 1069 "-" "Opera/10.42 (X11; Linux i686; en-US) Presto/2.9.283 Version/11.00"

45.74.213.36 - - [10/Mar/2022:12:11:13 -0500] "DELETE /nonSensitiveAction HTTP/1.1" 200 2935 "-" "Mozilla/5.0 (Windows; U; Windows NT 6.1) AppleWebKit/531.45.5 (KHTML, like Gecko) Version/6.0 Safari/531.45.5"

25.43.100.52 - - [10/Mar/2022:12:11:14 -0500] "PATCH /login HTTP/1.1" 200 2251 "-" "Opera/9.11 (Macintosh; U; Intel Mac OS X 10_5_7; en-US) Presto/2.11.261 Version/12.00"

65.100.143.175 - - [10/Mar/2022:12:11:15 -0500] "GET /Sharable HTTP/1.1" 200 2234 "-" "Opera/10.58 (Macintosh; PPC Mac OS X 10_9_5; en-US) Presto/2.10.196 Version/11.00"

74.174.144.167 - - [10/Mar/2022:12:11:16 -0500] "PUT /definition HTTP/1.1" 200 2880 "-" "Mozilla/5.0 (Macintosh; Intel Mac OS X 10_9_0 rv:4.0) Gecko/1985-12-10 Firefox/35.0"

65.100.143.175 - - [10/Mar/2022:12:11:17 -0500] "DELETE /web-enabled_attitude%20human-resource/static HTTP/1.1" 200 1787 "-" "Mozilla/5.0 (Macintosh; U; PPC Mac OS X 10_7_4 rv:5.0) Gecko/2015-24-09 Firefox/35.0"

118.13.141.14 - - [10/Mar/2022:12:11:18 -0500] "PATCH /sensitiveAction HTTP/1.1" 200 1255 "-" "Opera/8.65 (Windows NT 5.0; en-US) Presto/2.8.174 Version/12.00"

45.74.213.36 - - [10/Mar/2022:12:11:19 -0500] "HEAD /nonSensitiveAction HTTP/1.1" 404 82 "-" "Mozilla/5.0 (Macintosh; U; Intel Mac OS X 10_8_3) AppleWebKit/5350 (KHTML, like Gecko) Chrome/38.0.841.0 Mobile Safari/5350"

74.174.144.167 - - [10/Mar/2022:12:11:20 -0500] "GET /core/Innovative-Graphic%20Interface/application/Open-architected HTTP/1.1" 400 82 "-" "Mozilla/5.0 (Windows NT 6.1) AppleWebKit/5332 (KHTML, like Gecko) Chrome/39.0.870.0 Mobile Safari/5332"

118.13.141.14 - - [10/Mar/2022:12:11:21 -0500] "GET /nonSensitiveAction HTTP/1.1" 500 67 "-" "Mozilla/5.0 (X11; Linux x86_64) AppleWebKit/5350 (KHTML, like Gecko) Chrome/37.0.843.0 Mobile Safari/5350"

23
